clock_18xx_43xx.h:137:22:Chip_Clock_DisableMainPLL	8	static
clock_18xx_43xx.c:80:26:ABS	16	static
clock_18xx_43xx.c:87:13:pll_calc_divs	40	static
clock_18xx_43xx.c:127:13:pll_get_frac	136	static
clock_18xx_43xx.c:183:17:Chip_Clock_TestMainPLLMultiplier	32	static
clock_18xx_43xx.c:195:17:Chip_Clock_GetDivRate	32	static
clock_18xx_43xx.c:206:28:Chip_Clock_FindBaseClock	24	static
clock_18xx_43xx.c:228:6:Chip_Clock_EnableCrystal	16	static
clock_18xx_43xx.c:253:5:Chip_Clock_CalcMainPLLValue	16	static
clock_18xx_43xx.c:289:6:Chip_Clock_DisableCrystal	8	static
clock_18xx_43xx.c:296:10:Chip_Clock_SetupMainPLLHz	56	static
clock_18xx_43xx.c:356:10:Chip_Clock_SetupMainPLLMult	48	static
clock_18xx_43xx.c:402:10:Chip_Clock_GetMainPLLHz	64	static
clock_18xx_43xx.c:433:6:Chip_Clock_SetDivider	24	static
clock_18xx_43xx.c:452:18:Chip_Clock_GetDividerSource	24	static
clock_18xx_43xx.c:464:10:Chip_Clock_GetDividerDivisor	16	static
clock_18xx_43xx.c:470:10:Chip_Clock_GetClockInputHz	24	static
clock_18xx_43xx.c:550:10:Chip_Clock_GetBaseClocktHz	16	static
clock_18xx_43xx.c:556:6:Chip_Clock_SetBaseClock	32	static
clock_18xx_43xx.c:584:6:Chip_Clock_GetBaseClockOpts	40	static
clock_18xx_43xx.c:604:6:Chip_Clock_EnableBaseClock	16	static
clock_18xx_43xx.c:612:6:Chip_Clock_DisableBaseClock	16	static
clock_18xx_43xx.c:620:6:Chip_Clock_IsBaseClockEnabled	24	static
clock_18xx_43xx.c:635:18:Chip_Clock_GetBaseClock	24	static
clock_18xx_43xx.c:654:6:Chip_Clock_EnableOpts	32	static
clock_18xx_43xx.c:681:6:Chip_Clock_Enable	16	static
clock_18xx_43xx.c:693:6:Chip_Clock_RTCEnable	8	static
clock_18xx_43xx.c:700:6:Chip_Clock_Disable	16	static
clock_18xx_43xx.c:716:6:Chip_Clock_StartPowerDown	8	static
clock_18xx_43xx.c:727:6:Chip_Clock_ClearPowerDown	8	static
clock_18xx_43xx.c:735:10:Chip_Clock_GetRate	40	static
clock_18xx_43xx.c:774:10:Chip_Clock_GetEMCRate	16	static
clock_18xx_43xx.c:793:6:Chip_Clock_SetupPLL	24	static
clock_18xx_43xx.c:811:6:Chip_Clock_EnablePLL	16	static
clock_18xx_43xx.c:817:6:Chip_Clock_DisablePLL	16	static
clock_18xx_43xx.c:823:10:Chip_Clock_GetPLLStatus	16	static
