core_cm0.h:515:22:NVIC_EnableIRQ	16	static
core_cm0.h:527:22:NVIC_DisableIRQ	16	static
ciaa_multicore_api_m0.h:144:20:ipc_queue_sanity_check	24	static
ciaa_multicore_api_m0.h:161:24:ipc_queue_data_count	16	static
ciaa_multicore_api_m0.h:170:20:ipc_queue_is_full	16	static
ciaa_multicore_api_m0.h:179:20:ipc_queue_is_empty	16	static
ciaa_multicore_api_m0.h:188:20:ipc_queue_is_valid	16	static
ciaa_multicore_api_m0.h:256:19:ipc_msg_try_pop	16	static
ciaa_multicore_api_m0.h:268:19:ipc_msg_push	16	static
ciaa_multicore_api_m0.c:31:13:ipc_dispatch_task	40	static
ciaa_multicore_api_m0.c:46:13:ipc_global_update	16	static
ciaa_multicore_api_m0.c:64:13:ipc_send_signal	8	static
ciaa_multicore_api_m0.c:70:12:ipc_event_handler_implementation	16	static
ciaa_multicore_api_m0.c:83:6:multicore_irq_set_enabled	16	static
ciaa_multicore_api_m0.c:95:6:ipc_init	8	static
ciaa_multicore_api_m0.c:111:6:ipc_queue_init	32	static
ciaa_multicore_api_m0.c:139:5:ipc_register_callback	16	static
ciaa_multicore_api_m0.c:149:6:ipc_tasks	8	static
ciaa_multicore_api_m0.c:154:5:ipc_global_set	48	static
ciaa_multicore_api_m0.c:177:10:ipc_global_get	16	static
ciaa_multicore_api_m0.c:183:30:ipc_global_register_function	24	static
ciaa_multicore_api_m0.c:193:6:ipc_msg_notify	8	static
ciaa_multicore_api_m0.c:198:5:ipc_msg_push_timeout	32	static
ciaa_multicore_api_m0.c:226:5:ipc_msg_pop_timeout	24	static
ciaa_multicore_api_m0.c:255:5:ipc_msg_pending	24	static
ciaa_multicore_api_m0.c:265:13:ipc_err_str	16	static
