Archive member included to satisfy reference by file (symbol)

D:\Facultad\Quinto\TD III\ciaa-api\api\ciaa_api_common\Debug\libciaa_api_common.a(ciaa_gpio_api.o)
                              ./src/multicore_blinky.o (LED2)
D:\Facultad\Quinto\TD III\ciaa-api\api\ciaa_api_common\Debug\libciaa_api_common.a(ciaa_scu_api.o)
                              D:\Facultad\Quinto\TD III\ciaa-api\api\ciaa_api_common\Debug\libciaa_api_common.a(ciaa_gpio_api.o) (P2_0)
D:\Facultad\Quinto\TD III\ciaa-api\chip\lpc_chip_43xx_m0\Debug\liblpc_chip_43xx_m0.a(chip_18xx_43xx.o)
                              ./src/multicore_blinky.o (SystemCoreClockUpdate)
D:\Facultad\Quinto\TD III\ciaa-api\chip\lpc_chip_43xx_m0\Debug\liblpc_chip_43xx_m0.a(clock_18xx_43xx.o)
                              D:\Facultad\Quinto\TD III\ciaa-api\chip\lpc_chip_43xx_m0\Debug\liblpc_chip_43xx_m0.a(chip_18xx_43xx.o) (Chip_Clock_GetClockInputHz)
c:/nxp/mcuxpressoide_11.3.1_5262/ide/plugins/com.nxp.mcuxpresso.tools.win32_11.3.0.202008311133/tools/bin/../lib/gcc/arm-none-eabi/9.3.1/../../../../arm-none-eabi/lib/thumb/v6-m/nofp\libcr_nohost.a(_cr__main.o)
                              ./src/cr_startup_lpc43xx-m0app.o (__main)
c:/nxp/mcuxpressoide_11.3.1_5262/ide/plugins/com.nxp.mcuxpresso.tools.win32_11.3.0.202008311133/tools/bin/../lib/gcc/arm-none-eabi/9.3.1/../../../../arm-none-eabi/lib/thumb/v6-m/nofp\libcr_c.a(memset.o)
                              D:\Facultad\Quinto\TD III\ciaa-api\chip\lpc_chip_43xx_m0\Debug\liblpc_chip_43xx_m0.a(clock_18xx_43xx.o) (memset)
c:/nxp/mcuxpressoide_11.3.1_5262/ide/plugins/com.nxp.mcuxpresso.tools.win32_11.3.0.202008311133/tools/bin/../lib/gcc/arm-none-eabi/9.3.1/../../../../arm-none-eabi/lib/thumb/v6-m/nofp\libcr_c.a(initio.o)
                              c:/nxp/mcuxpressoide_11.3.1_5262/ide/plugins/com.nxp.mcuxpresso.tools.win32_11.3.0.202008311133/tools/bin/../lib/gcc/arm-none-eabi/9.3.1/../../../../arm-none-eabi/lib/thumb/v6-m/nofp\libcr_nohost.a(_cr__main.o) (_initio)
c:/nxp/mcuxpressoide_11.3.1_5262/ide/plugins/com.nxp.mcuxpresso.tools.win32_11.3.0.202008311133/tools/bin/../lib/gcc/arm-none-eabi/9.3.1/../../../../arm-none-eabi/lib/thumb/v6-m/nofp\libcr_c.a(setvbuf.o)
                              c:/nxp/mcuxpressoide_11.3.1_5262/ide/plugins/com.nxp.mcuxpresso.tools.win32_11.3.0.202008311133/tools/bin/../lib/gcc/arm-none-eabi/9.3.1/../../../../arm-none-eabi/lib/thumb/v6-m/nofp\libcr_c.a(initio.o) (setvbuf)
c:/nxp/mcuxpressoide_11.3.1_5262/ide/plugins/com.nxp.mcuxpresso.tools.win32_11.3.0.202008311133/tools/bin/../lib/gcc/arm-none-eabi/9.3.1/../../../../arm-none-eabi/lib/thumb/v6-m/nofp\libcr_c.a(_fdopen.o)
                              c:/nxp/mcuxpressoide_11.3.1_5262/ide/plugins/com.nxp.mcuxpresso.tools.win32_11.3.0.202008311133/tools/bin/../lib/gcc/arm-none-eabi/9.3.1/../../../../arm-none-eabi/lib/thumb/v6-m/nofp\libcr_c.a(initio.o) (_fdopen)
c:/nxp/mcuxpressoide_11.3.1_5262/ide/plugins/com.nxp.mcuxpresso.tools.win32_11.3.0.202008311133/tools/bin/../lib/gcc/arm-none-eabi/9.3.1/../../../../arm-none-eabi/lib/thumb/v6-m/nofp\libcr_c.a(fclose.o)
                              c:/nxp/mcuxpressoide_11.3.1_5262/ide/plugins/com.nxp.mcuxpresso.tools.win32_11.3.0.202008311133/tools/bin/../lib/gcc/arm-none-eabi/9.3.1/../../../../arm-none-eabi/lib/thumb/v6-m/nofp\libcr_c.a(initio.o) (fclose)
c:/nxp/mcuxpressoide_11.3.1_5262/ide/plugins/com.nxp.mcuxpresso.tools.win32_11.3.0.202008311133/tools/bin/../lib/gcc/arm-none-eabi/9.3.1/../../../../arm-none-eabi/lib/thumb/v6-m/nofp\libcr_c.a(fflush.o)
                              c:/nxp/mcuxpressoide_11.3.1_5262/ide/plugins/com.nxp.mcuxpresso.tools.win32_11.3.0.202008311133/tools/bin/../lib/gcc/arm-none-eabi/9.3.1/../../../../arm-none-eabi/lib/thumb/v6-m/nofp\libcr_c.a(fclose.o) (fflush)
c:/nxp/mcuxpressoide_11.3.1_5262/ide/plugins/com.nxp.mcuxpresso.tools.win32_11.3.0.202008311133/tools/bin/../lib/gcc/arm-none-eabi/9.3.1/../../../../arm-none-eabi/lib/thumb/v6-m/nofp\libcr_c.a(fseek.o)
                              c:/nxp/mcuxpressoide_11.3.1_5262/ide/plugins/com.nxp.mcuxpresso.tools.win32_11.3.0.202008311133/tools/bin/../lib/gcc/arm-none-eabi/9.3.1/../../../../arm-none-eabi/lib/thumb/v6-m/nofp\libcr_c.a(_fdopen.o) (fseek)
c:/nxp/mcuxpressoide_11.3.1_5262/ide/plugins/com.nxp.mcuxpresso.tools.win32_11.3.0.202008311133/tools/bin/../lib/gcc/arm-none-eabi/9.3.1/../../../../arm-none-eabi/lib/thumb/v6-m/nofp\libcr_c.a(ftell.o)
                              c:/nxp/mcuxpressoide_11.3.1_5262/ide/plugins/com.nxp.mcuxpresso.tools.win32_11.3.0.202008311133/tools/bin/../lib/gcc/arm-none-eabi/9.3.1/../../../../arm-none-eabi/lib/thumb/v6-m/nofp\libcr_c.a(fseek.o) (ftell)
c:/nxp/mcuxpressoide_11.3.1_5262/ide/plugins/com.nxp.mcuxpresso.tools.win32_11.3.0.202008311133/tools/bin/../lib/gcc/arm-none-eabi/9.3.1/../../../../arm-none-eabi/lib/thumb/v6-m/nofp\libcr_c.a(remove.o)
[...]
Memory Configuration

Name             Origin             Length             Attributes
MFlashB512       0x1b000000         0x00080000         xr
RamLoc40         0x10080000         0x0000a000         xrw
RamAHB32         0x20000000         0x00008000         xrw
RamAHB16         0x20008000         0x00004000         xrw
RamAHB_ETB16     0x2000c000         0x00004000         xrw
*default*        0x00000000         0xffffffff

Linker script and memory map

LOAD ./src/cr_startup_lpc43xx-m0app.o
LOAD ./src/multicore_blinky.o
LOAD ./src/sysinit.o
LOAD D:\Facultad\Quinto\TD III\ciaa-api\api\ciaa_api_m0\Debug\libciaa_api_m0.a
LOAD D:\Facultad\Quinto\TD III\ciaa-api\api\ciaa_api_common\Debug\libciaa_api_common.a
LOAD D:\Facultad\Quinto\TD III\ciaa-api\chip\lpc_chip_43xx_m0\Debug\liblpc_chip_43xx_m0.a
START GROUP
LOAD c:/nxp/mcuxpressoide_11.3.1_5262/ide/plugins/com.nxp.mcuxpresso.tools.win32_11.3.0.202008311133/tools/bin/../lib/gcc/arm-none-eabi/9.3.1/../../../../arm-none-eabi/lib/thumb/v6-m/nofp\libcr_nohost.a
LOAD c:/nxp/mcuxpressoide_11.3.1_5262/ide/plugins/com.nxp.mcuxpresso.tools.win32_11.3.0.202008311133/tools/bin/../lib/gcc/arm-none-eabi/9.3.1/../../../../arm-none-eabi/lib/thumb/v6-m/nofp\libcr_c.a
LOAD c:/nxp/mcuxpressoide_11.3.1_5262/ide/plugins/com.nxp.mcuxpresso.tools.win32_11.3.0.202008311133/tools/bin/../lib/gcc/arm-none-eabi/9.3.1/thumb/v6-m/nofp\libcr_eabihelpers.a
LOAD c:/nxp/mcuxpressoide_11.3.1_5262/ide/plugins/com.nxp.mcuxpresso.tools.win32_11.3.0.202008311133/tools/bin/../lib/gcc/arm-none-eabi/9.3.1/thumb/v6-m/nofp\libgcc.a
END GROUP
                0x1b000000                __base_MFlashB512 = 0x1b000000
                0x1b000000                __base_Flash = 0x1b000000
                0x1b080000                __top_MFlashB512 = 0x1b080000
                0x1b080000                __top_Flash = 0x1b080000
                0x10080000                __base_RamLoc40 = 0x10080000
                0x10080000                __base_RAM = 0x10080000
                0x1008a000                __top_RamLoc40 = 0x1008a000
                0x1008a000                __top_RAM = 0x1008a000
                0x20000000                __base_RamAHB32 = 0x20000000
                0x20000000                __base_RAM2 = 0x20000000
                0x20008000                __top_RamAHB32 = 0x20008000
                0x20008000                __top_RAM2 = 0x20008000
                0x20008000                __base_RamAHB16 = 0x20008000
                0x20008000                __base_RAM3 = 0x20008000
                0x2000c000                __top_RamAHB16 = 0x2000c000
                0x2000c000                __top_RAM3 = 0x2000c000
                0x2000c000                __base_RamAHB_ETB16 = 0x2000c000
                0x2000c000                __base_RAM4 = 0x2000c000
                0x20010000                __top_RamAHB_ETB16 = 0x20010000
                0x20010000                __top_RAM4 = 0x20010000

.text           0x1b000000      0xf80
 FILL mask 0xff
                0x1b000000                __vectors_start__ = ABSOLUTE (.)
 *(.isr_vector)
 .isr_vector    0x1b000000       0xc0 ./src/cr_startup_lpc43xx-m0app.o
                0x1b000000                g_pfnVectors
                0x1b0000c0                . = ALIGN (0x4)
                0x1b0000c0                __section_table_start = .
                0x1b0000c0                __data_section_table = .
                0x1b0000c0        0x4 LONG 0x1b000f80 LOADADDR (.data)
                0x1b0000c4        0x4 LONG 0x10080000 ADDR (.data)
                0x1b0000c8        0x4 LONG 0x10 SIZEOF (.data)
                0x1b0000cc        0x4 LONG 0x1b000f80 LOADADDR (.data_RAM2)
                0x1b0000d0        0x4 LONG 0x20000000 ADDR (.data_RAM2)
                0x1b0000d4        0x4 LONG 0x0 SIZEOF (.data_RAM2)
                0x1b0000d8        0x4 LONG 0x1b000f80 LOADADDR (.data_RAM3)
                0x1b0000dc        0x4 LONG 0x20008000 ADDR (.data_RAM3)
                0x1b0000e0        0x4 LONG 0x0 SIZEOF (.data_RAM3)
                0x1b0000e4        0x4 LONG 0x1b000f80 LOADADDR (.data_RAM4)
                0x1b0000e8        0x4 LONG 0x2000c000 ADDR (.data_RAM4)
                0x1b0000ec        0x4 LONG 0x0 SIZEOF (.data_RAM4)
                0x1b0000f0                __data_section_table_end = .
                0x1b0000f0                __bss_section_table = .
                0x1b0000f0        0x4 LONG 0x10080010 ADDR (.bss)
                0x1b0000f4        0x4 LONG 0x1f0 SIZEOF (.bss)
                0x1b0000f8        0x4 LONG 0x20000000 ADDR (.bss_RAM2)
                0x1b0000fc        0x4 LONG 0x0 SIZEOF (.bss_RAM2)
                0x1b000100        0x4 LONG 0x20008000 ADDR (.bss_RAM3)
                0x1b000104        0x4 LONG 0x0 SIZEOF (.bss_RAM3)
                0x1b000108        0x4 LONG 0x2000c000 ADDR (.bss_RAM4)
                0x1b00010c        0x4 LONG 0x0 SIZEOF (.bss_RAM4)
                0x1b000110                __bss_section_table_end = .
                0x1b000110                __section_table_end = .
 *(.after_vectors*)
 .after_vectors
                0x1b000110       0x96 ./src/cr_startup_lpc43xx-m0app.o
                0x1b000110                data_init
                0x1b000152                bss_init
                0x1b000188                NMI_Handler
                0x1b00018e                HardFault_Handler
                0x1b000194                SVC_Handler
                0x1b00019a                PendSV_Handler
                0x1b0001a0                UART1_IRQHandler
                0x1b0001a0                USB1_IRQHandler
                0x1b0001a0                TIMER3_IRQHandler
                0x1b0001a0                UART0_IRQHandler
                0x1b0001a0                SDIO_IRQHandler
                0x1b0001a0                SPIFI_ADCHS_IRQHandler
                0x1b0001a0                ADC0_IRQHandler
                0x1b0001a0                IntDefaultHandler
                0x1b0001a0                SSP0_SSP1_IRQHandler
                0x1b0001a0                ADC1_IRQHandler
                0x1b0001a0                RIT_WDT_IRQHandler
                0x1b0001a0                FLASH_EEPROM_ATIMER_IRQHandler
                0x1b0001a0                RTC_IRQHandler
                0x1b0001a0                TIMER0_IRQHandler
                0x1b0001a0                LCD_IRQHandler
                0x1b0001a0                SGPIO_IRQHandler
                0x1b0001a0                UART2_IRQHandler
                0x1b0001a0                I2S0_I2S1_QEI_IRQHandler
                0x1b0001a0                USB0_IRQHandler
                0x1b0001a0                SCT_IRQHandler
                0x1b0001a0                I2C0_IRQHandler
                0x1b0001a0                SPI_DAC_IRQHandler
                0x1b0001a0                ETH_IRQHandler
                0x1b0001a0                CAN0_IRQHandler
                0x1b0001a0                M0SUB_IRQHandler
                0x1b0001a0                DMA_IRQHandler
                0x1b0001a0                EVRT_IRQHandler
                0x1b0001a0                UART3_IRQHandler
                0x1b0001a0                MCPWM_IRQHandler
                0x1b0001a0                GINT1_IRQHandler
                0x1b0001a0                GPIO4_IRQHandler
 *(.text*)
 *fill*         0x1b0001a6        0x2 ff
 .text.ResetISR
                0x1b0001a8       0x8c ./src/cr_startup_lpc43xx-m0app.o
                0x1b0001a8                ResetISR
 .text.NVIC_EnableIRQ
                0x1b000234       0x2c ./src/multicore_blinky.o
 .text.NVIC_DisableIRQ
                0x1b000260       0x30 ./src/multicore_blinky.o
 .text.multicore_m4_irq_set_enabled
                0x1b000290       0x2a ./src/multicore_blinky.o
 .text.multicore_interrupt_m4_core
                0x1b0002ba       0x14 ./src/multicore_blinky.o
 *fill*         0x1b0002ce        0x2 ff
 .text.multicore_irq_clear
                0x1b0002d0       0x18 ./src/multicore_blinky.o
 .text.scu_set_pin_mode
                0x1b0002e8       0x40 ./src/multicore_blinky.o
 .text.gpio_set_dir_out
                0x1b000328       0x64 ./src/multicore_blinky.o
 .text.gpio_clr
                0x1b00038c       0x38 ./src/multicore_blinky.o
 .text.gpio_xor
                0x1b0003c4       0x38 ./src/multicore_blinky.o
 .text.m4_callback
                0x1b0003fc       0x1c ./src/multicore_blinky.o
                0x1b0003fc                m4_callback
 .text.main     0x1b000418       0x28 ./src/multicore_blinky.o
                0x1b000418                main
 .text.M4_IRQHandler
                0x1b000440       0x12 ./src/multicore_blinky.o
                0x1b000440                M4_IRQHandler
 *fill*         0x1b000452        0x2 ff
 .text.SystemCoreClockUpdate
                0x1b000454       0x1c D:\Facultad\Quinto\TD III\ciaa-api\chip\lpc_chip_43xx_m0\Debug\liblpc_chip_43xx_m0.a(chip_18xx_43xx.o)
                0x1b000454                SystemCoreClockUpdate
 .text.Chip_Clock_GetDivRate
                0x1b000470       0x54 D:\Facultad\Quinto\TD III\ciaa-api\chip\lpc_chip_43xx_m0\Debug\liblpc_chip_43xx_m0.a(clock_18xx_43xx.o)
 .text.Chip_Clock_FindBaseClock
                0x1b0004c4       0xa0 D:\Facultad\Quinto\TD III\ciaa-api\chip\lpc_chip_43xx_m0\Debug\liblpc_chip_43xx_m0.a(clock_18xx_43xx.o)
 .text.Chip_Clock_GetMainPLLHz
                0x1b000564       0xc8 D:\Facultad\Quinto\TD III\ciaa-api\chip\lpc_chip_43xx_m0\Debug\liblpc_chip_43xx_m0.a(clock_18xx_43xx.o)
                0x1b000564                Chip_Clock_GetMainPLLHz
 .text.Chip_Clock_GetDividerSource
                0x1b00062c       0x40 D:\Facultad\Quinto\TD III\ciaa-api\chip\lpc_chip_43xx_m0\Debug\liblpc_chip_43xx_m0.a(clock_18xx_43xx.o)
                0x1b00062c                Chip_Clock_GetDividerSource
 .text.Chip_Clock_GetDividerDivisor
                0x1b00066c       0x38 D:\Facultad\Quinto\TD III\ciaa-api\chip\lpc_chip_43xx_m0\Debug\liblpc_chip_43xx_m0.a(clock_18xx_43xx.o)
                0x1b00066c                Chip_Clock_GetDividerDivisor
 .text.Chip_Clock_GetClockInputHz
                0x1b0006a4      0x11c D:\Facultad\Quinto\TD III\ciaa-api\chip\lpc_chip_43xx_m0\Debug\liblpc_chip_43xx_m0.a(clock_18xx_43xx.o)
                0x1b0006a4                Chip_Clock_GetClockInputHz
 .text.Chip_Clock_GetBaseClocktHz
                0x1b0007c0       0x28 D:\Facultad\Quinto\TD III\ciaa-api\chip\lpc_chip_43xx_m0\Debug\liblpc_chip_43xx_m0.a(clock_18xx_43xx.o)
                0x1b0007c0                Chip_Clock_GetBaseClocktHz
 .text.Chip_Clock_GetBaseClock
                0x1b0007e8       0x50 D:\Facultad\Quinto\TD III\ciaa-api\chip\lpc_chip_43xx_m0\Debug\liblpc_chip_43xx_m0.a(clock_18xx_43xx.o)
                0x1b0007e8                Chip_Clock_GetBaseClock
 .text.Chip_Clock_GetRate
                0x1b000838       0x9c D:\Facultad\Quinto\TD III\ciaa-api\chip\lpc_chip_43xx_m0\Debug\liblpc_chip_43xx_m0.a(clock_18xx_43xx.o)
                0x1b000838                Chip_Clock_GetRate
 .text.__main   0x1b0008d4        0xc c:/nxp/mcuxpressoide_11.3.1_5262/ide/plugins/com.nxp.mcuxpresso.tools.win32_11.3.0.202008311133/tools/bin/../lib/gcc/arm-none-eabi/9.3.1/../../../../arm-none-eabi/lib/thumb/v6-m/nofp\libcr_nohost.a(_cr__main.o)
                0x1b0008d4                __main
 .text.memset   0x1b0008e0        0x8 c:/nxp/mcuxpressoide_11.3.1_5262/ide/plugins/com.nxp.mcuxpresso.tools.win32_11.3.0.202008311133/tools/bin/../lib/gcc/arm-none-eabi/9.3.1/../../../../arm-none-eabi/lib/thumb/v6-m/nofp\libcr_c.a(memset.o)
                0x1b0008e0                memset
 .text._initio  0x1b0008e8       0x7c c:/nxp/mcuxpressoide_11.3.1_5262/ide/plugins/com.nxp.mcuxpresso.tools.win32_11.3.0.202008311133/tools/bin/../lib/gcc/arm-none-eabi/9.3.1/../../../../arm-none-eabi/lib/thumb/v6-m/nofp\libcr_c.a(initio.o)
                0x1b0008e8                _initio
 .text.setvbuf  0x1b000964       0x4c c:/nxp/mcuxpressoide_11.3.1_5262/ide/plugins/com.nxp.mcuxpresso.tools.win32_11.3.0.202008311133/tools/bin/../lib/gcc/arm-none-eabi/9.3.1/../../../../arm-none-eabi/lib/thumb/v6-m/nofp\libcr_c.a(setvbuf.o)
                0x1b000964                setvbuf
 .text._fdopen  0x1b0009b0       0x74 c:/nxp/mcuxpressoide_11.3.1_5262/ide/plugins/com.nxp.mcuxpresso.tools.win32_11.3.0.202008311133/tools/bin/../lib/gcc/arm-none-eabi/9.3.1/../../../../arm-none-eabi/lib/thumb/v6-m/nofp\libcr_c.a(_fdopen.o)
                0x1b0009b0                _fdopen
 .text.fclose   0x1b000a24       0x5c c:/nxp/mcuxpressoide_11.3.1_5262/ide/plugins/com.nxp.mcuxpresso.tools.win32_11.3.0.202008311133/tools/bin/../lib/gcc/arm-none-eabi/9.3.1/../../../../arm-none-eabi/lib/thumb/v6-m/nofp\libcr_c.a(fclose.o)
                0x1b000a24                fclose
 .text.fflush   0x1b000a80       0x44 c:/nxp/mcuxpressoide_11.3.1_5262/ide/plugins/com.nxp.mcuxpresso.tools.win32_11.3.0.202008311133/tools/bin/../lib/gcc/arm-none-eabi/9.3.1/../../../../arm-none-eabi/lib/thumb/v6-m/nofp\libcr_c.a(fflush.o)
                0x1b000a80                fflush
 .text.fseek    0x1b000ac4       0xf4 c:/nxp/mcuxpressoide_11.3.1_5262/ide/plugins/com.nxp.mcuxpresso.tools.win32_11.3.0.202008311133/tools/bin/../lib/gcc/arm-none-eabi/9.3.1/../../../../arm-none-eabi/lib/thumb/v6-m/nofp\libcr_c.a(fseek.o)
                0x1b000ac4                fseek
 .text.ftell    0x1b000bb8       0x48 c:/nxp/mcuxpressoide_11.3.1_5262/ide/plugins/com.nxp.mcuxpresso.tools.win32_11.3.0.202008311133/tools/bin/../lib/gcc/arm-none-eabi/9.3.1/../../../../arm-none-eabi/lib/thumb/v6-m/nofp\libcr_c.a(ftell.o)
                0x1b000bb8                ftell
 .text.remove   0x1b000c00       0x12 c:/nxp/mcuxpressoide_11.3.1_5262/ide/plugins/com.nxp.mcuxpresso.tools.win32_11.3.0.202008311133/tools/bin/../lib/gcc/arm-none-eabi/9.3.1/../../../../arm-none-eabi/lib/thumb/v6-m/nofp\libcr_c.a(remove.o)
                0x1b000c00                remove
 *fill*         0x1b000c12        0x2 ff
 .text.strlen   0x1b000c14       0x58 c:/nxp/mcuxpressoide_11.3.1_5262/ide/plugins/com.nxp.mcuxpresso.tools.win32_11.3.0.202008311133/tools/bin/../lib/gcc/arm-none-eabi/9.3.1/../../../../arm-none-eabi/lib/thumb/v6-m/nofp\libcr_c.a(strlen.o)
                0x1b000c14                strlen
 .text._do_fflush
                0x1b000c6c       0x48 c:/nxp/mcuxpressoide_11.3.1_5262/ide/plugins/com.nxp.mcuxpresso.tools.win32_11.3.0.202008311133/tools/bin/../lib/gcc/arm-none-eabi/9.3.1/../../../../arm-none-eabi/lib/thumb/v6-m/nofp\libcr_c.a(_do_fflush.o)
                0x1b000c6c                _do_fflush
 .text._fflush  0x1b000cb4       0x60 c:/nxp/mcuxpressoide_11.3.1_5262/ide/plugins/com.nxp.mcuxpresso.tools.win32_11.3.0.202008311133/tools/bin/../lib/gcc/arm-none-eabi/9.3.1/../../../../arm-none-eabi/lib/thumb/v6-m/nofp\libcr_c.a(_fflush.o)
                0x1b000cb4                _fflush
 .text._Cwritebuf
                0x1b000d14       0x68 c:/nxp/mcuxpressoide_11.3.1_5262/ide/plugins/com.nxp.mcuxpresso.tools.win32_11.3.0.202008311133/tools/bin/../lib/gcc/arm-none-eabi/9.3.1/../../../../arm-none-eabi/lib/thumb/v6-m/nofp\libcr_c.a(_writebuf.o)
                0x1b000d14                _Cwritebuf
 .text.free     0x1b000d7c       0x2c c:/nxp/mcuxpressoide_11.3.1_5262/ide/plugins/com.nxp.mcuxpresso.tools.win32_11.3.0.202008311133/tools/bin/../lib/gcc/arm-none-eabi/9.3.1/../../../../arm-none-eabi/lib/thumb/v6-m/nofp\libcr_c.a(alloc.o)
                0x1b000d7c                free
 .text._deferredlazyseek
                0x1b000da8       0x40 c:/nxp/mcuxpressoide_11.3.1_5262/ide/plugins/com.nxp.mcuxpresso.tools.win32_11.3.0.202008311133/tools/bin/../lib/gcc/arm-none-eabi/9.3.1/../../../../arm-none-eabi/lib/thumb/v6-m/nofp\libcr_c.a(_deferredlazyseek.o)
                0x1b000da8                _deferredlazyseek
 .text.__aeabi_division_idivmod
                0x1b000de8       0x78 c:/nxp/mcuxpressoide_11.3.1_5262/ide/plugins/com.nxp.mcuxpresso.tools.win32_11.3.0.202008311133/tools/bin/../lib/gcc/arm-none-eabi/9.3.1/thumb/v6-m/nofp\libcr_eabihelpers.a(division_32.o)
                0x1b000de8                __aeabi_idivmod
                0x1b000de8                __aeabi_idiv
                0x1b000dee                __aeabi_uidivmod
                0x1b000dee                __aeabi_uidiv
 .text.__aeabi_division_idiv0
                0x1b000e60        0x2 c:/nxp/mcuxpressoide_11.3.1_5262/ide/plugins/com.nxp.mcuxpresso.tools.win32_11.3.0.202008311133/tools/bin/../lib/gcc/arm-none-eabi/9.3.1/thumb/v6-m/nofp\libcr_eabihelpers.a(division_idiv0.o)
                0x1b000e60                __aeabi_idiv0
 .text.__aeabi_memset_lowlevel
                0x1b000e62       0x2a c:/nxp/mcuxpressoide_11.3.1_5262/ide/plugins/com.nxp.mcuxpresso.tools.win32_11.3.0.202008311133/tools/bin/../lib/gcc/arm-none-eabi/9.3.1/thumb/v6-m/nofp\libcr_eabihelpers.a(memcpy.o)
                0x1b000e62                __aeabi_lowlevel_memset
 .text.__sys_close
                0x1b000e8c        0x6 c:/nxp/mcuxpressoide_11.3.1_5262/ide/plugins/com.nxp.mcuxpresso.tools.win32_11.3.0.202008311133/tools/bin/../lib/gcc/arm-none-eabi/9.3.1/../../../../arm-none-eabi/lib/thumb/v6-m/nofp\libcr_nohost.a(__sys_close.o)
                0x1b000e8c                __sys_close
 .text.__sys_flen
                0x1b000e92        0x6 c:/nxp/mcuxpressoide_11.3.1_5262/ide/plugins/com.nxp.mcuxpresso.tools.win32_11.3.0.202008311133/tools/bin/../lib/gcc/arm-none-eabi/9.3.1/../../../../arm-none-eabi/lib/thumb/v6-m/nofp\libcr_nohost.a(__sys_flen.o)
                0x1b000e92                __sys_flen
 .text.__sys_istty
                0x1b000e98        0x6 c:/nxp/mcuxpressoide_11.3.1_5262/ide/plugins/com.nxp.mcuxpresso.tools.win32_11.3.0.202008311133/tools/bin/../lib/gcc/arm-none-eabi/9.3.1/../../../../arm-none-eabi/lib/thumb/v6-m/nofp\libcr_nohost.a(__sys_istty.o)
                0x1b000e98                __sys_istty
 .text.__sys_remove
                0x1b000e9e        0x6 c:/nxp/mcuxpressoide_11.3.1_5262/ide/plugins/com.nxp.mcuxpresso.tools.win32_11.3.0.202008311133/tools/bin/../lib/gcc/arm-none-eabi/9.3.1/../../../../arm-none-eabi/lib/thumb/v6-m/nofp\libcr_nohost.a(__sys_remove.o)
                0x1b000e9e                __sys_remove
 .text.__sys_seek
                0x1b000ea4        0x6 c:/nxp/mcuxpressoide_11.3.1_5262/ide/plugins/com.nxp.mcuxpresso.tools.win32_11.3.0.202008311133/tools/bin/../lib/gcc/arm-none-eabi/9.3.1/../../../../arm-none-eabi/lib/thumb/v6-m/nofp\libcr_nohost.a(__sys_seek.o)
                0x1b000ea4                __sys_seek
 .text.__sys_tmpnam
                0x1b000eaa        0x6 c:/nxp/mcuxpressoide_11.3.1_5262/ide/plugins/com.nxp.mcuxpresso.tools.win32_11.3.0.202008311133/tools/bin/../lib/gcc/arm-none-eabi/9.3.1/../../../../arm-none-eabi/lib/thumb/v6-m/nofp\libcr_nohost.a(__sys_tmpnam.o)
                0x1b000eaa                __sys_tmpnam
 .text.__sys_write
                0x1b000eb0        0x4 c:/nxp/mcuxpressoide_11.3.1_5262/ide/plugins/com.nxp.mcuxpresso.tools.win32_11.3.0.202008311133/tools/bin/../lib/gcc/arm-none-eabi/9.3.1/../../../../arm-none-eabi/lib/thumb/v6-m/nofp\libcr_nohost.a(__sys_write.o)
                0x1b000eb0                __sys_write
 *(.rodata .rodata.* .constdata .constdata.*)
 .rodata.ExtRateIn
                0x1b000eb4        0x4 ./src/sysinit.o
                0x1b000eb4                ExtRateIn
 .rodata.OscRateIn
                0x1b000eb8        0x4 ./src/sysinit.o
                0x1b000eb8                OscRateIn
 .rodata.periph_to_base
                0x1b000ebc       0x6c D:\Facultad\Quinto\TD III\ciaa-api\chip\lpc_chip_43xx_m0\Debug\liblpc_chip_43xx_m0.a(clock_18xx_43xx.o)
 .rodata.Chip_Clock_SetDivider.str1.4
                0x1b000f28        0x6 D:\Facultad\Quinto\TD III\ciaa-api\chip\lpc_chip_43xx_m0\Debug\liblpc_chip_43xx_m0.a(clock_18xx_43xx.o)
 *fill*         0x1b000f2e        0x2 ff
 .rodata.Chip_Clock_GetClockInputHz
                0x1b000f30       0x48 D:\Facultad\Quinto\TD III\ciaa-api\chip\lpc_chip_43xx_m0\Debug\liblpc_chip_43xx_m0.a(clock_18xx_43xx.o)
 .rodata._initio.str1.1
                0x1b000f78        0x4 c:/nxp/mcuxpressoide_11.3.1_5262/ide/plugins/com.nxp.mcuxpresso.tools.win32_11.3.0.202008311133/tools/bin/../lib/gcc/arm-none-eabi/9.3.1/../../../../arm-none-eabi/lib/thumb/v6-m/nofp\libcr_c.a(initio.o)
 .rodata.__num_Ciob_streams
                0x1b000f7c        0x4 c:/nxp/mcuxpressoide_11.3.1_5262/ide/plugins/com.nxp.mcuxpresso.tools.win32_11.3.0.202008311133/tools/bin/../lib/gcc/arm-none-eabi/9.3.1/../../../../arm-none-eabi/lib/thumb/v6-m/nofp\libcr_nohost.a(__ciob.o)
                0x1b000f7c                __num_Ciob_streams
                0x1b000f80                . = ALIGN (0x4)

.glue_7         0x1b000f80        0x0
 .glue_7        0x1b000f80        0x0 linker stubs

.glue_7t        0x1b000f80        0x0
 .glue_7t       0x1b000f80        0x0 linker stubs

.vfp11_veneer   0x1b000f80        0x0
 .vfp11_veneer  0x1b000f80        0x0 linker stubs

.v4_bx          0x1b000f80        0x0
 .v4_bx         0x1b000f80        0x0 linker stubs

.iplt           0x1b000f80        0x0
 .iplt          0x1b000f80        0x0 ./src/cr_startup_lpc43xx-m0app.o

.rel.dyn        0x1b000f80        0x0
 .rel.iplt      0x1b000f80        0x0 ./src/cr_startup_lpc43xx-m0app.o

.ARM.extab
 *(.ARM.extab* .gnu.linkonce.armextab.*)

.ARM.exidx      0x1b000f80        0x0
                0x1b000f80                __exidx_start = .
 *(.ARM.exidx* .gnu.linkonce.armexidx.*)
                0x1b000f80                __exidx_end = .
                0x1b000f80                _etext = .

.data_RAM2      0x20000000        0x0 load address 0x1b000f80
 FILL mask 0xff
                [!provide]                PROVIDE (__start_data_RAM2 = .)
                [!provide]                PROVIDE (__start_data_RamAHB32 = .)
 *(.ramfunc.$RAM2)
 *(.ramfunc.$RamAHB32)
 *(.data.$RAM2)
 *(.data.$RamAHB32)
 *(.data.$RAM2.*)
 *(.data.$RamAHB32.*)
                0x20000000                . = ALIGN (0x4)
                [!provide]                PROVIDE (__end_data_RAM2 = .)
                [!provide]                PROVIDE (__end_data_RamAHB32 = .)

.data_RAM3      0x20008000        0x0 load address 0x1b000f80
 FILL mask 0xff
                [!provide]                PROVIDE (__start_data_RAM3 = .)
                [!provide]                PROVIDE (__start_data_RamAHB16 = .)
 *(.ramfunc.$RAM3)
 *(.ramfunc.$RamAHB16)
 *(.data.$RAM3)
 *(.data.$RamAHB16)
 *(.data.$RAM3.*)
 *(.data.$RamAHB16.*)
                0x20008000                . = ALIGN (0x4)
                [!provide]                PROVIDE (__end_data_RAM3 = .)
                [!provide]                PROVIDE (__end_data_RamAHB16 = .)

.data_RAM4      0x2000c000        0x0 load address 0x1b000f80
 FILL mask 0xff
                [!provide]                PROVIDE (__start_data_RAM4 = .)
                [!provide]                PROVIDE (__start_data_RamAHB_ETB16 = .)
 *(.ramfunc.$RAM4)
 *(.ramfunc.$RamAHB_ETB16)
 *(.data.$RAM4)
 *(.data.$RamAHB_ETB16)
 *(.data.$RAM4.*)
 *(.data.$RamAHB_ETB16.*)
                0x2000c000                . = ALIGN (0x4)
                [!provide]                PROVIDE (__end_data_RAM4 = .)
                [!provide]                PROVIDE (__end_data_RamAHB_ETB16 = .)

.uninit_RESERVED
                0x10080000        0x0
                0x10080000                _start_uninit_RESERVED = .
 *(.bss.$RESERVED*)
                0x10080000                . = ALIGN (0x4)
                0x10080000                _end_uninit_RESERVED = .

.data           0x10080000       0x10 load address 0x1b000f80
 FILL mask 0xff
                0x10080000                _data = .
                [!provide]                PROVIDE (__start_data_RAM = .)
                [!provide]                PROVIDE (__start_data_RamLoc40 = .)
 *(vtable)
 *(.ramfunc*)
 *(CodeQuickAccess)
 *(DataQuickAccess)
 *(RamFunction)
 *(.data*)
 .data.LED2     0x10080000        0x8 D:\Facultad\Quinto\TD III\ciaa-api\api\ciaa_api_common\Debug\libciaa_api_common.a(ciaa_gpio_api.o)
                0x10080000                LED2
 .data.P2_11    0x10080008        0x8 D:\Facultad\Quinto\TD III\ciaa-api\api\ciaa_api_common\Debug\libciaa_api_common.a(ciaa_scu_api.o)
                0x10080008                P2_11
                0x10080010                . = ALIGN (0x4)
                0x10080010                _edata = .
                [!provide]                PROVIDE (__end_data_RAM = .)
                [!provide]                PROVIDE (__end_data_RamLoc40 = .)

.igot.plt       0x10080010        0x0 load address 0x1b000f90
 .igot.plt      0x10080010        0x0 ./src/cr_startup_lpc43xx-m0app.o

.bss_RAM2       0x20000000        0x0
                [!provide]                PROVIDE (__start_bss_RAM2 = .)
                [!provide]                PROVIDE (__start_bss_RamAHB32 = .)
 *(.bss.$RAM2)
 *(.bss.$RamAHB32)
 *(.bss.$RAM2.*)
 *(.bss.$RamAHB32.*)
                0x20000000                . = ALIGN ((. != 0x0)?0x4:0x1)
                [!provide]                PROVIDE (__end_bss_RAM2 = .)
                [!provide]                PROVIDE (__end_bss_RamAHB32 = .)

.bss_RAM3       0x20008000        0x0
                [!provide]                PROVIDE (__start_bss_RAM3 = .)
                [!provide]                PROVIDE (__start_bss_RamAHB16 = .)
 *(.bss.$RAM3)
 *(.bss.$RamAHB16)
 *(.bss.$RAM3.*)
 *(.bss.$RamAHB16.*)
                0x20008000                . = ALIGN ((. != 0x0)?0x4:0x1)
                [!provide]                PROVIDE (__end_bss_RAM3 = .)
                [!provide]                PROVIDE (__end_bss_RamAHB16 = .)

.bss_RAM4       0x2000c000        0x0
                [!provide]                PROVIDE (__start_bss_RAM4 = .)
                [!provide]                PROVIDE (__start_bss_RamAHB_ETB16 = .)
 *(.bss.$RAM4)
 *(.bss.$RamAHB_ETB16)
 *(.bss.$RAM4.*)
 *(.bss.$RamAHB_ETB16.*)
                0x2000c000                . = ALIGN ((. != 0x0)?0x4:0x1)
                [!provide]                PROVIDE (__end_bss_RAM4 = .)
                [!provide]                PROVIDE (__end_bss_RamAHB_ETB16 = .)

.bss            0x10080010      0x1f0
                0x10080010                _bss = .
                [!provide]                PROVIDE (__start_bss_RAM = .)
                [!provide]                PROVIDE (__start_bss_RamLoc40 = .)
 *(.bss*)
 .bss.audio_usb_pll_freq
                0x10080010        0x8 D:\Facultad\Quinto\TD III\ciaa-api\chip\lpc_chip_43xx_m0\Debug\liblpc_chip_43xx_m0.a(clock_18xx_43xx.o)
 .bss.errno     0x10080018        0x4 c:/nxp/mcuxpressoide_11.3.1_5262/ide/plugins/com.nxp.mcuxpresso.tools.win32_11.3.0.202008311133/tools/bin/../lib/gcc/arm-none-eabi/9.3.1/../../../../arm-none-eabi/lib/thumb/v6-m/nofp\libcr_c.a(errno.o)
                0x10080018                errno
 .bss.__Ciob    0x1008001c      0x1e0 c:/nxp/mcuxpressoide_11.3.1_5262/ide/plugins/com.nxp.mcuxpresso.tools.win32_11.3.0.202008311133/tools/bin/../lib/gcc/arm-none-eabi/9.3.1/../../../../arm-none-eabi/lib/thumb/v6-m/nofp\libcr_nohost.a(__ciob.o)
                0x1008001c                __Ciob
 *(COMMON)
 COMMON         0x100801fc        0x4 D:\Facultad\Quinto\TD III\ciaa-api\chip\lpc_chip_43xx_m0\Debug\liblpc_chip_43xx_m0.a(chip_18xx_43xx.o)
                0x100801fc                SystemCoreClock
                0x10080200                . = ALIGN (0x4)
                0x10080200                _ebss = .
                [!provide]                PROVIDE (__end_bss_RAM = .)
                [!provide]                PROVIDE (__end_bss_RamLoc40 = .)
                [!provide]                PROVIDE (end = .)

.noinit_RAM2    0x20000000        0x0
                [!provide]                PROVIDE (__start_noinit_RAM2 = .)
                [!provide]                PROVIDE (__start_noinit_RamAHB32 = .)
 *(.noinit.$RAM2)
 *(.noinit.$RamAHB32)
 *(.noinit.$RAM2.*)
 *(.noinit.$RamAHB32.*)
                0x20000000                . = ALIGN (0x4)
                [!provide]                PROVIDE (__end_noinit_RAM2 = .)
                [!provide]                PROVIDE (__end_noinit_RamAHB32 = .)

.noinit_RAM3    0x20008000        0x0
                [!provide]                PROVIDE (__start_noinit_RAM3 = .)
                [!provide]                PROVIDE (__start_noinit_RamAHB16 = .)
 *(.noinit.$RAM3)
 *(.noinit.$RamAHB16)
 *(.noinit.$RAM3.*)
 *(.noinit.$RamAHB16.*)
                0x20008000                . = ALIGN (0x4)
                [!provide]                PROVIDE (__end_noinit_RAM3 = .)
                [!provide]                PROVIDE (__end_noinit_RamAHB16 = .)

.noinit_RAM4    0x2000c000        0x0
                [!provide]                PROVIDE (__start_noinit_RAM4 = .)
                [!provide]                PROVIDE (__start_noinit_RamAHB_ETB16 = .)
 *(.noinit.$RAM4)
 *(.noinit.$RamAHB_ETB16)
 *(.noinit.$RAM4.*)
 *(.noinit.$RamAHB_ETB16.*)
                0x2000c000                . = ALIGN (0x4)
                [!provide]                PROVIDE (__end_noinit_RAM4 = .)
                [!provide]                PROVIDE (__end_noinit_RamAHB_ETB16 = .)

.noinit         0x10080200        0x0
                0x10080200                _noinit = .
                [!provide]                PROVIDE (__start_noinit_RAM = .)
                [!provide]                PROVIDE (__start_noinit_RamLoc40 = .)
 *(.noinit*)
                0x10080200                . = ALIGN (0x4)
                0x10080200                _end_noinit = .
                [!provide]                PROVIDE (__end_noinit_RAM = .)
                [!provide]                PROVIDE (__end_noinit_RamLoc40 = .)
                0x10080200                PROVIDE (_pvHeapStart = DEFINED (__user_heap_base)?__user_heap_base:.)
                0x1008a000                PROVIDE (_vStackTop = DEFINED (__user_stack_top)?__user_stack_top:(__top_RamLoc40 - 0x0))
                0x1b000000                _image_start = LOADADDR (.text)
                0x1b000f90                _image_end = (LOADADDR (.data) + SIZEOF (.data))
                0x00000f90                _image_size = (_image_end - _image_start)
OUTPUT(multicore_blinky_m0app.axf elf32-littlearm)
LOAD linker stubs

.debug_info     0x00000000     0x52cd
 .debug_info    0x00000000      0x233 ./src/cr_startup_lpc43xx-m0app.o
 .debug_info    0x00000233      0xfc5 ./src/multicore_blinky.o
 .debug_info    0x000011f8      0x5ce ./src/sysinit.o
 .debug_info    0x000017c6      0xe13 D:\Facultad\Quinto\TD III\ciaa-api\api\ciaa_api_common\Debug\libciaa_api_common.a(ciaa_gpio_api.o)
 .debug_info    0x000025d9      0xba2 D:\Facultad\Quinto\TD III\ciaa-api\api\ciaa_api_common\Debug\libciaa_api_common.a(ciaa_scu_api.o)
 .debug_info    0x0000317b      0xaae D:\Facultad\Quinto\TD III\ciaa-api\chip\lpc_chip_43xx_m0\Debug\liblpc_chip_43xx_m0.a(chip_18xx_43xx.o)
 .debug_info    0x00003c29     0x16a4 D:\Facultad\Quinto\TD III\ciaa-api\chip\lpc_chip_43xx_m0\Debug\liblpc_chip_43xx_m0.a(clock_18xx_43xx.o)

.debug_abbrev   0x00000000      0xb57
 .debug_abbrev  0x00000000      0x119 ./src/cr_startup_lpc43xx-m0app.o
 .debug_abbrev  0x00000119      0x283 ./src/multicore_blinky.o
 .debug_abbrev  0x0000039c       0xea ./src/sysinit.o
 .debug_abbrev  0x00000486      0x117 D:\Facultad\Quinto\TD III\ciaa-api\api\ciaa_api_common\Debug\libciaa_api_common.a(ciaa_gpio_api.o)
 .debug_abbrev  0x0000059d      0x104 D:\Facultad\Quinto\TD III\ciaa-api\api\ciaa_api_common\Debug\libciaa_api_common.a(ciaa_scu_api.o)
 .debug_abbrev  0x000006a1      0x19b D:\Facultad\Quinto\TD III\ciaa-api\chip\lpc_chip_43xx_m0\Debug\liblpc_chip_43xx_m0.a(chip_18xx_43xx.o)
 .debug_abbrev  0x0000083c      0x31b D:\Facultad\Quinto\TD III\ciaa-api\chip\lpc_chip_43xx_m0\Debug\liblpc_chip_43xx_m0.a(clock_18xx_43xx.o)

.debug_aranges  0x00000000      0x298
 .debug_aranges
                0x00000000       0x58 ./src/cr_startup_lpc43xx-m0app.o
 .debug_aranges
                0x00000058       0x78 ./src/multicore_blinky.o
 .debug_aranges
                0x000000d0       0x20 ./src/sysinit.o
 .debug_aranges
                0x000000f0       0x18 D:\Facultad\Quinto\TD III\ciaa-api\api\ciaa_api_common\Debug\libciaa_api_common.a(ciaa_gpio_api.o)
 .debug_aranges
                0x00000108       0x18 D:\Facultad\Quinto\TD III\ciaa-api\api\ciaa_api_common\Debug\libciaa_api_common.a(ciaa_scu_api.o)
 .debug_aranges
                0x00000120       0x40 D:\Facultad\Quinto\TD III\ciaa-api\chip\lpc_chip_43xx_m0\Debug\liblpc_chip_43xx_m0.a(chip_18xx_43xx.o)
 .debug_aranges
                0x00000160      0x138 D:\Facultad\Quinto\TD III\ciaa-api\chip\lpc_chip_43xx_m0\Debug\liblpc_chip_43xx_m0.a(clock_18xx_43xx.o)

.debug_ranges   0x00000000      0x230
 .debug_ranges  0x00000000       0x48 ./src/cr_startup_lpc43xx-m0app.o
 .debug_ranges  0x00000048       0x68 ./src/multicore_blinky.o
 .debug_ranges  0x000000b0       0x10 ./src/sysinit.o
 .debug_ranges  0x000000c0       0x30 D:\Facultad\Quinto\TD III\ciaa-api\chip\lpc_chip_43xx_m0\Debug\liblpc_chip_43xx_m0.a(chip_18xx_43xx.o)
 .debug_ranges  0x000000f0      0x140 D:\Facultad\Quinto\TD III\ciaa-api\chip\lpc_chip_43xx_m0\Debug\liblpc_chip_43xx_m0.a(clock_18xx_43xx.o)

.debug_macro    0x00000000     0x7393
 .debug_macro   0x00000000       0x1d ./src/cr_startup_lpc43xx-m0app.o
 .debug_macro   0x0000001d      0xaa2 ./src/cr_startup_lpc43xx-m0app.o
 .debug_macro   0x00000abf      0x32c ./src/multicore_blinky.o
 .debug_macro   0x00000deb       0x16 ./src/multicore_blinky.o
 .debug_macro   0x00000e01       0x10 ./src/multicore_blinky.o
 .debug_macro   0x00000e11      0x12e ./src/multicore_blinky.o
 .debug_macro   0x00000f3f      0x5b3 ./src/multicore_blinky.o
 .debug_macro   0x000014f2       0x22 ./src/multicore_blinky.o
 .debug_macro   0x00001514       0x88 ./src/multicore_blinky.o
 .debug_macro   0x0000159c       0x22 ./src/multicore_blinky.o
 .debug_macro   0x000015be       0x3a ./src/multicore_blinky.o
 .debug_macro   0x000015f8       0x1f ./src/multicore_blinky.o
 .debug_macro   0x00001617      0x242 ./src/multicore_blinky.o
 .debug_macro   0x00001859      0x2c3 ./src/multicore_blinky.o
 .debug_macro   0x00001b1c      0x112 ./src/multicore_blinky.o
 .debug_macro   0x00001c2e       0x11 ./src/multicore_blinky.o
 .debug_macro   0x00001c3f       0x2a ./src/multicore_blinky.o
 .debug_macro   0x00001c69       0x16 ./src/multicore_blinky.o
 .debug_macro   0x00001c7f      0x2e6 ./src/multicore_blinky.o
 .debug_macro   0x00001f65       0x82 ./src/multicore_blinky.o
 .debug_macro   0x00001fe7      0x13d ./src/multicore_blinky.o
 .debug_macro   0x00002124      0x198 ./src/multicore_blinky.o
 .debug_macro   0x000022bc       0x34 ./src/multicore_blinky.o
 .debug_macro   0x000022f0       0x58 ./src/multicore_blinky.o
 .debug_macro   0x00002348      0x236 ./src/multicore_blinky.o
 .debug_macro   0x0000257e      0x572 ./src/multicore_blinky.o
 .debug_macro   0x00002af0       0x16 ./src/multicore_blinky.o
 .debug_macro   0x00002b06      0x18a ./src/multicore_blinky.o
 .debug_macro   0x00002c90       0x88 ./src/multicore_blinky.o
 .debug_macro   0x00002d18      0x1b9 ./src/multicore_blinky.o
 .debug_macro   0x00002ed1      0x1da ./src/multicore_blinky.o
 .debug_macro   0x000030ab       0x40 ./src/multicore_blinky.o
 .debug_macro   0x000030eb       0x1c ./src/multicore_blinky.o
 .debug_macro   0x00003107       0x2e ./src/multicore_blinky.o
 .debug_macro   0x00003135       0x2e ./src/multicore_blinky.o
 .debug_macro   0x00003163       0x22 ./src/multicore_blinky.o
 .debug_macro   0x00003185      0x201 ./src/multicore_blinky.o
 .debug_macro   0x00003386       0xe0 ./src/multicore_blinky.o
 .debug_macro   0x00003466      0x34c ./src/multicore_blinky.o
 .debug_macro   0x000037b2       0xdc ./src/multicore_blinky.o
 .debug_macro   0x0000388e       0xc4 ./src/multicore_blinky.o
 .debug_macro   0x00003952       0x8f ./src/multicore_blinky.o
 .debug_macro   0x000039e1       0x94 ./src/multicore_blinky.o
 .debug_macro   0x00003a75       0xb8 ./src/multicore_blinky.o
 .debug_macro   0x00003b2d       0x4c ./src/multicore_blinky.o
 .debug_macro   0x00003b79       0x16 ./src/multicore_blinky.o
 .debug_macro   0x00003b8f      0x328 ./src/multicore_blinky.o
 .debug_macro   0x00003eb7       0x3a ./src/multicore_blinky.o
 .debug_macro   0x00003ef1       0xd0 ./src/multicore_blinky.o
 .debug_macro   0x00003fc1       0x18 ./src/multicore_blinky.o
 .debug_macro   0x00003fd9       0x22 ./src/multicore_blinky.o
 .debug_macro   0x00003ffb       0x40 ./src/multicore_blinky.o
 .debug_macro   0x0000403b       0x22 ./src/multicore_blinky.o
 .debug_macro   0x0000405d       0x94 ./src/multicore_blinky.o
 .debug_macro   0x000040f1       0x2e ./src/multicore_blinky.o
 .debug_macro   0x0000411f       0x22 ./src/multicore_blinky.o
 .debug_macro   0x00004141      0x2ce ./src/sysinit.o
 .debug_macro   0x0000440f      0x2fc D:\Facultad\Quinto\TD III\ciaa-api\api\ciaa_api_common\Debug\libciaa_api_common.a(ciaa_gpio_api.o)
 .debug_macro   0x0000470b      0xaba D:\Facultad\Quinto\TD III\ciaa-api\api\ciaa_api_common\Debug\libciaa_api_common.a(ciaa_gpio_api.o)
 .debug_macro   0x000051c5       0x10 D:\Facultad\Quinto\TD III\ciaa-api\api\ciaa_api_common\Debug\libciaa_api_common.a(ciaa_gpio_api.o)
 .debug_macro   0x000051d5       0x28 D:\Facultad\Quinto\TD III\ciaa-api\api\ciaa_api_common\Debug\libciaa_api_common.a(ciaa_gpio_api.o)
 .debug_macro   0x000051fd       0x3b D:\Facultad\Quinto\TD III\ciaa-api\api\ciaa_api_common\Debug\libciaa_api_common.a(ciaa_gpio_api.o)
 .debug_macro   0x00005238       0x2d D:\Facultad\Quinto\TD III\ciaa-api\api\ciaa_api_common\Debug\libciaa_api_common.a(ciaa_gpio_api.o)
 .debug_macro   0x00005265       0x42 D:\Facultad\Quinto\TD III\ciaa-api\api\ciaa_api_common\Debug\libciaa_api_common.a(ciaa_gpio_api.o)
 .debug_macro   0x000052a7      0xd39 D:\Facultad\Quinto\TD III\ciaa-api\api\ciaa_api_common\Debug\libciaa_api_common.a(ciaa_gpio_api.o)
 .debug_macro   0x00005fe0      0x2f3 D:\Facultad\Quinto\TD III\ciaa-api\api\ciaa_api_common\Debug\libciaa_api_common.a(ciaa_scu_api.o)
 .debug_macro   0x000062d3       0x8e D:\Facultad\Quinto\TD III\ciaa-api\api\ciaa_api_common\Debug\libciaa_api_common.a(ciaa_scu_api.o)
 .debug_macro   0x00006361      0x2ce D:\Facultad\Quinto\TD III\ciaa-api\chip\lpc_chip_43xx_m0\Debug\liblpc_chip_43xx_m0.a(chip_18xx_43xx.o)
 .debug_macro   0x0000662f      0xa90 D:\Facultad\Quinto\TD III\ciaa-api\chip\lpc_chip_43xx_m0\Debug\liblpc_chip_43xx_m0.a(chip_18xx_43xx.o)
 .debug_macro   0x000070bf      0x2d4 D:\Facultad\Quinto\TD III\ciaa-api\chip\lpc_chip_43xx_m0\Debug\liblpc_chip_43xx_m0.a(clock_18xx_43xx.o)

.debug_line     0x00000000     0x367a
 .debug_line    0x00000000      0x14b ./src/cr_startup_lpc43xx-m0app.o
 .debug_line    0x0000014b      0x952 ./src/multicore_blinky.o
 .debug_line    0x00000a9d      0x691 ./src/sysinit.o
 .debug_line    0x0000112e      0x6f2 D:\Facultad\Quinto\TD III\ciaa-api\api\ciaa_api_common\Debug\libciaa_api_common.a(ciaa_gpio_api.o)
 .debug_line    0x00001820      0x6de D:\Facultad\Quinto\TD III\ciaa-api\api\ciaa_api_common\Debug\libciaa_api_common.a(ciaa_scu_api.o)
 .debug_line    0x00001efe      0x73e D:\Facultad\Quinto\TD III\ciaa-api\chip\lpc_chip_43xx_m0\Debug\liblpc_chip_43xx_m0.a(chip_18xx_43xx.o)
 .debug_line    0x0000263c     0x103e D:\Facultad\Quinto\TD III\ciaa-api\chip\lpc_chip_43xx_m0\Debug\liblpc_chip_43xx_m0.a(clock_18xx_43xx.o)

.debug_str      0x00000000    0x17fa7
 .debug_str     0x00000000     0x2ee3 ./src/cr_startup_lpc43xx-m0app.o
                               0x2f03 (size before relaxing)
 .debug_str     0x00002ee3     0xec9b ./src/multicore_blinky.o
                              0x11b52 (size before relaxing)
 .debug_str     0x00011b7e      0xa30 ./src/sysinit.o
                              0x11b1d (size before relaxing)
 .debug_str     0x000125ae     0x5113 D:\Facultad\Quinto\TD III\ciaa-api\api\ciaa_api_common\Debug\libciaa_api_common.a(ciaa_gpio_api.o)
                              0x16984 (size before relaxing)
 .debug_str     0x000176c1       0x16 D:\Facultad\Quinto\TD III\ciaa-api\api\ciaa_api_common\Debug\libciaa_api_common.a(ciaa_scu_api.o)
                              0x167bb (size before relaxing)
 .debug_str     0x000176d7      0x2b4 D:\Facultad\Quinto\TD III\ciaa-api\chip\lpc_chip_43xx_m0\Debug\liblpc_chip_43xx_m0.a(chip_18xx_43xx.o)
                              0x11dc6 (size before relaxing)
 .debug_str     0x0001798b      0x61c D:\Facultad\Quinto\TD III\ciaa-api\chip\lpc_chip_43xx_m0\Debug\liblpc_chip_43xx_m0.a(clock_18xx_43xx.o)
                              0x12345 (size before relaxing)

.comment        0x00000000       0x4c
 .comment       0x00000000       0x4c ./src/cr_startup_lpc43xx-m0app.o
                                 0x4d (size before relaxing)
 .comment       0x0000004c       0x4d ./src/multicore_blinky.o
 .comment       0x0000004c       0x4d ./src/sysinit.o
 .comment       0x0000004c       0x4d D:\Facultad\Quinto\TD III\ciaa-api\api\ciaa_api_common\Debug\libciaa_api_common.a(ciaa_gpio_api.o)
 .comment       0x0000004c       0x4d D:\Facultad\Quinto\TD III\ciaa-api\api\ciaa_api_common\Debug\libciaa_api_common.a(ciaa_scu_api.o)
 .comment       0x0000004c       0x4d D:\Facultad\Quinto\TD III\ciaa-api\chip\lpc_chip_43xx_m0\Debug\liblpc_chip_43xx_m0.a(chip_18xx_43xx.o)
 .comment       0x0000004c       0x4d D:\Facultad\Quinto\TD III\ciaa-api\chip\lpc_chip_43xx_m0\Debug\liblpc_chip_43xx_m0.a(clock_18xx_43xx.o)
 .comment       0x0000004c       0x4d c:/nxp/mcuxpressoide_11.3.1_5262/ide/plugins/com.nxp.mcuxpresso.tools.win32_11.3.0.202008311133/tools/bin/../lib/gcc/arm-none-eabi/9.3.1/../../../../arm-none-eabi/lib/thumb/v6-m/nofp\libcr_nohost.a(_cr__main.o)
 .comment       0x0000004c       0x4d c:/nxp/mcuxpressoide_11.3.1_5262/ide/plugins/com.nxp.mcuxpresso.tools.win32_11.3.0.202008311133/tools/bin/../lib/gcc/arm-none-eabi/9.3.1/../../../../arm-none-eabi/lib/thumb/v6-m/nofp\libcr_c.a(memset.o)
 .comment       0x0000004c       0x4d c:/nxp/mcuxpressoide_11.3.1_5262/ide/plugins/com.nxp.mcuxpresso.tools.win32_11.3.0.202008311133/tools/bin/../lib/gcc/arm-none-eabi/9.3.1/../../../../arm-none-eabi/lib/thumb/v6-m/nofp\libcr_c.a(initio.o)
 .comment       0x0000004c       0x4d c:/nxp/mcuxpressoide_11.3.1_5262/ide/plugins/com.nxp.mcuxpresso.tools.win32_11.3.0.202008311133/tools/bin/../lib/gcc/arm-none-eabi/9.3.1/../../../../arm-none-eabi/lib/thumb/v6-m/nofp\libcr_c.a(setvbuf.o)
 .comment       0x0000004c       0x4d c:/nxp/mcuxpressoide_11.3.1_5262/ide/plugins/com.nxp.mcuxpresso.tools.win32_11.3.0.202008311133/tools/bin/../lib/gcc/arm-none-eabi/9.3.1/../../../../arm-none-eabi/lib/thumb/v6-m/nofp\libcr_c.a(_fdopen.o)
 .comment       0x0000004c       0x4d c:/nxp/mcuxpressoide_11.3.1_5262/ide/plugins/com.nxp.mcuxpresso.tools.win32_11.3.0.202008311133/tools/bin/../lib/gcc/arm-none-eabi/9.3.1/../../../../arm-none-eabi/lib/thumb/v6-m/nofp\libcr_c.a(fclose.o)
 .comment       0x0000004c       0x4d c:/nxp/mcuxpressoide_11.3.1_5262/ide/plugins/com.nxp.mcuxpresso.tools.win32_11.3.0.202008311133/tools/bin/../lib/gcc/arm-none-eabi/9.3.1/../../../../arm-none-eabi/lib/thumb/v6-m/nofp\libcr_c.a(fflush.o)
 .comment       0x0000004c       0x4d c:/nxp/mcuxpressoide_11.3.1_5262/ide/plugins/com.nxp.mcuxpresso.tools.win32_11.3.0.202008311133/tools/bin/../lib/gcc/arm-none-eabi/9.3.1/../../../../arm-none-eabi/lib/thumb/v6-m/nofp\libcr_c.a(fseek.o)
 .comment       0x0000004c       0x4d c:/nxp/mcuxpressoide_11.3.1_5262/ide/plugins/com.nxp.mcuxpresso.tools.win32_11.3.0.202008311133/tools/bin/../lib/gcc/arm-none-eabi/9.3.1/../../../../arm-none-eabi/lib/thumb/v6-m/nofp\libcr_c.a(ftell.o)
 .comment       0x0000004c       0x4d c:/nxp/mcuxpressoide_11.3.1_5262/ide/plugins/com.nxp.mcuxpresso.tools.win32_11.3.0.202008311133/tools/bin/../lib/gcc/arm-none-eabi/9.3.1/../../../../arm-none-eabi/lib/thumb/v6-m/nofp\libcr_c.a(remove.o)
 .comment       0x0000004c       0x4d c:/nxp/mcuxpressoide_11.3.1_5262/ide/plugins/com.nxp.mcuxpresso.tools.win32_11.3.0.202008311133/tools/bin/../lib/gcc/arm-none-eabi/9.3.1/../../../../arm-none-eabi/lib/thumb/v6-m/nofp\libcr_c.a(strlen.o)
 .comment       0x0000004c       0x4d c:/nxp/mcuxpressoide_11.3.1_5262/ide/plugins/com.nxp.mcuxpresso.tools.win32_11.3.0.202008311133/tools/bin/../lib/gcc/arm-none-eabi/9.3.1/../../../../arm-none-eabi/lib/thumb/v6-m/nofp\libcr_c.a(_do_fflush.o)
 .comment       0x0000004c       0x4d c:/nxp/mcuxpressoide_11.3.1_5262/ide/plugins/com.nxp.mcuxpresso.tools.win32_11.3.0.202008311133/tools/bin/../lib/gcc/arm-none-eabi/9.3.1/../../../../arm-none-eabi/lib/thumb/v6-m/nofp\libcr_c.a(_fflush.o)
 .comment       0x0000004c       0x4d c:/nxp/mcuxpressoide_11.3.1_5262/ide/plugins/com.nxp.mcuxpresso.tools.win32_11.3.0.202008311133/tools/bin/../lib/gcc/arm-none-eabi/9.3.1/../../../../arm-none-eabi/lib/thumb/v6-m/nofp\libcr_c.a(_writebuf.o)
 .comment       0x0000004c       0x4d c:/nxp/mcuxpressoide_11.3.1_5262/ide/plugins/com.nxp.mcuxpresso.tools.win32_11.3.0.202008311133/tools/bin/../lib/gcc/arm-none-eabi/9.3.1/../../../../arm-none-eabi/lib/thumb/v6-m/nofp\libcr_c.a(alloc.o)
 .comment       0x0000004c       0x4d c:/nxp/mcuxpressoide_11.3.1_5262/ide/plugins/com.nxp.mcuxpresso.tools.win32_11.3.0.202008311133/tools/bin/../lib/gcc/arm-none-eabi/9.3.1/../../../../arm-none-eabi/lib/thumb/v6-m/nofp\libcr_c.a(errno.o)
 .comment       0x0000004c       0x4d c:/nxp/mcuxpressoide_11.3.1_5262/ide/plugins/com.nxp.mcuxpresso.tools.win32_11.3.0.202008311133/tools/bin/../lib/gcc/arm-none-eabi/9.3.1/../../../../arm-none-eabi/lib/thumb/v6-m/nofp\libcr_c.a(_deferredlazyseek.o)
 .comment       0x0000004c       0x4d c:/nxp/mcuxpressoide_11.3.1_5262/ide/plugins/com.nxp.mcuxpresso.tools.win32_11.3.0.202008311133/tools/bin/../lib/gcc/arm-none-eabi/9.3.1/../../../../arm-none-eabi/lib/thumb/v6-m/nofp\libcr_nohost.a(__ciob.o)
 .comment       0x0000004c       0x4d c:/nxp/mcuxpressoide_11.3.1_5262/ide/plugins/com.nxp.mcuxpresso.tools.win32_11.3.0.202008311133/tools/bin/../lib/gcc/arm-none-eabi/9.3.1/../../../../arm-none-eabi/lib/thumb/v6-m/nofp\libcr_nohost.a(__sys_close.o)
 .comment       0x0000004c       0x4d c:/nxp/mcuxpressoide_11.3.1_5262/ide/plugins/com.nxp.mcuxpresso.tools.win32_11.3.0.202008311133/tools/bin/../lib/gcc/arm-none-eabi/9.3.1/../../../../arm-none-eabi/lib/thumb/v6-m/nofp\libcr_nohost.a(__sys_flen.o)
 .comment       0x0000004c       0x4d c:/nxp/mcuxpressoide_11.3.1_5262/ide/plugins/com.nxp.mcuxpresso.tools.win32_11.3.0.202008311133/tools/bin/../lib/gcc/arm-none-eabi/9.3.1/../../../../arm-none-eabi/lib/thumb/v6-m/nofp\libcr_nohost.a(__sys_istty.o)
 .comment       0x0000004c       0x4d c:/nxp/mcuxpressoide_11.3.1_5262/ide/plugins/com.nxp.mcuxpresso.tools.win32_11.3.0.202008311133/tools/bin/../lib/gcc/arm-none-eabi/9.3.1/../../../../arm-none-eabi/lib/thumb/v6-m/nofp\libcr_nohost.a(__sys_remove.o)
 .comment       0x0000004c       0x4d c:/nxp/mcuxpressoide_11.3.1_5262/ide/plugins/com.nxp.mcuxpresso.tools.win32_11.3.0.202008311133/tools/bin/../lib/gcc/arm-none-eabi/9.3.1/../../../../arm-none-eabi/lib/thumb/v6-m/nofp\libcr_nohost.a(__sys_seek.o)
 .comment       0x0000004c       0x4d c:/nxp/mcuxpressoide_11.3.1_5262/ide/plugins/com.nxp.mcuxpresso.tools.win32_11.3.0.202008311133/tools/bin/../lib/gcc/arm-none-eabi/9.3.1/../../../../arm-none-eabi/lib/thumb/v6-m/nofp\libcr_nohost.a(__sys_tmpnam.o)
 .comment       0x0000004c       0x4d c:/nxp/mcuxpressoide_11.3.1_5262/ide/plugins/com.nxp.mcuxpresso.tools.win32_11.3.0.202008311133/tools/bin/../lib/gcc/arm-none-eabi/9.3.1/../../../../arm-none-eabi/lib/thumb/v6-m/nofp\libcr_nohost.a(__sys_write.o)

.ARM.attributes
                0x00000000       0x35
 .ARM.attributes
                0x00000000       0x2c ./src/cr_startup_lpc43xx-m0app.o
 .ARM.attributes
                0x0000002c       0x2c ./src/multicore_blinky.o
 .ARM.attributes
                0x00000058       0x2c ./src/sysinit.o
 .ARM.attributes
                0x00000084       0x37 D:\Facultad\Quinto\TD III\ciaa-api\api\ciaa_api_common\Debug\libciaa_api_common.a(ciaa_gpio_api.o)
 .ARM.attributes
                0x000000bb       0x37 D:\Facultad\Quinto\TD III\ciaa-api\api\ciaa_api_common\Debug\libciaa_api_common.a(ciaa_scu_api.o)
 .ARM.attributes
                0x000000f2       0x2c D:\Facultad\Quinto\TD III\ciaa-api\chip\lpc_chip_43xx_m0\Debug\liblpc_chip_43xx_m0.a(chip_18xx_43xx.o)
 .ARM.attributes
                0x0000011e       0x2c D:\Facultad\Quinto\TD III\ciaa-api\chip\lpc_chip_43xx_m0\Debug\liblpc_chip_43xx_m0.a(clock_18xx_43xx.o)
 .ARM.attributes
                0x0000014a       0x2c c:/nxp/mcuxpressoide_11.3.1_5262/ide/plugins/com.nxp.mcuxpresso.tools.win32_11.3.0.202008311133/tools/bin/../lib/gcc/arm-none-eabi/9.3.1/../../../../arm-none-eabi/lib/thumb/v6-m/nofp\libcr_nohost.a(_cr__main.o)
 .ARM.attributes
                0x00000176       0x2c c:/nxp/mcuxpressoide_11.3.1_5262/ide/plugins/com.nxp.mcuxpresso.tools.win32_11.3.0.202008311133/tools/bin/../lib/gcc/arm-none-eabi/9.3.1/../../../../arm-none-eabi/lib/thumb/v6-m/nofp\libcr_c.a(memset.o)
 .ARM.attributes
                0x000001a2       0x2c c:/nxp/mcuxpressoide_11.3.1_5262/ide/plugins/com.nxp.mcuxpresso.tools.win32_11.3.0.202008311133/tools/bin/../lib/gcc/arm-none-eabi/9.3.1/../../../../arm-none-eabi/lib/thumb/v6-m/nofp\libcr_c.a(initio.o)
 .ARM.attributes
                0x000001ce       0x2c c:/nxp/mcuxpressoide_11.3.1_5262/ide/plugins/com.nxp.mcuxpresso.tools.win32_11.3.0.202008311133/tools/bin/../lib/gcc/arm-none-eabi/9.3.1/../../../../arm-none-eabi/lib/thumb/v6-m/nofp\libcr_c.a(setvbuf.o)
 .ARM.attributes
                0x000001fa       0x2c c:/nxp/mcuxpressoide_11.3.1_5262/ide/plugins/com.nxp.mcuxpresso.tools.win32_11.3.0.202008311133/tools/bin/../lib/gcc/arm-none-eabi/9.3.1/../../../../arm-none-eabi/lib/thumb/v6-m/nofp\libcr_c.a(_fdopen.o)
 .ARM.attributes
                0x00000226       0x2c c:/nxp/mcuxpressoide_11.3.1_5262/ide/plugins/com.nxp.mcuxpresso.tools.win32_11.3.0.202008311133/tools/bin/../lib/gcc/arm-none-eabi/9.3.1/../../../../arm-none-eabi/lib/thumb/v6-m/nofp\libcr_c.a(fclose.o)
 .ARM.attributes
                0x00000252       0x2c c:/nxp/mcuxpressoide_11.3.1_5262/ide/plugins/com.nxp.mcuxpresso.tools.win32_11.3.0.202008311133/tools/bin/../lib/gcc/arm-none-eabi/9.3.1/../../../../arm-none-eabi/lib/thumb/v6-m/nofp\libcr_c.a(fflush.o)
 .ARM.attributes
                0x0000027e       0x2c c:/nxp/mcuxpressoide_11.3.1_5262/ide/plugins/com.nxp.mcuxpresso.tools.win32_11.3.0.202008311133/tools/bin/../lib/gcc/arm-none-eabi/9.3.1/../../../../arm-none-eabi/lib/thumb/v6-m/nofp\libcr_c.a(fseek.o)
 .ARM.attributes
                0x000002aa       0x2c c:/nxp/mcuxpressoide_11.3.1_5262/ide/plugins/com.nxp.mcuxpresso.tools.win32_11.3.0.202008311133/tools/bin/../lib/gcc/arm-none-eabi/9.3.1/../../../../arm-none-eabi/lib/thumb/v6-m/nofp\libcr_c.a(ftell.o)
 .ARM.attributes
                0x000002d6       0x2c c:/nxp/mcuxpressoide_11.3.1_5262/ide/plugins/com.nxp.mcuxpresso.tools.win32_11.3.0.202008311133/tools/bin/../lib/gcc/arm-none-eabi/9.3.1/../../../../arm-none-eabi/lib/thumb/v6-m/nofp\libcr_c.a(remove.o)
 .ARM.attributes
                0x00000302       0x2c c:/nxp/mcuxpressoide_11.3.1_5262/ide/plugins/com.nxp.mcuxpresso.tools.win32_11.3.0.202008311133/tools/bin/../lib/gcc/arm-none-eabi/9.3.1/../../../../arm-none-eabi/lib/thumb/v6-m/nofp\libcr_c.a(strlen.o)
 .ARM.attributes
                0x0000032e       0x2c c:/nxp/mcuxpressoide_11.3.1_5262/ide/plugins/com.nxp.mcuxpresso.tools.win32_11.3.0.202008311133/tools/bin/../lib/gcc/arm-none-eabi/9.3.1/../../../../arm-none-eabi/lib/thumb/v6-m/nofp\libcr_c.a(_do_fflush.o)
 .ARM.attributes
                0x0000035a       0x2c c:/nxp/mcuxpressoide_11.3.1_5262/ide/plugins/com.nxp.mcuxpresso.tools.win32_11.3.0.202008311133/tools/bin/../lib/gcc/arm-none-eabi/9.3.1/../../../../arm-none-eabi/lib/thumb/v6-m/nofp\libcr_c.a(_fflush.o)
 .ARM.attributes
                0x00000386       0x2c c:/nxp/mcuxpressoide_11.3.1_5262/ide/plugins/com.nxp.mcuxpresso.tools.win32_11.3.0.202008311133/tools/bin/../lib/gcc/arm-none-eabi/9.3.1/../../../../arm-none-eabi/lib/thumb/v6-m/nofp\libcr_c.a(_writebuf.o)
 .ARM.attributes
                0x000003b2       0x2c c:/nxp/mcuxpressoide_11.3.1_5262/ide/plugins/com.nxp.mcuxpresso.tools.win32_11.3.0.202008311133/tools/bin/../lib/gcc/arm-none-eabi/9.3.1/../../../../arm-none-eabi/lib/thumb/v6-m/nofp\libcr_c.a(alloc.o)
 .ARM.attributes
                0x000003de       0x31 c:/nxp/mcuxpressoide_11.3.1_5262/ide/plugins/com.nxp.mcuxpresso.tools.win32_11.3.0.202008311133/tools/bin/../lib/gcc/arm-none-eabi/9.3.1/../../../../arm-none-eabi/lib/thumb/v6-m/nofp\libcr_c.a(errno.o)
 .ARM.attributes
                0x0000040f       0x2c c:/nxp/mcuxpressoide_11.3.1_5262/ide/plugins/com.nxp.mcuxpresso.tools.win32_11.3.0.202008311133/tools/bin/../lib/gcc/arm-none-eabi/9.3.1/../../../../arm-none-eabi/lib/thumb/v6-m/nofp\libcr_c.a(_deferredlazyseek.o)
 .ARM.attributes
                0x0000043b       0x1c c:/nxp/mcuxpressoide_11.3.1_5262/ide/plugins/com.nxp.mcuxpresso.tools.win32_11.3.0.202008311133/tools/bin/../lib/gcc/arm-none-eabi/9.3.1/thumb/v6-m/nofp\libcr_eabihelpers.a(division_32.o)
 .ARM.attributes
                0x00000457       0x1c c:/nxp/mcuxpressoide_11.3.1_5262/ide/plugins/com.nxp.mcuxpresso.tools.win32_11.3.0.202008311133/tools/bin/../lib/gcc/arm-none-eabi/9.3.1/thumb/v6-m/nofp\libcr_eabihelpers.a(division_idiv0.o)
 .ARM.attributes
                0x00000473       0x1c c:/nxp/mcuxpressoide_11.3.1_5262/ide/plugins/com.nxp.mcuxpresso.tools.win32_11.3.0.202008311133/tools/bin/../lib/gcc/arm-none-eabi/9.3.1/thumb/v6-m/nofp\libcr_eabihelpers.a(memcpy.o)
 .ARM.attributes
                0x0000048f       0x31 c:/nxp/mcuxpressoide_11.3.1_5262/ide/plugins/com.nxp.mcuxpresso.tools.win32_11.3.0.202008311133/tools/bin/../lib/gcc/arm-none-eabi/9.3.1/../../../../arm-none-eabi/lib/thumb/v6-m/nofp\libcr_nohost.a(__ciob.o)
 .ARM.attributes
                0x000004c0       0x2c c:/nxp/mcuxpressoide_11.3.1_5262/ide/plugins/com.nxp.mcuxpresso.tools.win32_11.3.0.202008311133/tools/bin/../lib/gcc/arm-none-eabi/9.3.1/../../../../arm-none-eabi/lib/thumb/v6-m/nofp\libcr_nohost.a(__sys_close.o)
 .ARM.attributes
                0x000004ec       0x2c c:/nxp/mcuxpressoide_11.3.1_5262/ide/plugins/com.nxp.mcuxpresso.tools.win32_11.3.0.202008311133/tools/bin/../lib/gcc/arm-none-eabi/9.3.1/../../../../arm-none-eabi/lib/thumb/v6-m/nofp\libcr_nohost.a(__sys_flen.o)
 .ARM.attributes
                0x00000518       0x2c c:/nxp/mcuxpressoide_11.3.1_5262/ide/plugins/com.nxp.mcuxpresso.tools.win32_11.3.0.202008311133/tools/bin/../lib/gcc/arm-none-eabi/9.3.1/../../../../arm-none-eabi/lib/thumb/v6-m/nofp\libcr_nohost.a(__sys_istty.o)
 .ARM.attributes
                0x00000544       0x2c c:/nxp/mcuxpressoide_11.3.1_5262/ide/plugins/com.nxp.mcuxpresso.tools.win32_11.3.0.202008311133/tools/bin/../lib/gcc/arm-none-eabi/9.3.1/../../../../arm-none-eabi/lib/thumb/v6-m/nofp\libcr_nohost.a(__sys_remove.o)
 .ARM.attributes
                0x00000570       0x2c c:/nxp/mcuxpressoide_11.3.1_5262/ide/plugins/com.nxp.mcuxpresso.tools.win32_11.3.0.202008311133/tools/bin/../lib/gcc/arm-none-eabi/9.3.1/../../../../arm-none-eabi/lib/thumb/v6-m/nofp\libcr_nohost.a(__sys_seek.o)
 .ARM.attributes
                0x0000059c       0x2c c:/nxp/mcuxpressoide_11.3.1_5262/ide/plugins/com.nxp.mcuxpresso.tools.win32_11.3.0.202008311133/tools/bin/../lib/gcc/arm-none-eabi/9.3.1/../../../../arm-none-eabi/lib/thumb/v6-m/nofp\libcr_nohost.a(__sys_tmpnam.o)
 .ARM.attributes
                0x000005c8       0x2c c:/nxp/mcuxpressoide_11.3.1_5262/ide/plugins/com.nxp.mcuxpresso.tools.win32_11.3.0.202008311133/tools/bin/../lib/gcc/arm-none-eabi/9.3.1/../../../../arm-none-eabi/lib/thumb/v6-m/nofp\libcr_nohost.a(__sys_write.o)

.debug_frame    0x00000000      0x7c8
 .debug_frame   0x00000000       0xfc ./src/cr_startup_lpc43xx-m0app.o
 .debug_frame   0x000000fc      0x17c ./src/multicore_blinky.o
 .debug_frame   0x00000278       0x2c ./src/sysinit.o
 .debug_frame   0x000002a4       0x9c D:\Facultad\Quinto\TD III\ciaa-api\chip\lpc_chip_43xx_m0\Debug\liblpc_chip_43xx_m0.a(chip_18xx_43xx.o)
 .debug_frame   0x00000340      0x488 D:\Facultad\Quinto\TD III\ciaa-api\chip\lpc_chip_43xx_m0\Debug\liblpc_chip_43xx_m0.a(clock_18xx_43xx.o)
