core_cm4.h:1467:22:NVIC_EnableIRQ	16	static
core_cm4.h:1480:22:NVIC_DisableIRQ	16	static
ciaa_multicore_api.h:54:20:multicore_m0app_irq_set_enabled	16	static
ciaa_multicore_api.h:70:20:multicore_interrupt_m0_core	4	static
ciaa_multicore_api.h:83:20:multicore_irq_clear	4	static
ciaa_scu_api.h:126:20:scu_set_pin_mode	16	static
ciaa_gpio_api.h:119:20:gpio_set_dir_out	16	static
ciaa_gpio_api.h:170:20:gpio_clr	16	static
ciaa_gpio_api.h:179:20:gpio_xor	16	static
ciaa_stdlib_m4.h:20:20:delay_ms	16	static
multicore_blinky.c:6:6:m0app_callback	8	static
multicore_blinky.c:11:5:main	8	static
multicore_blinky.c:41:6:M0APP_IRQHandler	8	static
