Archive member included to satisfy reference by file (symbol)

D:\Facultad\Quinto\TD III\ciaa-api\api\ciaa_api_common\Debug\libciaa_api_common.a(ciaa_gpio_api.o)
                              ./src/multicore_blinky.o (LED1)
D:\Facultad\Quinto\TD III\ciaa-api\api\ciaa_api_common\Debug\libciaa_api_common.a(ciaa_scu_api.o)
                              D:\Facultad\Quinto\TD III\ciaa-api\api\ciaa_api_common\Debug\libciaa_api_common.a(ciaa_gpio_api.o) (P2_0)
D:\Facultad\Quinto\TD III\ciaa-api\api\ciaa_api_common\Debug\libciaa_api_common.a(ciaa_stdlib.o)
                              ./src/multicore_blinky.o (sleep_ms)
D:\Facultad\Quinto\TD III\ciaa-api\api\ciaa_api_common\Debug\libciaa_api_common.a(ciaa_timer_api.o)
                              D:\Facultad\Quinto\TD III\ciaa-api\api\ciaa_api_common\Debug\libciaa_api_common.a(ciaa_stdlib.o) (timer_handlers)
D:\Facultad\Quinto\TD III\ciaa-api\chip\lpc_chip_43xx\Debug\liblpc_chip_43xx.a(chip_18xx_43xx.o)
                              D:\Facultad\Quinto\TD III\ciaa-api\api\ciaa_api_common\Debug\libciaa_api_common.a(ciaa_stdlib.o) (SystemCoreClock)
D:\Facultad\Quinto\TD III\ciaa-api\chip\lpc_chip_43xx\Debug\liblpc_chip_43xx.a(clock_18xx_43xx.o)
                              D:\Facultad\Quinto\TD III\ciaa-api\chip\lpc_chip_43xx\Debug\liblpc_chip_43xx.a(chip_18xx_43xx.o) (Chip_Clock_GetClockInputHz)
D:\Facultad\Quinto\TD III\ciaa-api\chip\lpc_chip_43xx\Debug\liblpc_chip_43xx.a(fpu_init.o)
                              ./src/sysinit.o (fpuInit)
D:\Facultad\Quinto\TD III\ciaa-api\chip\lpc_chip_43xx\Debug\liblpc_chip_43xx.a(sysinit_18xx_43xx.o)
                              ./src/sysinit.o (Chip_SystemInit)
D:\Facultad\Quinto\TD III\ciaa-api\api\ciaa_api_m4\Debug\libciaa_api_m4.a(ciaa_multicore_api_m4.o)
                              ./src/multicore_blinky.o (multicore_m0_start)
c:/nxp/mcuxpressoide_11.3.1_5262/ide/plugins/com.nxp.mcuxpresso.tools.win32_11.3.0.202008311133/tools/bin/../lib/gcc/arm-none-eabi/9.3.1/../../../../arm-none-eabi/lib/thumb/v7e-m+fp/softfp\libcr_nohost.a(_cr__main.o)
                              ./src/cr_startup_lpc43xx.o (__main)
c:/nxp/mcuxpressoide_11.3.1_5262/ide/plugins/com.nxp.mcuxpresso.tools.win32_11.3.0.202008311133/tools/bin/../lib/gcc/arm-none-eabi/9.3.1/../../../../arm-none-eabi/lib/thumb/v7e-m+fp/softfp\libcr_c.a(memset.o)
                              D:\Facultad\Quinto\TD III\ciaa-api\chip\lpc_chip_43xx\Debug\liblpc_chip_43xx.a(clock_18xx_43xx.o) (memset)
c:/nxp/mcuxpressoide_11.3.1_5262/ide/plugins/com.nxp.mcuxpresso.tools.win32_11.3.0.202008311133/tools/bin/../lib/gcc/arm-none-eabi/9.3.1/../../../../arm-none-eabi/lib/thumb/v7e-m+fp/softfp\libcr_c.a(initio.o)
                              c:/nxp/mcuxpressoide_11.3.1_5262/ide/plugins/com.nxp.mcuxpresso.tools.win32_11.3.0.202008311133/tools/bin/../lib/gcc/arm-none-eabi/9.3.1/../../../../arm-none-eabi/lib/thumb/v7e-m+fp/softfp\libcr_nohost.a(_cr__main.o) (_initio)
c:/nxp/mcuxpressoide_11.3.1_5262/ide/plugins/com.nxp.mcuxpresso.tools.win32_11.3.0.202008311133/tools/bin/../lib/gcc/arm-none-eabi/9.3.1/../../../../arm-none-eabi/lib/thumb/v7e-m+fp/softfp\libcr_c.a(setvbuf.o)
                              c:/nxp/mcuxpressoide_11.3.1_5262/ide/plugins/com.nxp.mcuxpresso.tools.win32_11.3.0.202008311133/tools/bin/../lib/gcc/arm-none-eabi/9.3.1/../../../../arm-none-eabi/lib/thumb/v7e-m+fp/softfp\libcr_c.a(initio.o) (setvbuf)
c:/nxp/mcuxpressoide_11.3.1_5262/ide/plugins/com.nxp.mcuxpresso.tools.win32_11.3.0.202008311133/tools/bin/../lib/gcc/arm-none-eabi/9.3.1/../../../../arm-none-eabi/lib/thumb/v7e-m+fp/softfp\libcr_c.a(_fdopen.o)
                              c:/nxp/mcuxpressoide_11.3.1_5262/ide/plugins/com.nxp.mcuxpresso.tools.win32_11.3.0.202008311133/tools/bin/../lib/gcc/arm-none-eabi/9.3.1/../../../../arm-none-eabi/lib/thumb/v7e-m+fp/softfp\libcr_c.a(initio.o) (_fdopen)
c:/nxp/mcuxpressoide_11.3.1_5262/ide/plugins/com.nxp.mcuxpresso.tools.win32_11.3.0.202008311133/tools/bin/../lib/gcc/arm-none-eabi/9.3.1/../../../../arm-none-eabi/lib/thumb/v7e-m+fp/softfp\libcr_c.a(fclose.o)
                              c:/nxp/mcuxpressoide_11.3.1_5262/ide/plugins/com.nxp.mcuxpresso.tools.win32_11.3.0.202008311133/tools/bin/../lib/gcc/arm-none-eabi/9.3.1/../../../../arm-none-eabi/lib/thumb/v7e-m+fp/softfp\libcr_c.a(initio.o) (fclose)
c:/nxp/mcuxpressoide_11.3.1_5262/ide/plugins/com.nxp.mcuxpresso.tools.win32_11.3.0.202008311133/tools/bin/../lib/gcc/arm-none-eabi/9.3.1/../../../../arm-none-eabi/lib/thumb/v7e-m+fp/softfp\libcr_c.a(fflush.o)
                              c:/nxp/mcuxpressoide_11.3.1_5262/ide/plugins/com.nxp.mcuxpresso.tools.win32_11.3.0.202008311133/tools/bin/../lib/gcc/arm-none-eabi/9.3.1/../../../../arm-none-eabi/lib/thumb/v7e-m+fp/softfp\libcr_c.a(fclose.o) (fflush)
c:/nxp/mcuxpressoide_11.3.1_5262/ide/plugins/com.nxp.mcuxpresso.tools.win32_11.3.0.202008311133/tools/bin/../lib/gcc/arm-none-eabi/9.3.1/../../../../arm-none-eabi/lib/thumb/v7e-m+fp/softfp\libcr_c.a(fseek.o)
[...]
Memory Configuration

Name             Origin             Length             Attributes
MFlashA512       0x1a000000         0x00080000         xr
MFlashB512       0x1b000000         0x00080000         xr
RamLoc32         0x10000000         0x00008000         xrw
RamLoc40         0x10080000         0x0000a000         xrw
RamAHB32         0x20000000         0x00008000         xrw
RamAHB16         0x20008000         0x00004000         xrw
RamAHB_ETB16     0x2000c000         0x00004000         xrw
*default*        0x00000000         0xffffffff

Linker script and memory map

LOAD ./src/cr_startup_lpc43xx.o
LOAD ./src/multicore_blinky.o
LOAD ./src/sysinit.o
LOAD D:/Facultad/Quinto/TD III/ciaa-api/examples/multicore/multicore_blinky/multicore_blinky_m0app/Debug/multicore_blinky_m0app.axf.o
LOAD D:\Facultad\Quinto\TD III\ciaa-api\api\ciaa_api_common\Debug\libciaa_api_common.a
LOAD D:\Facultad\Quinto\TD III\ciaa-api\chip\lpc_chip_43xx\Debug\liblpc_chip_43xx.a
LOAD D:\Facultad\Quinto\TD III\ciaa-api\api\ciaa_api_m4\Debug\libciaa_api_m4.a
START GROUP
LOAD c:/nxp/mcuxpressoide_11.3.1_5262/ide/plugins/com.nxp.mcuxpresso.tools.win32_11.3.0.202008311133/tools/bin/../lib/gcc/arm-none-eabi/9.3.1/../../../../arm-none-eabi/lib/thumb/v7e-m+fp/softfp\libcr_nohost.a
LOAD c:/nxp/mcuxpressoide_11.3.1_5262/ide/plugins/com.nxp.mcuxpresso.tools.win32_11.3.0.202008311133/tools/bin/../lib/gcc/arm-none-eabi/9.3.1/../../../../arm-none-eabi/lib/thumb/v7e-m+fp/softfp\libcr_c.a
LOAD c:/nxp/mcuxpressoide_11.3.1_5262/ide/plugins/com.nxp.mcuxpresso.tools.win32_11.3.0.202008311133/tools/bin/../lib/gcc/arm-none-eabi/9.3.1/thumb/v7e-m+fp/softfp\libcr_eabihelpers.a
LOAD c:/nxp/mcuxpressoide_11.3.1_5262/ide/plugins/com.nxp.mcuxpresso.tools.win32_11.3.0.202008311133/tools/bin/../lib/gcc/arm-none-eabi/9.3.1/thumb/v7e-m+fp/softfp\libgcc.a
END GROUP
                0x1a000000                __base_MFlashA512 = 0x1a000000
                0x1a000000                __base_Flash = 0x1a000000
                0x1a080000                __top_MFlashA512 = 0x1a080000
                0x1a080000                __top_Flash = 0x1a080000
                0x1b000000                __base_MFlashB512 = 0x1b000000
                0x1b000000                __base_Flash2 = 0x1b000000
                0x1b080000                __top_MFlashB512 = 0x1b080000
                0x1b080000                __top_Flash2 = 0x1b080000
                0x10000000                __base_RamLoc32 = 0x10000000
                0x10000000                __base_RAM = 0x10000000
                0x10008000                __top_RamLoc32 = 0x10008000
                0x10008000                __top_RAM = 0x10008000
                0x10080000                __base_RamLoc40 = 0x10080000
                0x10080000                __base_RAM2 = 0x10080000
                0x1008a000                __top_RamLoc40 = 0x1008a000
                0x1008a000                __top_RAM2 = 0x1008a000
                0x20000000                __base_RamAHB32 = 0x20000000
                0x20000000                __base_RAM3 = 0x20000000
                0x20008000                __top_RamAHB32 = 0x20008000
                0x20008000                __top_RAM3 = 0x20008000
                0x20008000                __base_RamAHB16 = 0x20008000
                0x20008000                __base_RAM4 = 0x20008000
                0x2000c000                __top_RamAHB16 = 0x2000c000
                0x2000c000                __top_RAM4 = 0x2000c000
                0x2000c000                __base_RamAHB_ETB16 = 0x2000c000
                0x2000c000                __base_RAM5 = 0x2000c000
                0x20010000                __top_RamAHB_ETB16 = 0x20010000
                0x20010000                __top_RAM5 = 0x20010000

.text.core_m0app_text
                0x1b000000      0xf80
 FILL mask 0xff
                0x1b000000                __core_m0app_START__ = .
 *(.core_m0app)
 .core_m0app    0x1b000000      0xf80 D:/Facultad/Quinto/TD III/ciaa-api/examples/multicore/multicore_blinky/multicore_blinky_m0app/Debug/multicore_blinky_m0app.axf.o

.text.core_m0app_ARM_extab
                0x1b000f80        0x0
 FILL mask 0xff
 *(.core_m0app.ARM.extab)

.text.core_m0app_ARM_exidx
                0x1b000f80        0x0
 FILL mask 0xff
 *(.core_m0app.ARM.exidx)

.text.core_m0app_data
                0x1b000f80       0x10
 FILL mask 0xff
 *(.core_m0app.data_*)
 .core_m0app.data_RAM2
                0x1b000f80        0x0 D:/Facultad/Quinto/TD III/ciaa-api/examples/multicore/multicore_blinky/multicore_blinky_m0app/Debug/multicore_blinky_m0app.axf.o
 .core_m0app.data_RAM3
                0x1b000f80        0x0 D:/Facultad/Quinto/TD III/ciaa-api/examples/multicore/multicore_blinky/multicore_blinky_m0app/Debug/multicore_blinky_m0app.axf.o
 .core_m0app.data_RAM4
                0x1b000f80        0x0 D:/Facultad/Quinto/TD III/ciaa-api/examples/multicore/multicore_blinky/multicore_blinky_m0app/Debug/multicore_blinky_m0app.axf.o
 *(.core_m0app.data)
 .core_m0app.data
                0x1b000f80       0x10 D:/Facultad/Quinto/TD III/ciaa-api/examples/multicore/multicore_blinky/multicore_blinky_m0app/Debug/multicore_blinky_m0app.axf.o
                0x1b000f80                __start_data_core_m0app
                0x1b000f90                __end_data_core_m0app
                0x1b000f90                __core_m0app_END__ = .
                0x00000001                ASSERT (! ((__core_m0app_START__ == __core_m0app_END__)), No slave code for _core_m0app)
                0x00000001                ASSERT ((ABSOLUTE (__core_m0app_START__) == __vectors_start___core_m0app), M0APP execute address differs from address provided in source image)

.text_Flash2    0x1b000f80        0x0
 FILL mask 0xff
 *(.text_Flash2)
 *(.text_MFlashB512)
 *(.text.$Flash2)
 *(.text.$MFlashB512)
 *(.text_Flash2.*)
 *(.text_MFlashB512.*)
 *(.text.$Flash2.*)
 *(.text.$MFlashB512.*)
 *(.rodata.$Flash2)
 *(.rodata.$MFlashB512)
 *(.rodata.$Flash2.*)
 *(.rodata.$MFlashB512.*)

.text           0x1a000000     0x1e18
 FILL mask 0xff
                0x1a000000                __vectors_start__ = ABSOLUTE (.)
 *(.isr_vector)
 .isr_vector    0x1a000000      0x114 ./src/cr_startup_lpc43xx.o
                0x1a000000                g_pfnVectors
                0x1a000114                . = ALIGN (0x4)
                0x1a000114                __section_table_start = .
                0x1a000114                __data_section_table = .
                0x1a000114        0x4 LONG 0x1a001e18 LOADADDR (.data)
                0x1a000118        0x4 LONG 0x10000000 ADDR (.data)
                0x1a00011c        0x4 LONG 0x24 SIZEOF (.data)
                0x1a000120        0x4 LONG 0x1a001e18 LOADADDR (.data_RAM2)
                0x1a000124        0x4 LONG 0x10080000 ADDR (.data_RAM2)
                0x1a000128        0x4 LONG 0x0 SIZEOF (.data_RAM2)
                0x1a00012c        0x4 LONG 0x1a001e18 LOADADDR (.data_RAM3)
                0x1a000130        0x4 LONG 0x20000000 ADDR (.data_RAM3)
                0x1a000134        0x4 LONG 0x0 SIZEOF (.data_RAM3)
                0x1a000138        0x4 LONG 0x1a001e18 LOADADDR (.data_RAM4)
                0x1a00013c        0x4 LONG 0x20008000 ADDR (.data_RAM4)
                0x1a000140        0x4 LONG 0x0 SIZEOF (.data_RAM4)
                0x1a000144        0x4 LONG 0x1a001e18 LOADADDR (.data_RAM5)
                0x1a000148        0x4 LONG 0x2000c000 ADDR (.data_RAM5)
                0x1a00014c        0x4 LONG 0x0 SIZEOF (.data_RAM5)
                0x1a000150                __data_section_table_end = .
                0x1a000150                __bss_section_table = .
                0x1a000150        0x4 LONG 0x10000024 ADDR (.bss)
                0x1a000154        0x4 LONG 0x204 SIZEOF (.bss)
                0x1a000158        0x4 LONG 0x10080000 ADDR (.bss_RAM2)
                0x1a00015c        0x4 LONG 0x0 SIZEOF (.bss_RAM2)
                0x1a000160        0x4 LONG 0x20000000 ADDR (.bss_RAM3)
                0x1a000164        0x4 LONG 0x0 SIZEOF (.bss_RAM3)
                0x1a000168        0x4 LONG 0x20008000 ADDR (.bss_RAM4)
                0x1a00016c        0x4 LONG 0x0 SIZEOF (.bss_RAM4)
                0x1a000170        0x4 LONG 0x2000c000 ADDR (.bss_RAM5)
                0x1a000174        0x4 LONG 0x0 SIZEOF (.bss_RAM5)
                0x1a000178                __bss_section_table_end = .
                0x1a000178                __section_table_end = .
 *(.after_vectors*)
 .after_vectors
                0x1a000178       0xbc ./src/cr_startup_lpc43xx.o
                0x1a000178                data_init
                0x1a0001be                bss_init
                0x1a0001f8                NMI_Handler
                0x1a0001fe                HardFault_Handler
                0x1a000204                MemManage_Handler
                0x1a00020a                BusFault_Handler
                0x1a000210                UsageFault_Handler
                0x1a000216                SVC_Handler
                0x1a00021c                DebugMon_Handler
                0x1a000222                PendSV_Handler
                0x1a000228                SysTick_Handler
                0x1a00022e                I2C1_IRQHandler
                0x1a00022e                UART1_IRQHandler
                0x1a00022e                GPIO5_IRQHandler
                0x1a00022e                CAN1_IRQHandler
                0x1a00022e                ATIMER_IRQHandler
                0x1a00022e                I2S0_IRQHandler
                0x1a00022e                UART0_IRQHandler
                0x1a00022e                SDIO_IRQHandler
                0x1a00022e                SGPIO_IRQHandler
                0x1a00022e                ADC0_IRQHandler
                0x1a00022e                USB1_IRQHandler
                0x1a00022e                GPIO6_IRQHandler
                0x1a00022e                IntDefaultHandler
                0x1a00022e                GPIO1_IRQHandler
                0x1a00022e                SSP0_IRQHandler
                0x1a00022e                I2C0_IRQHandler
                0x1a00022e                RTC_IRQHandler
                0x1a00022e                SPI_IRQHandler
                0x1a00022e                LCD_IRQHandler
                0x1a00022e                FLASH_EEPROM_IRQHandler
                0x1a00022e                UART2_IRQHandler
                0x1a00022e                GPIO2_IRQHandler
                0x1a00022e                I2S1_IRQHandler
                0x1a00022e                SSP1_IRQHandler
                0x1a00022e                USB0_IRQHandler
                0x1a00022e                GPIO3_IRQHandler
                0x1a00022e                SCT_IRQHandler
                0x1a00022e                ADCHS_IRQHandler
                0x1a00022e                WDT_IRQHandler
                0x1a00022e                RIT_IRQHandler
                0x1a00022e                GPIO7_IRQHandler
                0x1a00022e                SPIFI_IRQHandler
                0x1a00022e                QEI_IRQHandler
                0x1a00022e                ETH_IRQHandler
                0x1a00022e                CAN0_IRQHandler
                0x1a00022e                GINT0_IRQHandler
                0x1a00022e                DAC_IRQHandler
                0x1a00022e                M0SUB_IRQHandler
                0x1a00022e                GPIO0_IRQHandler
                0x1a00022e                DMA_IRQHandler
                0x1a00022e                EVRT_IRQHandler
                0x1a00022e                ADC1_IRQHandler
                0x1a00022e                UART3_IRQHandler
                0x1a00022e                MCPWM_IRQHandler
                0x1a00022e                GINT1_IRQHandler
                0x1a00022e                GPIO4_IRQHandler
 *(.text*)
 .text.ResetISR
                0x1a000234       0xc4 ./src/cr_startup_lpc43xx.o
                0x1a000234                ResetISR
 .text.NVIC_EnableIRQ
                0x1a0002f8       0x34 ./src/multicore_blinky.o
 .text.NVIC_DisableIRQ
                0x1a00032c       0x34 ./src/multicore_blinky.o
 .text.multicore_m0app_irq_set_enabled
                0x1a000360       0x26 ./src/multicore_blinky.o
 .text.multicore_interrupt_m0_core
                0x1a000386       0x18 ./src/multicore_blinky.o
 *fill*         0x1a00039e        0x2 ff
 .text.multicore_irq_clear
                0x1a0003a0       0x1c ./src/multicore_blinky.o
 .text.scu_set_pin_mode
                0x1a0003bc       0x34 ./src/multicore_blinky.o
 .text.gpio_set_dir_out
                0x1a0003f0       0x50 ./src/multicore_blinky.o
 .text.gpio_clr
                0x1a000440       0x34 ./src/multicore_blinky.o
 .text.gpio_xor
                0x1a000474       0x34 ./src/multicore_blinky.o
 .text.delay_ms
                0x1a0004a8       0x18 ./src/multicore_blinky.o
 .text.m0app_callback
                0x1a0004c0       0x18 ./src/multicore_blinky.o
                0x1a0004c0                m0app_callback
 .text.main     0x1a0004d8       0x5c ./src/multicore_blinky.o
                0x1a0004d8                main
 .text.M0APP_IRQHandler
                0x1a000534       0x10 ./src/multicore_blinky.o
                0x1a000534                M0APP_IRQHandler
 .text.SystemInit
                0x1a000544       0x28 ./src/sysinit.o
                0x1a000544                SystemInit
 .text.timer_ms_to_ticks
                0x1a00056c       0x50 D:\Facultad\Quinto\TD III\ciaa-api\api\ciaa_api_common\Debug\libciaa_api_common.a(ciaa_stdlib.o)
 .text.timer_get_base_register
                0x1a0005bc       0x34 D:\Facultad\Quinto\TD III\ciaa-api\api\ciaa_api_common\Debug\libciaa_api_common.a(ciaa_stdlib.o)
 .text.timer_get_base_clock
                0x1a0005f0       0x38 D:\Facultad\Quinto\TD III\ciaa-api\api\ciaa_api_common\Debug\libciaa_api_common.a(ciaa_stdlib.o)
 .text.timer_init
                0x1a000628       0x22 D:\Facultad\Quinto\TD III\ciaa-api\api\ciaa_api_common\Debug\libciaa_api_common.a(ciaa_stdlib.o)
 .text.timer_deinit
                0x1a00064a       0x22 D:\Facultad\Quinto\TD III\ciaa-api\api\ciaa_api_common\Debug\libciaa_api_common.a(ciaa_stdlib.o)
 .text.timer_set_match_ticks
                0x1a00066c       0x22 D:\Facultad\Quinto\TD III\ciaa-api\api\ciaa_api_common\Debug\libciaa_api_common.a(ciaa_stdlib.o)
 .text.timer_start
                0x1a00068e       0x24 D:\Facultad\Quinto\TD III\ciaa-api\api\ciaa_api_common\Debug\libciaa_api_common.a(ciaa_stdlib.o)
 .text.timer_stop
                0x1a0006b2       0x24 D:\Facultad\Quinto\TD III\ciaa-api\api\ciaa_api_common\Debug\libciaa_api_common.a(ciaa_stdlib.o)
 *fill*         0x1a0006d6        0x2 ff
 .text.timer_set_irq_handler
                0x1a0006d8       0x28 D:\Facultad\Quinto\TD III\ciaa-api\api\ciaa_api_common\Debug\libciaa_api_common.a(ciaa_stdlib.o)
 .text.sleep_set_flag
                0x1a000700       0x24 D:\Facultad\Quinto\TD III\ciaa-api\api\ciaa_api_common\Debug\libciaa_api_common.a(ciaa_stdlib.o)
 .text.sleep_clear_flag
                0x1a000724       0x24 D:\Facultad\Quinto\TD III\ciaa-api\api\ciaa_api_common\Debug\libciaa_api_common.a(ciaa_stdlib.o)
 .text.sleep_get_flag
                0x1a000748       0x20 D:\Facultad\Quinto\TD III\ciaa-api\api\ciaa_api_common\Debug\libciaa_api_common.a(ciaa_stdlib.o)
 .text.sleep_ms
                0x1a000768       0x26 D:\Facultad\Quinto\TD III\ciaa-api\api\ciaa_api_common\Debug\libciaa_api_common.a(ciaa_stdlib.o)
                0x1a000768                sleep_ms
 *fill*         0x1a00078e        0x2 ff
 .text.sleep_ticks
                0x1a000790       0x84 D:\Facultad\Quinto\TD III\ciaa-api\api\ciaa_api_common\Debug\libciaa_api_common.a(ciaa_stdlib.o)
                0x1a000790                sleep_ticks
 .text.NVIC_EnableIRQ
                0x1a000814       0x34 D:\Facultad\Quinto\TD III\ciaa-api\api\ciaa_api_common\Debug\libciaa_api_common.a(ciaa_timer_api.o)
 .text.NVIC_ClearPendingIRQ
                0x1a000848       0x34 D:\Facultad\Quinto\TD III\ciaa-api\api\ciaa_api_common\Debug\libciaa_api_common.a(ciaa_timer_api.o)
 .text.timer_get_base_register
                0x1a00087c       0x34 D:\Facultad\Quinto\TD III\ciaa-api\api\ciaa_api_common\Debug\libciaa_api_common.a(ciaa_timer_api.o)
 .text.timer_get_match_pending
                0x1a0008b0       0x2c D:\Facultad\Quinto\TD III\ciaa-api\api\ciaa_api_common\Debug\libciaa_api_common.a(ciaa_timer_api.o)
 .text.timer_clear_irq_flag
                0x1a0008dc       0x20 D:\Facultad\Quinto\TD III\ciaa-api\api\ciaa_api_common\Debug\libciaa_api_common.a(ciaa_timer_api.o)
 .text.timer_reset
                0x1a0008fc       0x6a D:\Facultad\Quinto\TD III\ciaa-api\api\ciaa_api_common\Debug\libciaa_api_common.a(ciaa_timer_api.o)
                0x1a0008fc                timer_reset
 *fill*         0x1a000966        0x2 ff
 .text.timer_set_irq_enabled
                0x1a000968       0x70 D:\Facultad\Quinto\TD III\ciaa-api\api\ciaa_api_common\Debug\libciaa_api_common.a(ciaa_timer_api.o)
                0x1a000968                timer_set_irq_enabled
 .text.TIMER0_IRQHandler
                0x1a0009d8       0x30 D:\Facultad\Quinto\TD III\ciaa-api\api\ciaa_api_common\Debug\libciaa_api_common.a(ciaa_timer_api.o)
                0x1a0009d8                TIMER0_IRQHandler
 .text.TIMER1_IRQHandler
                0x1a000a08       0x30 D:\Facultad\Quinto\TD III\ciaa-api\api\ciaa_api_common\Debug\libciaa_api_common.a(ciaa_timer_api.o)
                0x1a000a08                TIMER1_IRQHandler
 .text.TIMER2_IRQHandler
                0x1a000a38       0x30 D:\Facultad\Quinto\TD III\ciaa-api\api\ciaa_api_common\Debug\libciaa_api_common.a(ciaa_timer_api.o)
                0x1a000a38                TIMER2_IRQHandler
 .text.TIMER3_IRQHandler
                0x1a000a68       0x30 D:\Facultad\Quinto\TD III\ciaa-api\api\ciaa_api_common\Debug\libciaa_api_common.a(ciaa_timer_api.o)
                0x1a000a68                TIMER3_IRQHandler
 .text.SystemCoreClockUpdate
                0x1a000a98       0x18 D:\Facultad\Quinto\TD III\ciaa-api\chip\lpc_chip_43xx\Debug\liblpc_chip_43xx.a(chip_18xx_43xx.o)
                0x1a000a98                SystemCoreClockUpdate
 .text.ABS      0x1a000ab0       0x22 D:\Facultad\Quinto\TD III\ciaa-api\chip\lpc_chip_43xx\Debug\liblpc_chip_43xx.a(clock_18xx_43xx.o)
 *fill*         0x1a000ad2        0x2 ff
 .text.pll_calc_divs
                0x1a000ad4      0x124 D:\Facultad\Quinto\TD III\ciaa-api\chip\lpc_chip_43xx\Debug\liblpc_chip_43xx.a(clock_18xx_43xx.o)
 .text.pll_get_frac
                0x1a000bf8      0x180 D:\Facultad\Quinto\TD III\ciaa-api\chip\lpc_chip_43xx\Debug\liblpc_chip_43xx.a(clock_18xx_43xx.o)
 .text.Chip_Clock_GetDivRate
                0x1a000d78       0x40 D:\Facultad\Quinto\TD III\ciaa-api\chip\lpc_chip_43xx\Debug\liblpc_chip_43xx.a(clock_18xx_43xx.o)
 .text.Chip_Clock_FindBaseClock
                0x1a000db8       0x90 D:\Facultad\Quinto\TD III\ciaa-api\chip\lpc_chip_43xx\Debug\liblpc_chip_43xx.a(clock_18xx_43xx.o)
 .text.Chip_Clock_EnableCrystal
                0x1a000e48       0x70 D:\Facultad\Quinto\TD III\ciaa-api\chip\lpc_chip_43xx\Debug\liblpc_chip_43xx.a(clock_18xx_43xx.o)
                0x1a000e48                Chip_Clock_EnableCrystal
 .text.Chip_Clock_CalcMainPLLValue
                0x1a000eb8       0xd8 D:\Facultad\Quinto\TD III\ciaa-api\chip\lpc_chip_43xx\Debug\liblpc_chip_43xx.a(clock_18xx_43xx.o)
                0x1a000eb8                Chip_Clock_CalcMainPLLValue
 .text.Chip_Clock_GetMainPLLHz
                0x1a000f90       0xbc D:\Facultad\Quinto\TD III\ciaa-api\chip\lpc_chip_43xx\Debug\liblpc_chip_43xx.a(clock_18xx_43xx.o)
                0x1a000f90                Chip_Clock_GetMainPLLHz
 .text.Chip_Clock_GetDividerSource
                0x1a00104c       0x40 D:\Facultad\Quinto\TD III\ciaa-api\chip\lpc_chip_43xx\Debug\liblpc_chip_43xx.a(clock_18xx_43xx.o)
                0x1a00104c                Chip_Clock_GetDividerSource
 .text.Chip_Clock_GetDividerDivisor
                0x1a00108c       0x38 D:\Facultad\Quinto\TD III\ciaa-api\chip\lpc_chip_43xx\Debug\liblpc_chip_43xx.a(clock_18xx_43xx.o)
                0x1a00108c                Chip_Clock_GetDividerDivisor
 .text.Chip_Clock_GetClockInputHz
                0x1a0010c4      0x140 D:\Facultad\Quinto\TD III\ciaa-api\chip\lpc_chip_43xx\Debug\liblpc_chip_43xx.a(clock_18xx_43xx.o)
                0x1a0010c4                Chip_Clock_GetClockInputHz
 .text.Chip_Clock_GetBaseClocktHz
                0x1a001204       0x24 D:\Facultad\Quinto\TD III\ciaa-api\chip\lpc_chip_43xx\Debug\liblpc_chip_43xx.a(clock_18xx_43xx.o)
                0x1a001204                Chip_Clock_GetBaseClocktHz
 .text.Chip_Clock_SetBaseClock
                0x1a001228       0x9c D:\Facultad\Quinto\TD III\ciaa-api\chip\lpc_chip_43xx\Debug\liblpc_chip_43xx.a(clock_18xx_43xx.o)
                0x1a001228                Chip_Clock_SetBaseClock
 .text.Chip_Clock_GetBaseClock
                0x1a0012c4       0x4c D:\Facultad\Quinto\TD III\ciaa-api\chip\lpc_chip_43xx\Debug\liblpc_chip_43xx.a(clock_18xx_43xx.o)
                0x1a0012c4                Chip_Clock_GetBaseClock
 .text.Chip_Clock_Enable
                0x1a001310       0x60 D:\Facultad\Quinto\TD III\ciaa-api\chip\lpc_chip_43xx\Debug\liblpc_chip_43xx.a(clock_18xx_43xx.o)
                0x1a001310                Chip_Clock_Enable
 .text.Chip_Clock_Disable
                0x1a001370       0x60 D:\Facultad\Quinto\TD III\ciaa-api\chip\lpc_chip_43xx\Debug\liblpc_chip_43xx.a(clock_18xx_43xx.o)
                0x1a001370                Chip_Clock_Disable
 .text.Chip_Clock_GetRate
                0x1a0013d0       0x88 D:\Facultad\Quinto\TD III\ciaa-api\chip\lpc_chip_43xx\Debug\liblpc_chip_43xx.a(clock_18xx_43xx.o)
                0x1a0013d0                Chip_Clock_GetRate
 .text.fpuInit  0x1a001458       0x74 D:\Facultad\Quinto\TD III\ciaa-api\chip\lpc_chip_43xx\Debug\liblpc_chip_43xx.a(fpu_init.o)
                0x1a001458                fpuInit
 .text.Chip_Clock_DisableMainPLL
                0x1a0014cc       0x20 D:\Facultad\Quinto\TD III\ciaa-api\chip\lpc_chip_43xx\Debug\liblpc_chip_43xx.a(sysinit_18xx_43xx.o)
 .text.Chip_Clock_SetupMainPLL
                0x1a0014ec       0x48 D:\Facultad\Quinto\TD III\ciaa-api\chip\lpc_chip_43xx\Debug\liblpc_chip_43xx.a(sysinit_18xx_43xx.o)
 .text.Chip_Clock_MainPLLLocked
                0x1a001534       0x24 D:\Facultad\Quinto\TD III\ciaa-api\chip\lpc_chip_43xx\Debug\liblpc_chip_43xx.a(sysinit_18xx_43xx.o)
 .text.Chip_SetupCoreClock
                0x1a001558      0x148 D:\Facultad\Quinto\TD III\ciaa-api\chip\lpc_chip_43xx\Debug\liblpc_chip_43xx.a(sysinit_18xx_43xx.o)
                0x1a001558                Chip_SetupCoreClock
 .text.Chip_SetupIrcClocking
                0x1a0016a0       0x18 D:\Facultad\Quinto\TD III\ciaa-api\chip\lpc_chip_43xx\Debug\liblpc_chip_43xx.a(sysinit_18xx_43xx.o)
                0x1a0016a0                Chip_SetupIrcClocking
 .text.Chip_SystemInit
                0x1a0016b8        0xc D:\Facultad\Quinto\TD III\ciaa-api\chip\lpc_chip_43xx\Debug\liblpc_chip_43xx.a(sysinit_18xx_43xx.o)
                0x1a0016b8                Chip_SystemInit
 .text.Chip_RGU_TriggerReset
                0x1a0016c4       0x34 D:\Facultad\Quinto\TD III\ciaa-api\api\ciaa_api_m4\Debug\libciaa_api_m4.a(ciaa_multicore_api_m4.o)
 .text.Chip_RGU_ClearReset
                0x1a0016f8       0x2c D:\Facultad\Quinto\TD III\ciaa-api\api\ciaa_api_m4\Debug\libciaa_api_m4.a(ciaa_multicore_api_m4.o)
 .text.multicore_m0_check_alignment
                0x1a001724       0x1a D:\Facultad\Quinto\TD III\ciaa-api\api\ciaa_api_m4\Debug\libciaa_api_m4.a(ciaa_multicore_api_m4.o)
 .text.multicore_m0_sanity_check
                0x1a00173e       0x2c D:\Facultad\Quinto\TD III\ciaa-api\api\ciaa_api_m4\Debug\libciaa_api_m4.a(ciaa_multicore_api_m4.o)
 *fill*         0x1a00176a        0x2 ff
 .text.multicore_m0_set_memory_map
                0x1a00176c       0x28 D:\Facultad\Quinto\TD III\ciaa-api\api\ciaa_api_m4\Debug\libciaa_api_m4.a(ciaa_multicore_api_m4.o)
 .text.multicore_m0_start
                0x1a001794       0x52 D:\Facultad\Quinto\TD III\ciaa-api\api\ciaa_api_m4\Debug\libciaa_api_m4.a(ciaa_multicore_api_m4.o)
                0x1a001794                multicore_m0_start
 .text.__main   0x1a0017e6        0xe c:/nxp/mcuxpressoide_11.3.1_5262/ide/plugins/com.nxp.mcuxpresso.tools.win32_11.3.0.202008311133/tools/bin/../lib/gcc/arm-none-eabi/9.3.1/../../../../arm-none-eabi/lib/thumb/v7e-m+fp/softfp\libcr_nohost.a(_cr__main.o)
                0x1a0017e6                __main
 .text.memset   0x1a0017f4        0x4 c:/nxp/mcuxpressoide_11.3.1_5262/ide/plugins/com.nxp.mcuxpresso.tools.win32_11.3.0.202008311133/tools/bin/../lib/gcc/arm-none-eabi/9.3.1/../../../../arm-none-eabi/lib/thumb/v7e-m+fp/softfp\libcr_c.a(memset.o)
                0x1a0017f4                memset
 .text._initio  0x1a0017f8       0x78 c:/nxp/mcuxpressoide_11.3.1_5262/ide/plugins/com.nxp.mcuxpresso.tools.win32_11.3.0.202008311133/tools/bin/../lib/gcc/arm-none-eabi/9.3.1/../../../../arm-none-eabi/lib/thumb/v7e-m+fp/softfp\libcr_c.a(initio.o)
                0x1a0017f8                _initio
 .text.setvbuf  0x1a001870       0x3e c:/nxp/mcuxpressoide_11.3.1_5262/ide/plugins/com.nxp.mcuxpresso.tools.win32_11.3.0.202008311133/tools/bin/../lib/gcc/arm-none-eabi/9.3.1/../../../../arm-none-eabi/lib/thumb/v7e-m+fp/softfp\libcr_c.a(setvbuf.o)
                0x1a001870                setvbuf
 .text._fdopen  0x1a0018ae       0x68 c:/nxp/mcuxpressoide_11.3.1_5262/ide/plugins/com.nxp.mcuxpresso.tools.win32_11.3.0.202008311133/tools/bin/../lib/gcc/arm-none-eabi/9.3.1/../../../../arm-none-eabi/lib/thumb/v7e-m+fp/softfp\libcr_c.a(_fdopen.o)
                0x1a0018ae                _fdopen
 .text.fclose   0x1a001916       0x58 c:/nxp/mcuxpressoide_11.3.1_5262/ide/plugins/com.nxp.mcuxpresso.tools.win32_11.3.0.202008311133/tools/bin/../lib/gcc/arm-none-eabi/9.3.1/../../../../arm-none-eabi/lib/thumb/v7e-m+fp/softfp\libcr_c.a(fclose.o)
                0x1a001916                fclose
 *fill*         0x1a00196e        0x2 ff
 .text.fflush   0x1a001970       0x44 c:/nxp/mcuxpressoide_11.3.1_5262/ide/plugins/com.nxp.mcuxpresso.tools.win32_11.3.0.202008311133/tools/bin/../lib/gcc/arm-none-eabi/9.3.1/../../../../arm-none-eabi/lib/thumb/v7e-m+fp/softfp\libcr_c.a(fflush.o)
                0x1a001970                fflush
 .text.fseek    0x1a0019b4      0x100 c:/nxp/mcuxpressoide_11.3.1_5262/ide/plugins/com.nxp.mcuxpresso.tools.win32_11.3.0.202008311133/tools/bin/../lib/gcc/arm-none-eabi/9.3.1/../../../../arm-none-eabi/lib/thumb/v7e-m+fp/softfp\libcr_c.a(fseek.o)
                0x1a0019b4                fseek
 .text.ftell    0x1a001ab4       0x44 c:/nxp/mcuxpressoide_11.3.1_5262/ide/plugins/com.nxp.mcuxpresso.tools.win32_11.3.0.202008311133/tools/bin/../lib/gcc/arm-none-eabi/9.3.1/../../../../arm-none-eabi/lib/thumb/v7e-m+fp/softfp\libcr_c.a(ftell.o)
                0x1a001ab4                ftell
 .text.remove   0x1a001af8       0x14 c:/nxp/mcuxpressoide_11.3.1_5262/ide/plugins/com.nxp.mcuxpresso.tools.win32_11.3.0.202008311133/tools/bin/../lib/gcc/arm-none-eabi/9.3.1/../../../../arm-none-eabi/lib/thumb/v7e-m+fp/softfp\libcr_c.a(remove.o)
                0x1a001af8                remove
 .text.strlen   0x1a001b0c       0x4c c:/nxp/mcuxpressoide_11.3.1_5262/ide/plugins/com.nxp.mcuxpresso.tools.win32_11.3.0.202008311133/tools/bin/../lib/gcc/arm-none-eabi/9.3.1/../../../../arm-none-eabi/lib/thumb/v7e-m+fp/softfp\libcr_c.a(strlen.o)
                0x1a001b0c                strlen
 .text._do_fflush
                0x1a001b58       0x40 c:/nxp/mcuxpressoide_11.3.1_5262/ide/plugins/com.nxp.mcuxpresso.tools.win32_11.3.0.202008311133/tools/bin/../lib/gcc/arm-none-eabi/9.3.1/../../../../arm-none-eabi/lib/thumb/v7e-m+fp/softfp\libcr_c.a(_do_fflush.o)
                0x1a001b58                _do_fflush
 .text._fflush  0x1a001b98       0x52 c:/nxp/mcuxpressoide_11.3.1_5262/ide/plugins/com.nxp.mcuxpresso.tools.win32_11.3.0.202008311133/tools/bin/../lib/gcc/arm-none-eabi/9.3.1/../../../../arm-none-eabi/lib/thumb/v7e-m+fp/softfp\libcr_c.a(_fflush.o)
                0x1a001b98                _fflush
 *fill*         0x1a001bea        0x2 ff
 .text._Cwritebuf
                0x1a001bec       0x6c c:/nxp/mcuxpressoide_11.3.1_5262/ide/plugins/com.nxp.mcuxpresso.tools.win32_11.3.0.202008311133/tools/bin/../lib/gcc/arm-none-eabi/9.3.1/../../../../arm-none-eabi/lib/thumb/v7e-m+fp/softfp\libcr_c.a(_writebuf.o)
                0x1a001bec                _Cwritebuf
 .text.free     0x1a001c58       0x30 c:/nxp/mcuxpressoide_11.3.1_5262/ide/plugins/com.nxp.mcuxpresso.tools.win32_11.3.0.202008311133/tools/bin/../lib/gcc/arm-none-eabi/9.3.1/../../../../arm-none-eabi/lib/thumb/v7e-m+fp/softfp\libcr_c.a(alloc.o)
                0x1a001c58                free
 .text._deferredlazyseek
                0x1a001c88       0x40 c:/nxp/mcuxpressoide_11.3.1_5262/ide/plugins/com.nxp.mcuxpresso.tools.win32_11.3.0.202008311133/tools/bin/../lib/gcc/arm-none-eabi/9.3.1/../../../../arm-none-eabi/lib/thumb/v7e-m+fp/softfp\libcr_c.a(_deferredlazyseek.o)
                0x1a001c88                _deferredlazyseek
 .text.__aeabi_memset_lowlevel
                0x1a001cc8       0x32 c:/nxp/mcuxpressoide_11.3.1_5262/ide/plugins/com.nxp.mcuxpresso.tools.win32_11.3.0.202008311133/tools/bin/../lib/gcc/arm-none-eabi/9.3.1/thumb/v7e-m+fp/softfp\libcr_eabihelpers.a(memcpy.o)
                0x1a001cc8                __aeabi_lowlevel_memset
 .text.__sys_close
                0x1a001cfa        0x6 c:/nxp/mcuxpressoide_11.3.1_5262/ide/plugins/com.nxp.mcuxpresso.tools.win32_11.3.0.202008311133/tools/bin/../lib/gcc/arm-none-eabi/9.3.1/../../../../arm-none-eabi/lib/thumb/v7e-m+fp/softfp\libcr_nohost.a(__sys_close.o)
                0x1a001cfa                __sys_close
 .text.__sys_flen
                0x1a001d00        0x6 c:/nxp/mcuxpressoide_11.3.1_5262/ide/plugins/com.nxp.mcuxpresso.tools.win32_11.3.0.202008311133/tools/bin/../lib/gcc/arm-none-eabi/9.3.1/../../../../arm-none-eabi/lib/thumb/v7e-m+fp/softfp\libcr_nohost.a(__sys_flen.o)
                0x1a001d00                __sys_flen
 .text.__sys_istty
                0x1a001d06        0x6 c:/nxp/mcuxpressoide_11.3.1_5262/ide/plugins/com.nxp.mcuxpresso.tools.win32_11.3.0.202008311133/tools/bin/../lib/gcc/arm-none-eabi/9.3.1/../../../../arm-none-eabi/lib/thumb/v7e-m+fp/softfp\libcr_nohost.a(__sys_istty.o)
                0x1a001d06                __sys_istty
 .text.__sys_remove
                0x1a001d0c        0x6 c:/nxp/mcuxpressoide_11.3.1_5262/ide/plugins/com.nxp.mcuxpresso.tools.win32_11.3.0.202008311133/tools/bin/../lib/gcc/arm-none-eabi/9.3.1/../../../../arm-none-eabi/lib/thumb/v7e-m+fp/softfp\libcr_nohost.a(__sys_remove.o)
                0x1a001d0c                __sys_remove
 .text.__sys_seek
                0x1a001d12        0x6 c:/nxp/mcuxpressoide_11.3.1_5262/ide/plugins/com.nxp.mcuxpresso.tools.win32_11.3.0.202008311133/tools/bin/../lib/gcc/arm-none-eabi/9.3.1/../../../../arm-none-eabi/lib/thumb/v7e-m+fp/softfp\libcr_nohost.a(__sys_seek.o)
                0x1a001d12                __sys_seek
 .text.__sys_tmpnam
                0x1a001d18        0x6 c:/nxp/mcuxpressoide_11.3.1_5262/ide/plugins/com.nxp.mcuxpresso.tools.win32_11.3.0.202008311133/tools/bin/../lib/gcc/arm-none-eabi/9.3.1/../../../../arm-none-eabi/lib/thumb/v7e-m+fp/softfp\libcr_nohost.a(__sys_tmpnam.o)
                0x1a001d18                __sys_tmpnam
 .text.__sys_write
                0x1a001d1e        0x4 c:/nxp/mcuxpressoide_11.3.1_5262/ide/plugins/com.nxp.mcuxpresso.tools.win32_11.3.0.202008311133/tools/bin/../lib/gcc/arm-none-eabi/9.3.1/../../../../arm-none-eabi/lib/thumb/v7e-m+fp/softfp\libcr_nohost.a(__sys_write.o)
                0x1a001d1e                __sys_write
 *(.rodata .rodata.* .constdata .constdata.*)
 *fill*         0x1a001d22        0x2 ff
 .rodata.ExtRateIn
                0x1a001d24        0x4 ./src/sysinit.o
                0x1a001d24                ExtRateIn
 .rodata.OscRateIn
                0x1a001d28        0x4 ./src/sysinit.o
                0x1a001d28                OscRateIn
 .rodata        0x1a001d2c       0x18 D:\Facultad\Quinto\TD III\ciaa-api\api\ciaa_api_common\Debug\libciaa_api_common.a(ciaa_stdlib.o)
 .rodata        0x1a001d44       0x10 D:\Facultad\Quinto\TD III\ciaa-api\api\ciaa_api_common\Debug\libciaa_api_common.a(ciaa_timer_api.o)
 .rodata.periph_to_base
                0x1a001d54       0x6c D:\Facultad\Quinto\TD III\ciaa-api\chip\lpc_chip_43xx\Debug\liblpc_chip_43xx.a(clock_18xx_43xx.o)
 .rodata.Chip_Clock_SetDivider.str1.4
                0x1a001dc0        0x6 D:\Facultad\Quinto\TD III\ciaa-api\chip\lpc_chip_43xx\Debug\liblpc_chip_43xx.a(clock_18xx_43xx.o)
 *fill*         0x1a001dc6        0x2 ff
 .rodata.InitClkStates
                0x1a001dc8       0x48 D:\Facultad\Quinto\TD III\ciaa-api\chip\lpc_chip_43xx\Debug\liblpc_chip_43xx.a(sysinit_18xx_43xx.o)
 .rodata._initio.str1.1
                0x1a001e10        0x4 c:/nxp/mcuxpressoide_11.3.1_5262/ide/plugins/com.nxp.mcuxpresso.tools.win32_11.3.0.202008311133/tools/bin/../lib/gcc/arm-none-eabi/9.3.1/../../../../arm-none-eabi/lib/thumb/v7e-m+fp/softfp\libcr_c.a(initio.o)
 .rodata.__num_Ciob_streams
                0x1a001e14        0x4 c:/nxp/mcuxpressoide_11.3.1_5262/ide/plugins/com.nxp.mcuxpresso.tools.win32_11.3.0.202008311133/tools/bin/../lib/gcc/arm-none-eabi/9.3.1/../../../../arm-none-eabi/lib/thumb/v7e-m+fp/softfp\libcr_nohost.a(__ciob.o)
                0x1a001e14                __num_Ciob_streams
                0x1a001e18                . = ALIGN (0x4)

.glue_7         0x1a001e18        0x0
 .glue_7        0x1a001e18        0x0 linker stubs

.glue_7t        0x1a001e18        0x0
 .glue_7t       0x1a001e18        0x0 linker stubs

.vfp11_veneer   0x1a001e18        0x0
 .vfp11_veneer  0x1a001e18        0x0 linker stubs

.v4_bx          0x1a001e18        0x0
 .v4_bx         0x1a001e18        0x0 linker stubs

.iplt           0x1a001e18        0x0
 .iplt          0x1a001e18        0x0 ./src/cr_startup_lpc43xx.o

.rel.dyn        0x1a001e18        0x0
 .rel.iplt      0x1a001e18        0x0 ./src/cr_startup_lpc43xx.o

.ARM.extab
 *(.ARM.extab* .gnu.linkonce.armextab.*)

.ARM.exidx      0x1a001e18        0x0
                0x1a001e18                __exidx_start = .
 *(.ARM.exidx* .gnu.linkonce.armexidx.*)
                0x1a001e18                __exidx_end = .
                0x1a001e18                _etext = .

.data_RAM2      0x10080000        0x0 load address 0x1a001e18
 FILL mask 0xff
                [!provide]                PROVIDE (__start_data_RAM2 = .)
                [!provide]                PROVIDE (__start_data_RamLoc40 = .)
 *(.ramfunc.$RAM2)
 *(.ramfunc.$RamLoc40)
 *(.data.$RAM2)
 *(.data.$RamLoc40)
 *(.data.$RAM2.*)
 *(.data.$RamLoc40.*)
                0x10080000                . = ALIGN (0x4)
                [!provide]                PROVIDE (__end_data_RAM2 = .)
                [!provide]                PROVIDE (__end_data_RamLoc40 = .)

.data_RAM3      0x20000000        0x0 load address 0x1a001e18
 FILL mask 0xff
                [!provide]                PROVIDE (__start_data_RAM3 = .)
                [!provide]                PROVIDE (__start_data_RamAHB32 = .)
 *(.ramfunc.$RAM3)
 *(.ramfunc.$RamAHB32)
 *(.data.$RAM3)
 *(.data.$RamAHB32)
 *(.data.$RAM3.*)
 *(.data.$RamAHB32.*)
                0x20000000                . = ALIGN (0x4)
                [!provide]                PROVIDE (__end_data_RAM3 = .)
                [!provide]                PROVIDE (__end_data_RamAHB32 = .)

.data_RAM4      0x20008000        0x0 load address 0x1a001e18
 FILL mask 0xff
                [!provide]                PROVIDE (__start_data_RAM4 = .)
                [!provide]                PROVIDE (__start_data_RamAHB16 = .)
 *(.ramfunc.$RAM4)
 *(.ramfunc.$RamAHB16)
 *(.data.$RAM4)
 *(.data.$RamAHB16)
 *(.data.$RAM4.*)
 *(.data.$RamAHB16.*)
                0x20008000                . = ALIGN (0x4)
                [!provide]                PROVIDE (__end_data_RAM4 = .)
                [!provide]                PROVIDE (__end_data_RamAHB16 = .)

.data_RAM5      0x2000c000        0x0 load address 0x1a001e18
 FILL mask 0xff
                [!provide]                PROVIDE (__start_data_RAM5 = .)
                [!provide]                PROVIDE (__start_data_RamAHB_ETB16 = .)
 *(.ramfunc.$RAM5)
 *(.ramfunc.$RamAHB_ETB16)
 *(.data.$RAM5)
 *(.data.$RamAHB_ETB16)
 *(.data.$RAM5.*)
 *(.data.$RamAHB_ETB16.*)
                0x2000c000                . = ALIGN (0x4)
                [!provide]                PROVIDE (__end_data_RAM5 = .)
                [!provide]                PROVIDE (__end_data_RamAHB_ETB16 = .)

.uninit_RESERVED
                0x10000000        0x0
                0x10000000                _start_uninit_RESERVED = .
 *(.bss.$RESERVED*)
                0x10000000                . = ALIGN (0x4)
                0x10000000                _end_uninit_RESERVED = .
 .uninit_RESERVED
                0x10000000        0x0 D:/Facultad/Quinto/TD III/ciaa-api/examples/multicore/multicore_blinky/multicore_blinky_m0app/Debug/multicore_blinky_m0app.axf.o

.data           0x10000000       0x24 load address 0x1a001e18
 FILL mask 0xff
                0x10000000                _data = .
                [!provide]                PROVIDE (__start_data_RAM = .)
                [!provide]                PROVIDE (__start_data_RamLoc32 = .)
 *(vtable)
 *(.ramfunc*)
 *(CodeQuickAccess)
 *(DataQuickAccess)
 *(RamFunction)
 *(.data*)
 .data.LED1     0x10000000        0x8 D:\Facultad\Quinto\TD III\ciaa-api\api\ciaa_api_common\Debug\libciaa_api_common.a(ciaa_gpio_api.o)
                0x10000000                LED1
 .data.LED3     0x10000008        0x8 D:\Facultad\Quinto\TD III\ciaa-api\api\ciaa_api_common\Debug\libciaa_api_common.a(ciaa_gpio_api.o)
                0x10000008                LED3
 .data.P2_10    0x10000010        0x8 D:\Facultad\Quinto\TD III\ciaa-api\api\ciaa_api_common\Debug\libciaa_api_common.a(ciaa_scu_api.o)
                0x10000010                P2_10
 .data.P2_12    0x10000018        0x8 D:\Facultad\Quinto\TD III\ciaa-api\api\ciaa_api_common\Debug\libciaa_api_common.a(ciaa_scu_api.o)
                0x10000018                P2_12
 .data.TIMER_IRQS
                0x10000020        0x4 D:\Facultad\Quinto\TD III\ciaa-api\api\ciaa_api_common\Debug\libciaa_api_common.a(ciaa_timer_api.o)
                0x10000020                TIMER_IRQS
                0x10000024                . = ALIGN (0x4)
                0x10000024                _edata = .
                [!provide]                PROVIDE (__end_data_RAM = .)
                [!provide]                PROVIDE (__end_data_RamLoc32 = .)

.igot.plt       0x10000024        0x0 load address 0x1a001e3c
 .igot.plt      0x10000024        0x0 ./src/cr_startup_lpc43xx.o

.bss_RAM2       0x10080000        0x0
                [!provide]                PROVIDE (__start_bss_RAM2 = .)
                [!provide]                PROVIDE (__start_bss_RamLoc40 = .)
 *(.bss.$RAM2)
 *(.bss.$RamLoc40)
 *(.bss.$RAM2.*)
 *(.bss.$RamLoc40.*)
                0x10080000                . = ALIGN ((. != 0x0)?0x4:0x1)
                [!provide]                PROVIDE (__end_bss_RAM2 = .)
                [!provide]                PROVIDE (__end_bss_RamLoc40 = .)

.bss_RAM3       0x20000000        0x0
                [!provide]                PROVIDE (__start_bss_RAM3 = .)
                [!provide]                PROVIDE (__start_bss_RamAHB32 = .)
 *(.bss.$RAM3)
 *(.bss.$RamAHB32)
 *(.bss.$RAM3.*)
 *(.bss.$RamAHB32.*)
                0x20000000                . = ALIGN ((. != 0x0)?0x4:0x1)
                [!provide]                PROVIDE (__end_bss_RAM3 = .)
                [!provide]                PROVIDE (__end_bss_RamAHB32 = .)

.bss_RAM4       0x20008000        0x0
                [!provide]                PROVIDE (__start_bss_RAM4 = .)
                [!provide]                PROVIDE (__start_bss_RamAHB16 = .)
 *(.bss.$RAM4)
 *(.bss.$RamAHB16)
 *(.bss.$RAM4.*)
 *(.bss.$RamAHB16.*)
                0x20008000                . = ALIGN ((. != 0x0)?0x4:0x1)
                [!provide]                PROVIDE (__end_bss_RAM4 = .)
                [!provide]                PROVIDE (__end_bss_RamAHB16 = .)

.bss_RAM5       0x2000c000        0x0
                [!provide]                PROVIDE (__start_bss_RAM5 = .)
                [!provide]                PROVIDE (__start_bss_RamAHB_ETB16 = .)
 *(.bss.$RAM5)
 *(.bss.$RamAHB_ETB16)
 *(.bss.$RAM5.*)
 *(.bss.$RamAHB_ETB16.*)
                0x2000c000                . = ALIGN ((. != 0x0)?0x4:0x1)
                [!provide]                PROVIDE (__end_bss_RAM5 = .)
                [!provide]                PROVIDE (__end_bss_RamAHB_ETB16 = .)

.bss            0x10000024      0x204
                0x10000024                _bss = .
                [!provide]                PROVIDE (__start_bss_RAM = .)
                [!provide]                PROVIDE (__start_bss_RamLoc32 = .)
 *(.bss*)
 .bss.sleep_flags
                0x10000024        0x4 D:\Facultad\Quinto\TD III\ciaa-api\api\ciaa_api_common\Debug\libciaa_api_common.a(ciaa_stdlib.o)
                0x10000024                sleep_flags
 .bss.timer_handlers
                0x10000028       0x10 D:\Facultad\Quinto\TD III\ciaa-api\api\ciaa_api_common\Debug\libciaa_api_common.a(ciaa_timer_api.o)
                0x10000028                timer_handlers
 .bss.audio_usb_pll_freq
                0x10000038        0x8 D:\Facultad\Quinto\TD III\ciaa-api\chip\lpc_chip_43xx\Debug\liblpc_chip_43xx.a(clock_18xx_43xx.o)
 .bss.errno     0x10000040        0x4 c:/nxp/mcuxpressoide_11.3.1_5262/ide/plugins/com.nxp.mcuxpresso.tools.win32_11.3.0.202008311133/tools/bin/../lib/gcc/arm-none-eabi/9.3.1/../../../../arm-none-eabi/lib/thumb/v7e-m+fp/softfp\libcr_c.a(errno.o)
                0x10000040                errno
 .bss.__Ciob    0x10000044      0x1e0 c:/nxp/mcuxpressoide_11.3.1_5262/ide/plugins/com.nxp.mcuxpresso.tools.win32_11.3.0.202008311133/tools/bin/../lib/gcc/arm-none-eabi/9.3.1/../../../../arm-none-eabi/lib/thumb/v7e-m+fp/softfp\libcr_nohost.a(__ciob.o)
                0x10000044                __Ciob
 *(COMMON)
 COMMON         0x10000224        0x4 D:\Facultad\Quinto\TD III\ciaa-api\chip\lpc_chip_43xx\Debug\liblpc_chip_43xx.a(chip_18xx_43xx.o)
                0x10000224                SystemCoreClock
                0x10000228                . = ALIGN (0x4)
                0x10000228                _ebss = .
                [!provide]                PROVIDE (__end_bss_RAM = .)
                [!provide]                PROVIDE (__end_bss_RamLoc32 = .)
                [!provide]                PROVIDE (end = .)

.noinit_RAM2    0x10080000        0x0
                [!provide]                PROVIDE (__start_noinit_RAM2 = .)
                [!provide]                PROVIDE (__start_noinit_RamLoc40 = .)
 *(.noinit.$RAM2)
 *(.noinit.$RamLoc40)
 *(.noinit.$RAM2.*)
 *(.noinit.$RamLoc40.*)
                0x10080000                . = ALIGN (0x4)
                [!provide]                PROVIDE (__end_noinit_RAM2 = .)
                [!provide]                PROVIDE (__end_noinit_RamLoc40 = .)

.noinit_RAM3    0x20000000        0x0
                [!provide]                PROVIDE (__start_noinit_RAM3 = .)
                [!provide]                PROVIDE (__start_noinit_RamAHB32 = .)
 *(.noinit.$RAM3)
 *(.noinit.$RamAHB32)
 *(.noinit.$RAM3.*)
 *(.noinit.$RamAHB32.*)
                0x20000000                . = ALIGN (0x4)
                [!provide]                PROVIDE (__end_noinit_RAM3 = .)
                [!provide]                PROVIDE (__end_noinit_RamAHB32 = .)

.noinit_RAM4    0x20008000        0x0
                [!provide]                PROVIDE (__start_noinit_RAM4 = .)
                [!provide]                PROVIDE (__start_noinit_RamAHB16 = .)
 *(.noinit.$RAM4)
 *(.noinit.$RamAHB16)
 *(.noinit.$RAM4.*)
 *(.noinit.$RamAHB16.*)
                0x20008000                . = ALIGN (0x4)
                [!provide]                PROVIDE (__end_noinit_RAM4 = .)
                [!provide]                PROVIDE (__end_noinit_RamAHB16 = .)

.noinit_RAM5    0x2000c000        0x0
                [!provide]                PROVIDE (__start_noinit_RAM5 = .)
                [!provide]                PROVIDE (__start_noinit_RamAHB_ETB16 = .)
 *(.noinit.$RAM5)
 *(.noinit.$RamAHB_ETB16)
 *(.noinit.$RAM5.*)
 *(.noinit.$RamAHB_ETB16.*)
                0x2000c000                . = ALIGN (0x4)
                [!provide]                PROVIDE (__end_noinit_RAM5 = .)
                [!provide]                PROVIDE (__end_noinit_RamAHB_ETB16 = .)

.noinit         0x10000228        0x0
                0x10000228                _noinit = .
                [!provide]                PROVIDE (__start_noinit_RAM = .)
                [!provide]                PROVIDE (__start_noinit_RamLoc32 = .)
 *(.noinit*)
                0x10000228                . = ALIGN (0x4)
                0x10000228                _end_noinit = .
                [!provide]                PROVIDE (__end_noinit_RAM = .)
                [!provide]                PROVIDE (__end_noinit_RamLoc32 = .)
                0x10000228                PROVIDE (_pvHeapStart = DEFINED (__user_heap_base)?__user_heap_base:.)
                0x10008000                PROVIDE (_vStackTop = DEFINED (__user_stack_top)?__user_stack_top:(__top_RamLoc32 - 0x0))
                0x53ff73b2                PROVIDE (__valid_user_code_checksum = (0x0 - ((((((_vStackTop + (ResetISR + 0x1)) + (NMI_Handler + 0x1)) + (HardFault_Handler + 0x1)) + (DEFINED (MemManage_Handler)?MemManage_Handler:0x0 + 0x1)) + (DEFINED (BusFault_Handler)?BusFault_Handler:0x0 + 0x1)) + (DEFINED (UsageFault_Handler)?UsageFault_Handler:0x0 + 0x1))))
                0x1a000000                _image_start = LOADADDR (.text)
                0x1a001e3c                _image_end = (LOADADDR (.data) + SIZEOF (.data))
                0x00001e3c                _image_size = (_image_end - _image_start)
OUTPUT(multicore_blinky_m4.axf elf32-littlearm)
LOAD linker stubs

.debug_info     0x00000000     0x8008
 .debug_info    0x00000000      0x2bd ./src/cr_startup_lpc43xx.o
 .debug_info    0x000002bd     0x10a6 ./src/multicore_blinky.o
 .debug_info    0x00001363      0x610 ./src/sysinit.o
 .debug_info    0x00001973      0xe13 D:\Facultad\Quinto\TD III\ciaa-api\api\ciaa_api_common\Debug\libciaa_api_common.a(ciaa_gpio_api.o)
 .debug_info    0x00002786      0xba2 D:\Facultad\Quinto\TD III\ciaa-api\api\ciaa_api_common\Debug\libciaa_api_common.a(ciaa_scu_api.o)
 .debug_info    0x00003328      0xc1e D:\Facultad\Quinto\TD III\ciaa-api\api\ciaa_api_common\Debug\libciaa_api_common.a(ciaa_stdlib.o)
 .debug_info    0x00003f46      0xbb2 D:\Facultad\Quinto\TD III\ciaa-api\api\ciaa_api_common\Debug\libciaa_api_common.a(ciaa_timer_api.o)
 .debug_info    0x00004af8      0xacc D:\Facultad\Quinto\TD III\ciaa-api\chip\lpc_chip_43xx\Debug\liblpc_chip_43xx.a(chip_18xx_43xx.o)
 .debug_info    0x000055c4     0x16c2 D:\Facultad\Quinto\TD III\ciaa-api\chip\lpc_chip_43xx\Debug\liblpc_chip_43xx.a(clock_18xx_43xx.o)
 .debug_info    0x00006c86      0x164 D:\Facultad\Quinto\TD III\ciaa-api\chip\lpc_chip_43xx\Debug\liblpc_chip_43xx.a(fpu_init.o)
 .debug_info    0x00006dea      0x994 D:\Facultad\Quinto\TD III\ciaa-api\chip\lpc_chip_43xx\Debug\liblpc_chip_43xx.a(sysinit_18xx_43xx.o)
 .debug_info    0x0000777e      0x88a D:\Facultad\Quinto\TD III\ciaa-api\api\ciaa_api_m4\Debug\libciaa_api_m4.a(ciaa_multicore_api_m4.o)

.debug_abbrev   0x00000000     0x13f5
 .debug_abbrev  0x00000000      0x120 ./src/cr_startup_lpc43xx.o
 .debug_abbrev  0x00000120      0x28c ./src/multicore_blinky.o
 .debug_abbrev  0x000003ac      0x109 ./src/sysinit.o
 .debug_abbrev  0x000004b5      0x117 D:\Facultad\Quinto\TD III\ciaa-api\api\ciaa_api_common\Debug\libciaa_api_common.a(ciaa_gpio_api.o)
 .debug_abbrev  0x000005cc      0x104 D:\Facultad\Quinto\TD III\ciaa-api\api\ciaa_api_common\Debug\libciaa_api_common.a(ciaa_scu_api.o)
 .debug_abbrev  0x000006d0      0x1f4 D:\Facultad\Quinto\TD III\ciaa-api\api\ciaa_api_common\Debug\libciaa_api_common.a(ciaa_stdlib.o)
 .debug_abbrev  0x000008c4      0x282 D:\Facultad\Quinto\TD III\ciaa-api\api\ciaa_api_common\Debug\libciaa_api_common.a(ciaa_timer_api.o)
 .debug_abbrev  0x00000b46      0x19b D:\Facultad\Quinto\TD III\ciaa-api\chip\lpc_chip_43xx\Debug\liblpc_chip_43xx.a(chip_18xx_43xx.o)
 .debug_abbrev  0x00000ce1      0x31b D:\Facultad\Quinto\TD III\ciaa-api\chip\lpc_chip_43xx\Debug\liblpc_chip_43xx.a(clock_18xx_43xx.o)
 .debug_abbrev  0x00000ffc       0xb4 D:\Facultad\Quinto\TD III\ciaa-api\chip\lpc_chip_43xx\Debug\liblpc_chip_43xx.a(fpu_init.o)
 .debug_abbrev  0x000010b0      0x1c8 D:\Facultad\Quinto\TD III\ciaa-api\chip\lpc_chip_43xx\Debug\liblpc_chip_43xx.a(sysinit_18xx_43xx.o)
 .debug_abbrev  0x00001278      0x17d D:\Facultad\Quinto\TD III\ciaa-api\api\ciaa_api_m4\Debug\libciaa_api_m4.a(ciaa_multicore_api_m4.o)

.debug_aranges  0x00000000      0x488
 .debug_aranges
                0x00000000       0x80 ./src/cr_startup_lpc43xx.o
 .debug_aranges
                0x00000080       0x80 ./src/multicore_blinky.o
 .debug_aranges
                0x00000100       0x20 ./src/sysinit.o
 .debug_aranges
                0x00000120       0x18 D:\Facultad\Quinto\TD III\ciaa-api\api\ciaa_api_common\Debug\libciaa_api_common.a(ciaa_gpio_api.o)
 .debug_aranges
                0x00000138       0x18 D:\Facultad\Quinto\TD III\ciaa-api\api\ciaa_api_common\Debug\libciaa_api_common.a(ciaa_scu_api.o)
 .debug_aranges
                0x00000150       0x98 D:\Facultad\Quinto\TD III\ciaa-api\api\ciaa_api_common\Debug\libciaa_api_common.a(ciaa_stdlib.o)
 .debug_aranges
                0x000001e8       0x70 D:\Facultad\Quinto\TD III\ciaa-api\api\ciaa_api_common\Debug\libciaa_api_common.a(ciaa_timer_api.o)
 .debug_aranges
                0x00000258       0x40 D:\Facultad\Quinto\TD III\ciaa-api\chip\lpc_chip_43xx\Debug\liblpc_chip_43xx.a(chip_18xx_43xx.o)
 .debug_aranges
                0x00000298      0x138 D:\Facultad\Quinto\TD III\ciaa-api\chip\lpc_chip_43xx\Debug\liblpc_chip_43xx.a(clock_18xx_43xx.o)
 .debug_aranges
                0x000003d0       0x20 D:\Facultad\Quinto\TD III\ciaa-api\chip\lpc_chip_43xx\Debug\liblpc_chip_43xx.a(fpu_init.o)
 .debug_aranges
                0x000003f0       0x50 D:\Facultad\Quinto\TD III\ciaa-api\chip\lpc_chip_43xx\Debug\liblpc_chip_43xx.a(sysinit_18xx_43xx.o)
 .debug_aranges
                0x00000440       0x48 D:\Facultad\Quinto\TD III\ciaa-api\api\ciaa_api_m4\Debug\libciaa_api_m4.a(ciaa_multicore_api_m4.o)

.debug_ranges   0x00000000      0x3d0
 .debug_ranges  0x00000000       0x70 ./src/cr_startup_lpc43xx.o
 .debug_ranges  0x00000070       0x70 ./src/multicore_blinky.o
 .debug_ranges  0x000000e0       0x10 ./src/sysinit.o
 .debug_ranges  0x000000f0       0x88 D:\Facultad\Quinto\TD III\ciaa-api\api\ciaa_api_common\Debug\libciaa_api_common.a(ciaa_stdlib.o)
 .debug_ranges  0x00000178       0x60 D:\Facultad\Quinto\TD III\ciaa-api\api\ciaa_api_common\Debug\libciaa_api_common.a(ciaa_timer_api.o)
 .debug_ranges  0x000001d8       0x30 D:\Facultad\Quinto\TD III\ciaa-api\chip\lpc_chip_43xx\Debug\liblpc_chip_43xx.a(chip_18xx_43xx.o)
 .debug_ranges  0x00000208      0x140 D:\Facultad\Quinto\TD III\ciaa-api\chip\lpc_chip_43xx\Debug\liblpc_chip_43xx.a(clock_18xx_43xx.o)
 .debug_ranges  0x00000348       0x10 D:\Facultad\Quinto\TD III\ciaa-api\chip\lpc_chip_43xx\Debug\liblpc_chip_43xx.a(fpu_init.o)
 .debug_ranges  0x00000358       0x40 D:\Facultad\Quinto\TD III\ciaa-api\chip\lpc_chip_43xx\Debug\liblpc_chip_43xx.a(sysinit_18xx_43xx.o)
 .debug_ranges  0x00000398       0x38 D:\Facultad\Quinto\TD III\ciaa-api\api\ciaa_api_m4\Debug\libciaa_api_m4.a(ciaa_multicore_api_m4.o)

.debug_macro    0x00000000     0x88d5
 .debug_macro   0x00000000       0x1d ./src/cr_startup_lpc43xx.o
 .debug_macro   0x0000001d      0xad2 ./src/cr_startup_lpc43xx.o
 .debug_macro   0x00000aef      0x342 ./src/multicore_blinky.o
 .debug_macro   0x00000e31       0x10 ./src/multicore_blinky.o
 .debug_macro   0x00000e41       0x10 ./src/multicore_blinky.o
 .debug_macro   0x00000e51      0x12e ./src/multicore_blinky.o
 .debug_macro   0x00000f7f      0x5b3 ./src/multicore_blinky.o
 .debug_macro   0x00001532       0x22 ./src/multicore_blinky.o
 .debug_macro   0x00001554       0x88 ./src/multicore_blinky.o
 .debug_macro   0x000015dc       0x28 ./src/multicore_blinky.o
 .debug_macro   0x00001604       0x3b ./src/multicore_blinky.o
 .debug_macro   0x0000163f       0x2d ./src/multicore_blinky.o
 .debug_macro   0x0000166c       0x42 ./src/multicore_blinky.o
 .debug_macro   0x000016ae      0xd39 ./src/multicore_blinky.o
 .debug_macro   0x000023e7      0x2c3 ./src/multicore_blinky.o
 .debug_macro   0x000026aa      0x112 ./src/multicore_blinky.o
 .debug_macro   0x000027bc       0x11 ./src/multicore_blinky.o
 .debug_macro   0x000027cd       0x2a ./src/multicore_blinky.o
 .debug_macro   0x000027f7       0x16 ./src/multicore_blinky.o
 .debug_macro   0x0000280d      0x2e6 ./src/multicore_blinky.o
 .debug_macro   0x00002af3       0x82 ./src/multicore_blinky.o
 .debug_macro   0x00002b75      0x13d ./src/multicore_blinky.o
 .debug_macro   0x00002cb2      0x198 ./src/multicore_blinky.o
 .debug_macro   0x00002e4a       0x34 ./src/multicore_blinky.o
 .debug_macro   0x00002e7e       0x58 ./src/multicore_blinky.o
 .debug_macro   0x00002ed6      0x236 ./src/multicore_blinky.o
 .debug_macro   0x0000310c      0x572 ./src/multicore_blinky.o
 .debug_macro   0x0000367e       0x16 ./src/multicore_blinky.o
 .debug_macro   0x00003694      0x18a ./src/multicore_blinky.o
 .debug_macro   0x0000381e       0x88 ./src/multicore_blinky.o
 .debug_macro   0x000038a6      0x1b9 ./src/multicore_blinky.o
 .debug_macro   0x00003a5f      0x1da ./src/multicore_blinky.o
 .debug_macro   0x00003c39       0x40 ./src/multicore_blinky.o
 .debug_macro   0x00003c79       0x1c ./src/multicore_blinky.o
 .debug_macro   0x00003c95       0x2e ./src/multicore_blinky.o
 .debug_macro   0x00003cc3       0x2e ./src/multicore_blinky.o
 .debug_macro   0x00003cf1       0x22 ./src/multicore_blinky.o
 .debug_macro   0x00003d13      0x201 ./src/multicore_blinky.o
 .debug_macro   0x00003f14       0xe0 ./src/multicore_blinky.o
 .debug_macro   0x00003ff4      0x34c ./src/multicore_blinky.o
 .debug_macro   0x00004340       0xdc ./src/multicore_blinky.o
 .debug_macro   0x0000441c       0xc4 ./src/multicore_blinky.o
 .debug_macro   0x000044e0       0x8f ./src/multicore_blinky.o
 .debug_macro   0x0000456f       0x94 ./src/multicore_blinky.o
 .debug_macro   0x00004603       0xb8 ./src/multicore_blinky.o
 .debug_macro   0x000046bb       0x4c ./src/multicore_blinky.o
 .debug_macro   0x00004707       0x16 ./src/multicore_blinky.o
 .debug_macro   0x0000471d      0x328 ./src/multicore_blinky.o
 .debug_macro   0x00004a45       0x3a ./src/multicore_blinky.o
 .debug_macro   0x00004a7f       0xd0 ./src/multicore_blinky.o
 .debug_macro   0x00004b4f       0x18 ./src/multicore_blinky.o
 .debug_macro   0x00004b67       0x22 ./src/multicore_blinky.o
 .debug_macro   0x00004b89       0x40 ./src/multicore_blinky.o
 .debug_macro   0x00004bc9       0x22 ./src/multicore_blinky.o
 .debug_macro   0x00004beb       0x94 ./src/multicore_blinky.o
 .debug_macro   0x00004c7f       0x2e ./src/multicore_blinky.o
 .debug_macro   0x00004cad       0x22 ./src/multicore_blinky.o
 .debug_macro   0x00004ccf      0x2e4 ./src/sysinit.o
 .debug_macro   0x00004fb3      0x2fc D:\Facultad\Quinto\TD III\ciaa-api\api\ciaa_api_common\Debug\libciaa_api_common.a(ciaa_gpio_api.o)
 .debug_macro   0x000052af      0xaba D:\Facultad\Quinto\TD III\ciaa-api\api\ciaa_api_common\Debug\libciaa_api_common.a(ciaa_gpio_api.o)
 .debug_macro   0x00005d69      0x2f3 D:\Facultad\Quinto\TD III\ciaa-api\api\ciaa_api_common\Debug\libciaa_api_common.a(ciaa_scu_api.o)
 .debug_macro   0x0000605c       0x8e D:\Facultad\Quinto\TD III\ciaa-api\api\ciaa_api_common\Debug\libciaa_api_common.a(ciaa_scu_api.o)
 .debug_macro   0x000060ea      0x2fd D:\Facultad\Quinto\TD III\ciaa-api\api\ciaa_api_common\Debug\libciaa_api_common.a(ciaa_stdlib.o)
 .debug_macro   0x000063e7       0x1c D:\Facultad\Quinto\TD III\ciaa-api\api\ciaa_api_common\Debug\libciaa_api_common.a(ciaa_stdlib.o)
 .debug_macro   0x00006403      0x2f3 D:\Facultad\Quinto\TD III\ciaa-api\api\ciaa_api_common\Debug\libciaa_api_common.a(ciaa_timer_api.o)
 .debug_macro   0x000066f6      0x2e4 D:\Facultad\Quinto\TD III\ciaa-api\chip\lpc_chip_43xx\Debug\liblpc_chip_43xx.a(chip_18xx_43xx.o)
 .debug_macro   0x000069da      0xab4 D:\Facultad\Quinto\TD III\ciaa-api\chip\lpc_chip_43xx\Debug\liblpc_chip_43xx.a(chip_18xx_43xx.o)
 .debug_macro   0x0000748e      0x2ea D:\Facultad\Quinto\TD III\ciaa-api\chip\lpc_chip_43xx\Debug\liblpc_chip_43xx.a(clock_18xx_43xx.o)
 .debug_macro   0x00007778       0xbc D:\Facultad\Quinto\TD III\ciaa-api\chip\lpc_chip_43xx\Debug\liblpc_chip_43xx.a(fpu_init.o)
 .debug_macro   0x00007834      0x2e4 D:\Facultad\Quinto\TD III\ciaa-api\chip\lpc_chip_43xx\Debug\liblpc_chip_43xx.a(sysinit_18xx_43xx.o)
 .debug_macro   0x00007b18      0x303 D:\Facultad\Quinto\TD III\ciaa-api\api\ciaa_api_m4\Debug\libciaa_api_m4.a(ciaa_multicore_api_m4.o)
 .debug_macro   0x00007e1b      0xaba D:\Facultad\Quinto\TD III\ciaa-api\api\ciaa_api_m4\Debug\libciaa_api_m4.a(ciaa_multicore_api_m4.o)

.debug_line     0x00000000     0x5c12
 .debug_line    0x00000000      0x1a2 ./src/cr_startup_lpc43xx.o
 .debug_line    0x000001a2      0x994 ./src/multicore_blinky.o
 .debug_line    0x00000b36      0x6af ./src/sysinit.o
 .debug_line    0x000011e5      0x6f2 D:\Facultad\Quinto\TD III\ciaa-api\api\ciaa_api_common\Debug\libciaa_api_common.a(ciaa_gpio_api.o)
 .debug_line    0x000018d7      0x6de D:\Facultad\Quinto\TD III\ciaa-api\api\ciaa_api_common\Debug\libciaa_api_common.a(ciaa_scu_api.o)
 .debug_line    0x00001fb5      0x8cb D:\Facultad\Quinto\TD III\ciaa-api\api\ciaa_api_common\Debug\libciaa_api_common.a(ciaa_stdlib.o)
 .debug_line    0x00002880      0x8e1 D:\Facultad\Quinto\TD III\ciaa-api\api\ciaa_api_common\Debug\libciaa_api_common.a(ciaa_timer_api.o)
 .debug_line    0x00003161      0x74d D:\Facultad\Quinto\TD III\ciaa-api\chip\lpc_chip_43xx\Debug\liblpc_chip_43xx.a(chip_18xx_43xx.o)
 .debug_line    0x000038ae     0x104a D:\Facultad\Quinto\TD III\ciaa-api\chip\lpc_chip_43xx\Debug\liblpc_chip_43xx.a(clock_18xx_43xx.o)
 .debug_line    0x000048f8      0x2cf D:\Facultad\Quinto\TD III\ciaa-api\chip\lpc_chip_43xx\Debug\liblpc_chip_43xx.a(fpu_init.o)
 .debug_line    0x00004bc7      0x835 D:\Facultad\Quinto\TD III\ciaa-api\chip\lpc_chip_43xx\Debug\liblpc_chip_43xx.a(sysinit_18xx_43xx.o)
 .debug_line    0x000053fc      0x816 D:\Facultad\Quinto\TD III\ciaa-api\api\ciaa_api_m4\Debug\libciaa_api_m4.a(ciaa_multicore_api_m4.o)

.debug_str      0x00000000    0x18131
 .debug_str     0x00000000     0x3086 ./src/cr_startup_lpc43xx.o
                               0x309e (size before relaxing)
 .debug_str     0x00003086    0x1381f ./src/multicore_blinky.o
                              0x16818 (size before relaxing)
 .debug_str     0x000168a5      0xa2f ./src/sysinit.o
                              0x166f4 (size before relaxing)
 .debug_str     0x000172d4       0x54 D:\Facultad\Quinto\TD III\ciaa-api\api\ciaa_api_common\Debug\libciaa_api_common.a(ciaa_gpio_api.o)
                              0x16984 (size before relaxing)
 .debug_str     0x00017328       0x16 D:\Facultad\Quinto\TD III\ciaa-api\api\ciaa_api_common\Debug\libciaa_api_common.a(ciaa_scu_api.o)
                              0x167bb (size before relaxing)
 .debug_str     0x0001733e      0x15a D:\Facultad\Quinto\TD III\ciaa-api\api\ciaa_api_common\Debug\libciaa_api_common.a(ciaa_stdlib.o)
                              0x16ba5 (size before relaxing)
 .debug_str     0x00017498       0xc4 D:\Facultad\Quinto\TD III\ciaa-api\api\ciaa_api_common\Debug\libciaa_api_common.a(ciaa_timer_api.o)
                              0x16ba7 (size before relaxing)
 .debug_str     0x0001755c      0x2d1 D:\Facultad\Quinto\TD III\ciaa-api\chip\lpc_chip_43xx\Debug\liblpc_chip_43xx.a(chip_18xx_43xx.o)
                              0x16946 (size before relaxing)
 .debug_str     0x0001782d      0x607 D:\Facultad\Quinto\TD III\ciaa-api\chip\lpc_chip_43xx\Debug\liblpc_chip_43xx.a(clock_18xx_43xx.o)
                              0x16ec5 (size before relaxing)
 .debug_str     0x00017e34       0xb5 D:\Facultad\Quinto\TD III\ciaa-api\chip\lpc_chip_43xx\Debug\liblpc_chip_43xx.a(fpu_init.o)
                               0xa1b5 (size before relaxing)
 .debug_str     0x00017ee9       0xea D:\Facultad\Quinto\TD III\ciaa-api\chip\lpc_chip_43xx\Debug\liblpc_chip_43xx.a(sysinit_18xx_43xx.o)
                              0x16928 (size before relaxing)
 .debug_str     0x00017fd3      0x15e D:\Facultad\Quinto\TD III\ciaa-api\api\ciaa_api_m4\Debug\libciaa_api_m4.a(ciaa_multicore_api_m4.o)
                              0x16607 (size before relaxing)

.comment        0x00000000       0x4c
 .comment       0x00000000       0x4c ./src/cr_startup_lpc43xx.o
                                 0x4d (size before relaxing)
 .comment       0x0000004c       0x4d ./src/multicore_blinky.o
 .comment       0x0000004c       0x4d ./src/sysinit.o
 .comment       0x0000004c       0x4c D:/Facultad/Quinto/TD III/ciaa-api/examples/multicore/multicore_blinky/multicore_blinky_m0app/Debug/multicore_blinky_m0app.axf.o
 .comment       0x0000004c       0x4d D:\Facultad\Quinto\TD III\ciaa-api\api\ciaa_api_common\Debug\libciaa_api_common.a(ciaa_gpio_api.o)
 .comment       0x0000004c       0x4d D:\Facultad\Quinto\TD III\ciaa-api\api\ciaa_api_common\Debug\libciaa_api_common.a(ciaa_scu_api.o)
 .comment       0x0000004c       0x4d D:\Facultad\Quinto\TD III\ciaa-api\api\ciaa_api_common\Debug\libciaa_api_common.a(ciaa_stdlib.o)
 .comment       0x0000004c       0x4d D:\Facultad\Quinto\TD III\ciaa-api\api\ciaa_api_common\Debug\libciaa_api_common.a(ciaa_timer_api.o)
 .comment       0x0000004c       0x4d D:\Facultad\Quinto\TD III\ciaa-api\chip\lpc_chip_43xx\Debug\liblpc_chip_43xx.a(chip_18xx_43xx.o)
 .comment       0x0000004c       0x4d D:\Facultad\Quinto\TD III\ciaa-api\chip\lpc_chip_43xx\Debug\liblpc_chip_43xx.a(clock_18xx_43xx.o)
 .comment       0x0000004c       0x4d D:\Facultad\Quinto\TD III\ciaa-api\chip\lpc_chip_43xx\Debug\liblpc_chip_43xx.a(fpu_init.o)
 .comment       0x0000004c       0x4d D:\Facultad\Quinto\TD III\ciaa-api\chip\lpc_chip_43xx\Debug\liblpc_chip_43xx.a(sysinit_18xx_43xx.o)
 .comment       0x0000004c       0x4d D:\Facultad\Quinto\TD III\ciaa-api\api\ciaa_api_m4\Debug\libciaa_api_m4.a(ciaa_multicore_api_m4.o)
 .comment       0x0000004c       0x4d c:/nxp/mcuxpressoide_11.3.1_5262/ide/plugins/com.nxp.mcuxpresso.tools.win32_11.3.0.202008311133/tools/bin/../lib/gcc/arm-none-eabi/9.3.1/../../../../arm-none-eabi/lib/thumb/v7e-m+fp/softfp\libcr_nohost.a(_cr__main.o)
 .comment       0x0000004c       0x4d c:/nxp/mcuxpressoide_11.3.1_5262/ide/plugins/com.nxp.mcuxpresso.tools.win32_11.3.0.202008311133/tools/bin/../lib/gcc/arm-none-eabi/9.3.1/../../../../arm-none-eabi/lib/thumb/v7e-m+fp/softfp\libcr_c.a(memset.o)
 .comment       0x0000004c       0x4d c:/nxp/mcuxpressoide_11.3.1_5262/ide/plugins/com.nxp.mcuxpresso.tools.win32_11.3.0.202008311133/tools/bin/../lib/gcc/arm-none-eabi/9.3.1/../../../../arm-none-eabi/lib/thumb/v7e-m+fp/softfp\libcr_c.a(initio.o)
 .comment       0x0000004c       0x4d c:/nxp/mcuxpressoide_11.3.1_5262/ide/plugins/com.nxp.mcuxpresso.tools.win32_11.3.0.202008311133/tools/bin/../lib/gcc/arm-none-eabi/9.3.1/../../../../arm-none-eabi/lib/thumb/v7e-m+fp/softfp\libcr_c.a(setvbuf.o)
 .comment       0x0000004c       0x4d c:/nxp/mcuxpressoide_11.3.1_5262/ide/plugins/com.nxp.mcuxpresso.tools.win32_11.3.0.202008311133/tools/bin/../lib/gcc/arm-none-eabi/9.3.1/../../../../arm-none-eabi/lib/thumb/v7e-m+fp/softfp\libcr_c.a(_fdopen.o)
 .comment       0x0000004c       0x4d c:/nxp/mcuxpressoide_11.3.1_5262/ide/plugins/com.nxp.mcuxpresso.tools.win32_11.3.0.202008311133/tools/bin/../lib/gcc/arm-none-eabi/9.3.1/../../../../arm-none-eabi/lib/thumb/v7e-m+fp/softfp\libcr_c.a(fclose.o)
 .comment       0x0000004c       0x4d c:/nxp/mcuxpressoide_11.3.1_5262/ide/plugins/com.nxp.mcuxpresso.tools.win32_11.3.0.202008311133/tools/bin/../lib/gcc/arm-none-eabi/9.3.1/../../../../arm-none-eabi/lib/thumb/v7e-m+fp/softfp\libcr_c.a(fflush.o)
 .comment       0x0000004c       0x4d c:/nxp/mcuxpressoide_11.3.1_5262/ide/plugins/com.nxp.mcuxpresso.tools.win32_11.3.0.202008311133/tools/bin/../lib/gcc/arm-none-eabi/9.3.1/../../../../arm-none-eabi/lib/thumb/v7e-m+fp/softfp\libcr_c.a(fseek.o)
 .comment       0x0000004c       0x4d c:/nxp/mcuxpressoide_11.3.1_5262/ide/plugins/com.nxp.mcuxpresso.tools.win32_11.3.0.202008311133/tools/bin/../lib/gcc/arm-none-eabi/9.3.1/../../../../arm-none-eabi/lib/thumb/v7e-m+fp/softfp\libcr_c.a(ftell.o)
 .comment       0x0000004c       0x4d c:/nxp/mcuxpressoide_11.3.1_5262/ide/plugins/com.nxp.mcuxpresso.tools.win32_11.3.0.202008311133/tools/bin/../lib/gcc/arm-none-eabi/9.3.1/../../../../arm-none-eabi/lib/thumb/v7e-m+fp/softfp\libcr_c.a(remove.o)
 .comment       0x0000004c       0x4d c:/nxp/mcuxpressoide_11.3.1_5262/ide/plugins/com.nxp.mcuxpresso.tools.win32_11.3.0.202008311133/tools/bin/../lib/gcc/arm-none-eabi/9.3.1/../../../../arm-none-eabi/lib/thumb/v7e-m+fp/softfp\libcr_c.a(strlen.o)
 .comment       0x0000004c       0x4d c:/nxp/mcuxpressoide_11.3.1_5262/ide/plugins/com.nxp.mcuxpresso.tools.win32_11.3.0.202008311133/tools/bin/../lib/gcc/arm-none-eabi/9.3.1/../../../../arm-none-eabi/lib/thumb/v7e-m+fp/softfp\libcr_c.a(_do_fflush.o)
 .comment       0x0000004c       0x4d c:/nxp/mcuxpressoide_11.3.1_5262/ide/plugins/com.nxp.mcuxpresso.tools.win32_11.3.0.202008311133/tools/bin/../lib/gcc/arm-none-eabi/9.3.1/../../../../arm-none-eabi/lib/thumb/v7e-m+fp/softfp\libcr_c.a(_fflush.o)
 .comment       0x0000004c       0x4d c:/nxp/mcuxpressoide_11.3.1_5262/ide/plugins/com.nxp.mcuxpresso.tools.win32_11.3.0.202008311133/tools/bin/../lib/gcc/arm-none-eabi/9.3.1/../../../../arm-none-eabi/lib/thumb/v7e-m+fp/softfp\libcr_c.a(_writebuf.o)
 .comment       0x0000004c       0x4d c:/nxp/mcuxpressoide_11.3.1_5262/ide/plugins/com.nxp.mcuxpresso.tools.win32_11.3.0.202008311133/tools/bin/../lib/gcc/arm-none-eabi/9.3.1/../../../../arm-none-eabi/lib/thumb/v7e-m+fp/softfp\libcr_c.a(alloc.o)
 .comment       0x0000004c       0x4d c:/nxp/mcuxpressoide_11.3.1_5262/ide/plugins/com.nxp.mcuxpresso.tools.win32_11.3.0.202008311133/tools/bin/../lib/gcc/arm-none-eabi/9.3.1/../../../../arm-none-eabi/lib/thumb/v7e-m+fp/softfp\libcr_c.a(errno.o)
 .comment       0x0000004c       0x4d c:/nxp/mcuxpressoide_11.3.1_5262/ide/plugins/com.nxp.mcuxpresso.tools.win32_11.3.0.202008311133/tools/bin/../lib/gcc/arm-none-eabi/9.3.1/../../../../arm-none-eabi/lib/thumb/v7e-m+fp/softfp\libcr_c.a(_deferredlazyseek.o)
 .comment       0x0000004c       0x4d c:/nxp/mcuxpressoide_11.3.1_5262/ide/plugins/com.nxp.mcuxpresso.tools.win32_11.3.0.202008311133/tools/bin/../lib/gcc/arm-none-eabi/9.3.1/../../../../arm-none-eabi/lib/thumb/v7e-m+fp/softfp\libcr_nohost.a(__ciob.o)
 .comment       0x0000004c       0x4d c:/nxp/mcuxpressoide_11.3.1_5262/ide/plugins/com.nxp.mcuxpresso.tools.win32_11.3.0.202008311133/tools/bin/../lib/gcc/arm-none-eabi/9.3.1/../../../../arm-none-eabi/lib/thumb/v7e-m+fp/softfp\libcr_nohost.a(__sys_close.o)
 .comment       0x0000004c       0x4d c:/nxp/mcuxpressoide_11.3.1_5262/ide/plugins/com.nxp.mcuxpresso.tools.win32_11.3.0.202008311133/tools/bin/../lib/gcc/arm-none-eabi/9.3.1/../../../../arm-none-eabi/lib/thumb/v7e-m+fp/softfp\libcr_nohost.a(__sys_flen.o)
 .comment       0x0000004c       0x4d c:/nxp/mcuxpressoide_11.3.1_5262/ide/plugins/com.nxp.mcuxpresso.tools.win32_11.3.0.202008311133/tools/bin/../lib/gcc/arm-none-eabi/9.3.1/../../../../arm-none-eabi/lib/thumb/v7e-m+fp/softfp\libcr_nohost.a(__sys_istty.o)
 .comment       0x0000004c       0x4d c:/nxp/mcuxpressoide_11.3.1_5262/ide/plugins/com.nxp.mcuxpresso.tools.win32_11.3.0.202008311133/tools/bin/../lib/gcc/arm-none-eabi/9.3.1/../../../../arm-none-eabi/lib/thumb/v7e-m+fp/softfp\libcr_nohost.a(__sys_remove.o)
 .comment       0x0000004c       0x4d c:/nxp/mcuxpressoide_11.3.1_5262/ide/plugins/com.nxp.mcuxpresso.tools.win32_11.3.0.202008311133/tools/bin/../lib/gcc/arm-none-eabi/9.3.1/../../../../arm-none-eabi/lib/thumb/v7e-m+fp/softfp\libcr_nohost.a(__sys_seek.o)
 .comment       0x0000004c       0x4d c:/nxp/mcuxpressoide_11.3.1_5262/ide/plugins/com.nxp.mcuxpresso.tools.win32_11.3.0.202008311133/tools/bin/../lib/gcc/arm-none-eabi/9.3.1/../../../../arm-none-eabi/lib/thumb/v7e-m+fp/softfp\libcr_nohost.a(__sys_tmpnam.o)
 .comment       0x0000004c       0x4d c:/nxp/mcuxpressoide_11.3.1_5262/ide/plugins/com.nxp.mcuxpresso.tools.win32_11.3.0.202008311133/tools/bin/../lib/gcc/arm-none-eabi/9.3.1/../../../../arm-none-eabi/lib/thumb/v7e-m+fp/softfp\libcr_nohost.a(__sys_write.o)

.ARM.attributes
                0x00000000       0x30
 .ARM.attributes
                0x00000000       0x32 ./src/cr_startup_lpc43xx.o
 .ARM.attributes
                0x00000032       0x32 ./src/multicore_blinky.o
 .ARM.attributes
                0x00000064       0x32 ./src/sysinit.o
 .ARM.attributes
                0x00000096       0x37 D:\Facultad\Quinto\TD III\ciaa-api\api\ciaa_api_common\Debug\libciaa_api_common.a(ciaa_gpio_api.o)
 .ARM.attributes
                0x000000cd       0x37 D:\Facultad\Quinto\TD III\ciaa-api\api\ciaa_api_common\Debug\libciaa_api_common.a(ciaa_scu_api.o)
 .ARM.attributes
                0x00000104       0x32 D:\Facultad\Quinto\TD III\ciaa-api\api\ciaa_api_common\Debug\libciaa_api_common.a(ciaa_stdlib.o)
 .ARM.attributes
                0x00000136       0x32 D:\Facultad\Quinto\TD III\ciaa-api\api\ciaa_api_common\Debug\libciaa_api_common.a(ciaa_timer_api.o)
 .ARM.attributes
                0x00000168       0x32 D:\Facultad\Quinto\TD III\ciaa-api\chip\lpc_chip_43xx\Debug\liblpc_chip_43xx.a(chip_18xx_43xx.o)
 .ARM.attributes
                0x0000019a       0x32 D:\Facultad\Quinto\TD III\ciaa-api\chip\lpc_chip_43xx\Debug\liblpc_chip_43xx.a(clock_18xx_43xx.o)
 .ARM.attributes
                0x000001cc       0x32 D:\Facultad\Quinto\TD III\ciaa-api\chip\lpc_chip_43xx\Debug\liblpc_chip_43xx.a(fpu_init.o)
 .ARM.attributes
                0x000001fe       0x32 D:\Facultad\Quinto\TD III\ciaa-api\chip\lpc_chip_43xx\Debug\liblpc_chip_43xx.a(sysinit_18xx_43xx.o)
 .ARM.attributes
                0x00000230       0x32 D:\Facultad\Quinto\TD III\ciaa-api\api\ciaa_api_m4\Debug\libciaa_api_m4.a(ciaa_multicore_api_m4.o)
 .ARM.attributes
                0x00000262       0x32 c:/nxp/mcuxpressoide_11.3.1_5262/ide/plugins/com.nxp.mcuxpresso.tools.win32_11.3.0.202008311133/tools/bin/../lib/gcc/arm-none-eabi/9.3.1/../../../../arm-none-eabi/lib/thumb/v7e-m+fp/softfp\libcr_nohost.a(_cr__main.o)
 .ARM.attributes
                0x00000294       0x32 c:/nxp/mcuxpressoide_11.3.1_5262/ide/plugins/com.nxp.mcuxpresso.tools.win32_11.3.0.202008311133/tools/bin/../lib/gcc/arm-none-eabi/9.3.1/../../../../arm-none-eabi/lib/thumb/v7e-m+fp/softfp\libcr_c.a(memset.o)
 .ARM.attributes
                0x000002c6       0x32 c:/nxp/mcuxpressoide_11.3.1_5262/ide/plugins/com.nxp.mcuxpresso.tools.win32_11.3.0.202008311133/tools/bin/../lib/gcc/arm-none-eabi/9.3.1/../../../../arm-none-eabi/lib/thumb/v7e-m+fp/softfp\libcr_c.a(initio.o)
 .ARM.attributes
                0x000002f8       0x32 c:/nxp/mcuxpressoide_11.3.1_5262/ide/plugins/com.nxp.mcuxpresso.tools.win32_11.3.0.202008311133/tools/bin/../lib/gcc/arm-none-eabi/9.3.1/../../../../arm-none-eabi/lib/thumb/v7e-m+fp/softfp\libcr_c.a(setvbuf.o)
 .ARM.attributes
                0x0000032a       0x32 c:/nxp/mcuxpressoide_11.3.1_5262/ide/plugins/com.nxp.mcuxpresso.tools.win32_11.3.0.202008311133/tools/bin/../lib/gcc/arm-none-eabi/9.3.1/../../../../arm-none-eabi/lib/thumb/v7e-m+fp/softfp\libcr_c.a(_fdopen.o)
 .ARM.attributes
                0x0000035c       0x32 c:/nxp/mcuxpressoide_11.3.1_5262/ide/plugins/com.nxp.mcuxpresso.tools.win32_11.3.0.202008311133/tools/bin/../lib/gcc/arm-none-eabi/9.3.1/../../../../arm-none-eabi/lib/thumb/v7e-m+fp/softfp\libcr_c.a(fclose.o)
 .ARM.attributes
                0x0000038e       0x32 c:/nxp/mcuxpressoide_11.3.1_5262/ide/plugins/com.nxp.mcuxpresso.tools.win32_11.3.0.202008311133/tools/bin/../lib/gcc/arm-none-eabi/9.3.1/../../../../arm-none-eabi/lib/thumb/v7e-m+fp/softfp\libcr_c.a(fflush.o)
 .ARM.attributes
                0x000003c0       0x32 c:/nxp/mcuxpressoide_11.3.1_5262/ide/plugins/com.nxp.mcuxpresso.tools.win32_11.3.0.202008311133/tools/bin/../lib/gcc/arm-none-eabi/9.3.1/../../../../arm-none-eabi/lib/thumb/v7e-m+fp/softfp\libcr_c.a(fseek.o)
 .ARM.attributes
                0x000003f2       0x32 c:/nxp/mcuxpressoide_11.3.1_5262/ide/plugins/com.nxp.mcuxpresso.tools.win32_11.3.0.202008311133/tools/bin/../lib/gcc/arm-none-eabi/9.3.1/../../../../arm-none-eabi/lib/thumb/v7e-m+fp/softfp\libcr_c.a(ftell.o)
 .ARM.attributes
                0x00000424       0x32 c:/nxp/mcuxpressoide_11.3.1_5262/ide/plugins/com.nxp.mcuxpresso.tools.win32_11.3.0.202008311133/tools/bin/../lib/gcc/arm-none-eabi/9.3.1/../../../../arm-none-eabi/lib/thumb/v7e-m+fp/softfp\libcr_c.a(remove.o)
 .ARM.attributes
                0x00000456       0x32 c:/nxp/mcuxpressoide_11.3.1_5262/ide/plugins/com.nxp.mcuxpresso.tools.win32_11.3.0.202008311133/tools/bin/../lib/gcc/arm-none-eabi/9.3.1/../../../../arm-none-eabi/lib/thumb/v7e-m+fp/softfp\libcr_c.a(strlen.o)
 .ARM.attributes
                0x00000488       0x32 c:/nxp/mcuxpressoide_11.3.1_5262/ide/plugins/com.nxp.mcuxpresso.tools.win32_11.3.0.202008311133/tools/bin/../lib/gcc/arm-none-eabi/9.3.1/../../../../arm-none-eabi/lib/thumb/v7e-m+fp/softfp\libcr_c.a(_do_fflush.o)
 .ARM.attributes
                0x000004ba       0x32 c:/nxp/mcuxpressoide_11.3.1_5262/ide/plugins/com.nxp.mcuxpresso.tools.win32_11.3.0.202008311133/tools/bin/../lib/gcc/arm-none-eabi/9.3.1/../../../../arm-none-eabi/lib/thumb/v7e-m+fp/softfp\libcr_c.a(_fflush.o)
 .ARM.attributes
                0x000004ec       0x32 c:/nxp/mcuxpressoide_11.3.1_5262/ide/plugins/com.nxp.mcuxpresso.tools.win32_11.3.0.202008311133/tools/bin/../lib/gcc/arm-none-eabi/9.3.1/../../../../arm-none-eabi/lib/thumb/v7e-m+fp/softfp\libcr_c.a(_writebuf.o)
 .ARM.attributes
                0x0000051e       0x32 c:/nxp/mcuxpressoide_11.3.1_5262/ide/plugins/com.nxp.mcuxpresso.tools.win32_11.3.0.202008311133/tools/bin/../lib/gcc/arm-none-eabi/9.3.1/../../../../arm-none-eabi/lib/thumb/v7e-m+fp/softfp\libcr_c.a(alloc.o)
 .ARM.attributes
                0x00000550       0x37 c:/nxp/mcuxpressoide_11.3.1_5262/ide/plugins/com.nxp.mcuxpresso.tools.win32_11.3.0.202008311133/tools/bin/../lib/gcc/arm-none-eabi/9.3.1/../../../../arm-none-eabi/lib/thumb/v7e-m+fp/softfp\libcr_c.a(errno.o)
 .ARM.attributes
                0x00000587       0x32 c:/nxp/mcuxpressoide_11.3.1_5262/ide/plugins/com.nxp.mcuxpresso.tools.win32_11.3.0.202008311133/tools/bin/../lib/gcc/arm-none-eabi/9.3.1/../../../../arm-none-eabi/lib/thumb/v7e-m+fp/softfp\libcr_c.a(_deferredlazyseek.o)
 .ARM.attributes
                0x000005b9       0x20 c:/nxp/mcuxpressoide_11.3.1_5262/ide/plugins/com.nxp.mcuxpresso.tools.win32_11.3.0.202008311133/tools/bin/../lib/gcc/arm-none-eabi/9.3.1/thumb/v7e-m+fp/softfp\libcr_eabihelpers.a(memcpy.o)
 .ARM.attributes
                0x000005d9       0x37 c:/nxp/mcuxpressoide_11.3.1_5262/ide/plugins/com.nxp.mcuxpresso.tools.win32_11.3.0.202008311133/tools/bin/../lib/gcc/arm-none-eabi/9.3.1/../../../../arm-none-eabi/lib/thumb/v7e-m+fp/softfp\libcr_nohost.a(__ciob.o)
 .ARM.attributes
                0x00000610       0x32 c:/nxp/mcuxpressoide_11.3.1_5262/ide/plugins/com.nxp.mcuxpresso.tools.win32_11.3.0.202008311133/tools/bin/../lib/gcc/arm-none-eabi/9.3.1/../../../../arm-none-eabi/lib/thumb/v7e-m+fp/softfp\libcr_nohost.a(__sys_close.o)
 .ARM.attributes
                0x00000642       0x32 c:/nxp/mcuxpressoide_11.3.1_5262/ide/plugins/com.nxp.mcuxpresso.tools.win32_11.3.0.202008311133/tools/bin/../lib/gcc/arm-none-eabi/9.3.1/../../../../arm-none-eabi/lib/thumb/v7e-m+fp/softfp\libcr_nohost.a(__sys_flen.o)
 .ARM.attributes
                0x00000674       0x32 c:/nxp/mcuxpressoide_11.3.1_5262/ide/plugins/com.nxp.mcuxpresso.tools.win32_11.3.0.202008311133/tools/bin/../lib/gcc/arm-none-eabi/9.3.1/../../../../arm-none-eabi/lib/thumb/v7e-m+fp/softfp\libcr_nohost.a(__sys_istty.o)
 .ARM.attributes
                0x000006a6       0x32 c:/nxp/mcuxpressoide_11.3.1_5262/ide/plugins/com.nxp.mcuxpresso.tools.win32_11.3.0.202008311133/tools/bin/../lib/gcc/arm-none-eabi/9.3.1/../../../../arm-none-eabi/lib/thumb/v7e-m+fp/softfp\libcr_nohost.a(__sys_remove.o)
 .ARM.attributes
                0x000006d8       0x32 c:/nxp/mcuxpressoide_11.3.1_5262/ide/plugins/com.nxp.mcuxpresso.tools.win32_11.3.0.202008311133/tools/bin/../lib/gcc/arm-none-eabi/9.3.1/../../../../arm-none-eabi/lib/thumb/v7e-m+fp/softfp\libcr_nohost.a(__sys_seek.o)
 .ARM.attributes
                0x0000070a       0x32 c:/nxp/mcuxpressoide_11.3.1_5262/ide/plugins/com.nxp.mcuxpresso.tools.win32_11.3.0.202008311133/tools/bin/../lib/gcc/arm-none-eabi/9.3.1/../../../../arm-none-eabi/lib/thumb/v7e-m+fp/softfp\libcr_nohost.a(__sys_tmpnam.o)
 .ARM.attributes
                0x0000073c       0x32 c:/nxp/mcuxpressoide_11.3.1_5262/ide/plugins/com.nxp.mcuxpresso.tools.win32_11.3.0.202008311133/tools/bin/../lib/gcc/arm-none-eabi/9.3.1/../../../../arm-none-eabi/lib/thumb/v7e-m+fp/softfp\libcr_nohost.a(__sys_write.o)

.debug_frame    0x00000000      0xfa4
 .debug_frame   0x00000000      0x170 ./src/cr_startup_lpc43xx.o
 .debug_frame   0x00000170      0x1d8 ./src/multicore_blinky.o
 .debug_frame   0x00000348       0x34 ./src/sysinit.o
 .debug_frame   0x0000037c      0x270 D:\Facultad\Quinto\TD III\ciaa-api\api\ciaa_api_common\Debug\libciaa_api_common.a(ciaa_stdlib.o)
 .debug_frame   0x000005ec      0x188 D:\Facultad\Quinto\TD III\ciaa-api\api\ciaa_api_common\Debug\libciaa_api_common.a(ciaa_timer_api.o)
 .debug_frame   0x00000774       0xa0 D:\Facultad\Quinto\TD III\ciaa-api\chip\lpc_chip_43xx\Debug\liblpc_chip_43xx.a(chip_18xx_43xx.o)
 .debug_frame   0x00000814      0x568 D:\Facultad\Quinto\TD III\ciaa-api\chip\lpc_chip_43xx\Debug\liblpc_chip_43xx.a(clock_18xx_43xx.o)
 .debug_frame   0x00000d7c       0x38 D:\Facultad\Quinto\TD III\ciaa-api\chip\lpc_chip_43xx\Debug\liblpc_chip_43xx.a(fpu_init.o)
 .debug_frame   0x00000db4       0xf4 D:\Facultad\Quinto\TD III\ciaa-api\chip\lpc_chip_43xx\Debug\liblpc_chip_43xx.a(sysinit_18xx_43xx.o)
 .debug_frame   0x00000ea8       0xfc D:\Facultad\Quinto\TD III\ciaa-api\api\ciaa_api_m4\Debug\libciaa_api_m4.a(ciaa_multicore_api_m4.o)
