core_cm0.h:515:22:NVIC_EnableIRQ	16	static
core_cm0.h:527:22:NVIC_DisableIRQ	16	static
ciaa_multicore_api.h:41:20:multicore_m4_irq_set_enabled	16	static
ciaa_multicore_api.h:68:20:multicore_interrupt_m4_core	8	static
ciaa_multicore_api.h:83:20:multicore_irq_clear	8	static
ciaa_scu_api.h:126:20:scu_set_pin_mode	24	static
ciaa_gpio_api.h:119:20:gpio_set_dir_out	16	static
ciaa_gpio_api.h:170:20:gpio_clr	16	static
ciaa_gpio_api.h:179:20:gpio_xor	16	static
multicore_blinky.c:6:6:m4_callback	8	static
multicore_blinky.c:13:5:main	8	static
multicore_blinky.c:32:6:M4_IRQHandler	8	static
