Archive member included to satisfy reference by file (symbol)

D:\Facultad\Quinto\TD III\ciaa-api\api\Debug\libciaa_api.a(ciaa_uart_api.o)
                              ./src/uart_rx_irq.o (CIAA_UARTS)
D:\Facultad\Quinto\TD III\ciaa-api\api\Debug\libciaa_api.a(ciaa_gpio_api.o)
                              D:\Facultad\Quinto\TD III\ciaa-api\api\Debug\libciaa_api.a(ciaa_uart_api.o) (GPIO1)
D:\Facultad\Quinto\TD III\ciaa-api\api\Debug\libciaa_api.a(ciaa_scu_api.o)
                              D:\Facultad\Quinto\TD III\ciaa-api\api\Debug\libciaa_api.a(ciaa_gpio_api.o) (P2_0)
D:\Facultad\Quinto\TD III\ciaa-api\chip\lpc_chip_43xx\Debug\liblpc_chip_43xx.a(chip_18xx_43xx.o)
                              ./src/uart_rx_irq.o (SystemCoreClockUpdate)
D:\Facultad\Quinto\TD III\ciaa-api\chip\lpc_chip_43xx\Debug\liblpc_chip_43xx.a(clock_18xx_43xx.o)
                              D:\Facultad\Quinto\TD III\ciaa-api\chip\lpc_chip_43xx\Debug\liblpc_chip_43xx.a(chip_18xx_43xx.o) (Chip_Clock_GetClockInputHz)
D:\Facultad\Quinto\TD III\ciaa-api\chip\lpc_chip_43xx\Debug\liblpc_chip_43xx.a(fpu_init.o)
                              ./src/sysinit.o (fpuInit)
D:\Facultad\Quinto\TD III\ciaa-api\chip\lpc_chip_43xx\Debug\liblpc_chip_43xx.a(sysinit_18xx_43xx.o)
                              ./src/sysinit.o (Chip_SystemInit)
c:/nxp/mcuxpressoide_11.3.1_5262/ide/plugins/com.nxp.mcuxpresso.tools.win32_11.3.0.202008311133/tools/bin/../lib/gcc/arm-none-eabi/9.3.1/../../../../arm-none-eabi/lib/thumb/v7e-m+fp/softfp\libcr_c.a(memset.o)
                              D:\Facultad\Quinto\TD III\ciaa-api\chip\lpc_chip_43xx\Debug\liblpc_chip_43xx.a(clock_18xx_43xx.o) (memset)
c:/nxp/mcuxpressoide_11.3.1_5262/ide/plugins/com.nxp.mcuxpresso.tools.win32_11.3.0.202008311133/tools/bin/../lib/gcc/arm-none-eabi/9.3.1/../../../../arm-none-eabi/lib/thumb/v7e-m+fp/softfp\libcr_c.a(__weak__main.o)
                              ./src/cr_startup_lpc43xx.o (__main)
c:/nxp/mcuxpressoide_11.3.1_5262/ide/plugins/com.nxp.mcuxpresso.tools.win32_11.3.0.202008311133/tools/bin/../lib/gcc/arm-none-eabi/9.3.1/thumb/v7e-m+fp/softfp\libcr_eabihelpers.a(memcpy.o)
                              c:/nxp/mcuxpressoide_11.3.1_5262/ide/plugins/com.nxp.mcuxpresso.tools.win32_11.3.0.202008311133/tools/bin/../lib/gcc/arm-none-eabi/9.3.1/../../../../arm-none-eabi/lib/thumb/v7e-m+fp/softfp\libcr_c.a(memset.o) (__aeabi_lowlevel_memset)

Allocating common symbols
Common symbol       size              file

SystemCoreClock     0x4               D:\Facultad\Quinto\TD III\ciaa-api\chip\lpc_chip_43xx\Debug\liblpc_chip_43xx.a(chip_18xx_43xx.o)

Discarded input sections

 .group         0x00000000        0xc ./src/cr_startup_lpc43xx.o
 .text          0x00000000        0x0 ./src/cr_startup_lpc43xx.o
 .data          0x00000000        0x0 ./src/cr_startup_lpc43xx.o
 .bss           0x00000000        0x0 ./src/cr_startup_lpc43xx.o
 .group         0x00000000        0xc ./src/crp.o
 .group         0x00000000        0xc ./src/crp.o
 .text          0x00000000        0x0 ./src/crp.o
 .data          0x00000000        0x0 ./src/crp.o
 .bss           0x00000000        0x0 ./src/crp.o
 .debug_macro   0x00000000      0xac0 ./src/crp.o
 .group         0x00000000        0xc ./src/sysinit.o
 .group         0x00000000        0xc ./src/sysinit.o
 .group         0x00000000        0xc ./src/sysinit.o
 .group         0x00000000        0xc ./src/sysinit.o
 .group         0x00000000        0xc ./src/sysinit.o
 .group         0x00000000        0xc ./src/sysinit.o
 .group         0x00000000        0xc ./src/sysinit.o
 .group         0x00000000        0xc ./src/sysinit.o
 .group         0x00000000        0xc ./src/sysinit.o
 .group         0x00000000        0xc ./src/sysinit.o
 .group         0x00000000        0xc ./src/sysinit.o
 .group         0x00000000        0xc ./src/sysinit.o
 .group         0x00000000        0xc ./src/sysinit.o
 .group         0x00000000        0xc ./src/sysinit.o
 .group         0x00000000        0xc ./src/sysinit.o
 .group         0x00000000        0xc ./src/sysinit.o
 .group         0x00000000        0xc ./src/sysinit.o
 .group         0x00000000        0xc ./src/sysinit.o
 .group         0x00000000        0xc ./src/sysinit.o
 .group         0x00000000        0xc ./src/sysinit.o
 .group         0x00000000        0xc ./src/sysinit.o
 .group         0x00000000        0xc ./src/sysinit.o
 .group         0x00000000        0xc ./src/sysinit.o
 .group         0x00000000        0xc ./src/sysinit.o
 .group         0x00000000        0xc ./src/sysinit.o
 .group         0x00000000        0xc ./src/sysinit.o
 .group         0x00000000        0xc ./src/sysinit.o
 .group         0x00000000        0xc ./src/sysinit.o
 .group         0x00000000        0xc ./src/sysinit.o
 .group         0x00000000        0xc ./src/sysinit.o
 .group         0x00000000        0xc ./src/sysinit.o
 .group         0x00000000        0xc ./src/sysinit.o
 .group         0x00000000        0xc ./src/sysinit.o
[...]
Memory Configuration

Name             Origin             Length             Attributes
MFlashA512       0x1a000000         0x00080000         xr
MFlashB512       0x1b000000         0x00080000         xr
RamLoc32         0x10000000         0x00008000         xrw
RamLoc40         0x10080000         0x0000a000         xrw
RamAHB32         0x20000000         0x00008000         xrw
RamAHB16         0x20008000         0x00004000         xrw
RamAHB_ETB16     0x2000c000         0x00004000         xrw
*default*        0x00000000         0xffffffff

Linker script and memory map

LOAD ./src/cr_startup_lpc43xx.o
LOAD ./src/crp.o
LOAD ./src/sysinit.o
LOAD ./src/uart_rx_irq.o
LOAD D:\Facultad\Quinto\TD III\ciaa-api\api\Debug\libciaa_api.a
LOAD D:\Facultad\Quinto\TD III\ciaa-api\chip\lpc_chip_43xx\Debug\liblpc_chip_43xx.a
START GROUP
LOAD c:/nxp/mcuxpressoide_11.3.1_5262/ide/plugins/com.nxp.mcuxpresso.tools.win32_11.3.0.202008311133/tools/bin/../lib/gcc/arm-none-eabi/9.3.1/../../../../arm-none-eabi/lib/thumb/v7e-m+fp/softfp\libcr_c.a
LOAD c:/nxp/mcuxpressoide_11.3.1_5262/ide/plugins/com.nxp.mcuxpresso.tools.win32_11.3.0.202008311133/tools/bin/../lib/gcc/arm-none-eabi/9.3.1/thumb/v7e-m+fp/softfp\libcr_eabihelpers.a
LOAD c:/nxp/mcuxpressoide_11.3.1_5262/ide/plugins/com.nxp.mcuxpresso.tools.win32_11.3.0.202008311133/tools/bin/../lib/gcc/arm-none-eabi/9.3.1/thumb/v7e-m+fp/softfp\libgcc.a
END GROUP
                0x1a000000                __base_MFlashA512 = 0x1a000000
                0x1a000000                __base_Flash = 0x1a000000
                0x1a080000                __top_MFlashA512 = 0x1a080000
                0x1a080000                __top_Flash = 0x1a080000
                0x1b000000                __base_MFlashB512 = 0x1b000000
                0x1b000000                __base_Flash2 = 0x1b000000
                0x1b080000                __top_MFlashB512 = 0x1b080000
                0x1b080000                __top_Flash2 = 0x1b080000
                0x10000000                __base_RamLoc32 = 0x10000000
                0x10000000                __base_RAM = 0x10000000
                0x10008000                __top_RamLoc32 = 0x10008000
                0x10008000                __top_RAM = 0x10008000
                0x10080000                __base_RamLoc40 = 0x10080000
                0x10080000                __base_RAM2 = 0x10080000
                0x1008a000                __top_RamLoc40 = 0x1008a000
                0x1008a000                __top_RAM2 = 0x1008a000
                0x20000000                __base_RamAHB32 = 0x20000000
                0x20000000                __base_RAM3 = 0x20000000
                0x20008000                __top_RamAHB32 = 0x20008000
                0x20008000                __top_RAM3 = 0x20008000
                0x20008000                __base_RamAHB16 = 0x20008000
                0x20008000                __base_RAM4 = 0x20008000
                0x2000c000                __top_RamAHB16 = 0x2000c000
                0x2000c000                __top_RAM4 = 0x2000c000
                0x2000c000                __base_RamAHB_ETB16 = 0x2000c000
                0x2000c000                __base_RAM5 = 0x2000c000
                0x20010000                __top_RamAHB_ETB16 = 0x20010000
                0x20010000                __top_RAM5 = 0x20010000

.text_Flash2    0x1b000000        0x0
 FILL mask 0xff
 *(.text_Flash2)
 *(.text_MFlashB512)
 *(.text.$Flash2)
 *(.text.$MFlashB512)
 *(.text_Flash2.*)
 *(.text_MFlashB512.*)
 *(.text.$Flash2.*)
 *(.text.$MFlashB512.*)
 *(.rodata.$Flash2)
 *(.rodata.$MFlashB512)
 *(.rodata.$Flash2.*)
 *(.rodata.$MFlashB512.*)

.text           0x1a000000     0x1678
 FILL mask 0xff
                0x1a000000                __vectors_start__ = ABSOLUTE (.)
 *(.isr_vector)
 .isr_vector    0x1a000000      0x114 ./src/cr_startup_lpc43xx.o
                0x1a000000                g_pfnVectors
                0x1a000114                . = ALIGN (0x4)
                0x1a000114                __section_table_start = .
                0x1a000114                __data_section_table = .
                0x1a000114        0x4 LONG 0x1a001678 LOADADDR (.data)
                0x1a000118        0x4 LONG 0x10000000 ADDR (.data)
                0x1a00011c        0x4 LONG 0xc0 SIZEOF (.data)
                0x1a000120        0x4 LONG 0x1a001678 LOADADDR (.data_RAM2)
                0x1a000124        0x4 LONG 0x10080000 ADDR (.data_RAM2)
                0x1a000128        0x4 LONG 0x0 SIZEOF (.data_RAM2)
                0x1a00012c        0x4 LONG 0x1a001678 LOADADDR (.data_RAM3)
                0x1a000130        0x4 LONG 0x20000000 ADDR (.data_RAM3)
                0x1a000134        0x4 LONG 0x0 SIZEOF (.data_RAM3)
                0x1a000138        0x4 LONG 0x1a001678 LOADADDR (.data_RAM4)
                0x1a00013c        0x4 LONG 0x20008000 ADDR (.data_RAM4)
                0x1a000140        0x4 LONG 0x0 SIZEOF (.data_RAM4)
                0x1a000144        0x4 LONG 0x1a001678 LOADADDR (.data_RAM5)
                0x1a000148        0x4 LONG 0x2000c000 ADDR (.data_RAM5)
                0x1a00014c        0x4 LONG 0x0 SIZEOF (.data_RAM5)
                0x1a000150                __data_section_table_end = .
                0x1a000150                __bss_section_table = .
                0x1a000150        0x4 LONG 0x100000c0 ADDR (.bss)
                0x1a000154        0x4 LONG 0x1c SIZEOF (.bss)
                0x1a000158        0x4 LONG 0x10080000 ADDR (.bss_RAM2)
                0x1a00015c        0x4 LONG 0x0 SIZEOF (.bss_RAM2)
                0x1a000160        0x4 LONG 0x20000000 ADDR (.bss_RAM3)
                0x1a000164        0x4 LONG 0x0 SIZEOF (.bss_RAM3)
                0x1a000168        0x4 LONG 0x20008000 ADDR (.bss_RAM4)
                0x1a00016c        0x4 LONG 0x0 SIZEOF (.bss_RAM4)
                0x1a000170        0x4 LONG 0x2000c000 ADDR (.bss_RAM5)
                0x1a000174        0x4 LONG 0x0 SIZEOF (.bss_RAM5)
                0x1a000178                __bss_section_table_end = .
                0x1a000178                __section_table_end = .
 *(.after_vectors*)
 .after_vectors
                0x1a000178       0xbc ./src/cr_startup_lpc43xx.o
                0x1a000178                data_init
                0x1a0001be                bss_init
                0x1a0001f8                NMI_Handler
                0x1a0001fe                HardFault_Handler
                0x1a000204                MemManage_Handler
                0x1a00020a                BusFault_Handler
                0x1a000210                UsageFault_Handler
                0x1a000216                SVC_Handler
                0x1a00021c                DebugMon_Handler
                0x1a000222                PendSV_Handler
                0x1a000228                SysTick_Handler
                0x1a00022e                I2C0_IRQHandler
                0x1a00022e                I2C1_IRQHandler
                0x1a00022e                GPIO5_IRQHandler
                0x1a00022e                CAN1_IRQHandler
                0x1a00022e                USB1_IRQHandler
                0x1a00022e                I2S0_IRQHandler
                0x1a00022e                TIMER3_IRQHandler
                0x1a00022e                FLASH_EEPROM_IRQHandler
                0x1a00022e                SGPIO_IRQHandler
                0x1a00022e                ADC0_IRQHandler
                0x1a00022e                ADCHS_IRQHandler
                0x1a00022e                GPIO6_IRQHandler
                0x1a00022e                IntDefaultHandler
                0x1a00022e                ATIMER_IRQHandler
                0x1a00022e                SSP0_IRQHandler
                0x1a00022e                ADC1_IRQHandler
                0x1a00022e                RTC_IRQHandler
                0x1a00022e                TIMER0_IRQHandler
                0x1a00022e                SPI_IRQHandler
                0x1a00022e                LCD_IRQHandler
                0x1a00022e                RIT_IRQHandler
                0x1a00022e                TIMER1_IRQHandler
                0x1a00022e                GPIO2_IRQHandler
                0x1a00022e                I2S1_IRQHandler
                0x1a00022e                SSP1_IRQHandler
                0x1a00022e                USB0_IRQHandler
                0x1a00022e                GPIO3_IRQHandler
                0x1a00022e                SCT_IRQHandler
                0x1a00022e                SDIO_IRQHandler
                0x1a00022e                WDT_IRQHandler
                0x1a00022e                GPIO1_IRQHandler
                0x1a00022e                GPIO7_IRQHandler
                0x1a00022e                SPIFI_IRQHandler
                0x1a00022e                QEI_IRQHandler
                0x1a00022e                ETH_IRQHandler
                0x1a00022e                CAN0_IRQHandler
                0x1a00022e                GINT0_IRQHandler
                0x1a00022e                DAC_IRQHandler
                0x1a00022e                M0SUB_IRQHandler
                0x1a00022e                GPIO0_IRQHandler
                0x1a00022e                DMA_IRQHandler
                0x1a00022e                EVRT_IRQHandler
                0x1a00022e                TIMER2_IRQHandler
                0x1a00022e                MCPWM_IRQHandler
                0x1a00022e                M0APP_IRQHandler
                0x1a00022e                GINT1_IRQHandler
                0x1a00022e                GPIO4_IRQHandler
                0x000002fc                . = 0x2fc
 *fill*         0x1a000234       0xc8 ff
                0x1a0002fc                PROVIDE (__CRP_WORD_START__ = .)
 *(.crp)
 .crp           0x1a0002fc        0x4 ./src/crp.o
                0x1a0002fc                CRP_WORD
                0x1a000300                PROVIDE (__CRP_WORD_END__ = .)
                0x00000001                ASSERT (! ((__CRP_WORD_START__ == __CRP_WORD_END__)), Linker CRP Enabled, but no CRP_WORD provided within application)
 *(.text*)
 .text.ResetISR
                0x1a000300       0xc4 ./src/cr_startup_lpc43xx.o
                0x1a000300                ResetISR
 .text.SystemInit
                0x1a0003c4       0x28 ./src/sysinit.o
                0x1a0003c4                SystemInit
 .text.NVIC_EnableIRQ
                0x1a0003ec       0x34 ./src/uart_rx_irq.o
 .text.NVIC_DisableIRQ
                0x1a000420       0x34 ./src/uart_rx_irq.o
 .text.uart_get_base_register
                0x1a000454       0x24 ./src/uart_rx_irq.o
 .text.uart_putc
                0x1a000478       0x26 ./src/uart_rx_irq.o
 .text.uart_getc
                0x1a00049e       0x20 ./src/uart_rx_irq.o
 *fill*         0x1a0004be        0x2 ff
 .text.uart_set_rx_irq_enabled
                0x1a0004c0       0x70 ./src/uart_rx_irq.o
 .text.uart_set_rx_handler
                0x1a000530       0x28 ./src/uart_rx_irq.o
 .text.rx       0x1a000558       0x18 ./src/uart_rx_irq.o
                0x1a000558                rx
 .text.main     0x1a000570       0x24 ./src/uart_rx_irq.o
                0x1a000570                main
 .text.scu_set_pin_mode
                0x1a000594       0x34 D:\Facultad\Quinto\TD III\ciaa-api\api\Debug\libciaa_api.a(ciaa_uart_api.o)
 .text.uart_get_base_register
                0x1a0005c8       0x24 D:\Facultad\Quinto\TD III\ciaa-api\api\Debug\libciaa_api.a(ciaa_uart_api.o)
 .text.uart_set_config_value
                0x1a0005ec       0x36 D:\Facultad\Quinto\TD III\ciaa-api\api\Debug\libciaa_api.a(ciaa_uart_api.o)
 *fill*         0x1a000622        0x2 ff
 .text.uart_get_default_config
                0x1a000624       0x38 D:\Facultad\Quinto\TD III\ciaa-api\api\Debug\libciaa_api.a(ciaa_uart_api.o)
 .text.uart_setup_fifos
                0x1a00065c       0x20 D:\Facultad\Quinto\TD III\ciaa-api\api\Debug\libciaa_api.a(ciaa_uart_api.o)
 .text.uart_set_tx_pin
                0x1a00067c       0x30 D:\Facultad\Quinto\TD III\ciaa-api\api\Debug\libciaa_api.a(ciaa_uart_api.o)
 .text.uart_set_rx_pin
                0x1a0006ac       0x30 D:\Facultad\Quinto\TD III\ciaa-api\api\Debug\libciaa_api.a(ciaa_uart_api.o)
 .text.uart_tx_enable
                0x1a0006dc       0x20 D:\Facultad\Quinto\TD III\ciaa-api\api\Debug\libciaa_api.a(ciaa_uart_api.o)
 .text.uart_tx_disable
                0x1a0006fc       0x20 D:\Facultad\Quinto\TD III\ciaa-api\api\Debug\libciaa_api.a(ciaa_uart_api.o)
 .text.uart_set_tx_enabled
                0x1a00071c       0x2e D:\Facultad\Quinto\TD III\ciaa-api\api\Debug\libciaa_api.a(ciaa_uart_api.o)
 .text.uart_get_interrupt_pending
                0x1a00074a       0x26 D:\Facultad\Quinto\TD III\ciaa-api\api\Debug\libciaa_api.a(ciaa_uart_api.o)
 .text.uart_init
                0x1a000770       0x2e D:\Facultad\Quinto\TD III\ciaa-api\api\Debug\libciaa_api.a(ciaa_uart_api.o)
                0x1a000770                uart_init
 *fill*         0x1a00079e        0x2 ff
 .text.uart_config_init
                0x1a0007a0       0xd0 D:\Facultad\Quinto\TD III\ciaa-api\api\Debug\libciaa_api.a(ciaa_uart_api.o)
                0x1a0007a0                uart_config_init
 .text.uart_set_baud_rate
                0x1a000870       0x74 D:\Facultad\Quinto\TD III\ciaa-api\api\Debug\libciaa_api.a(ciaa_uart_api.o)
                0x1a000870                uart_set_baud_rate
 .text.UART0_IRQHandler
                0x1a0008e4       0x28 D:\Facultad\Quinto\TD III\ciaa-api\api\Debug\libciaa_api.a(ciaa_uart_api.o)
                0x1a0008e4                UART0_IRQHandler
 .text.UART1_IRQHandler
                0x1a00090c       0x28 D:\Facultad\Quinto\TD III\ciaa-api\api\Debug\libciaa_api.a(ciaa_uart_api.o)
                0x1a00090c                UART1_IRQHandler
 .text.UART2_IRQHandler
                0x1a000934       0x28 D:\Facultad\Quinto\TD III\ciaa-api\api\Debug\libciaa_api.a(ciaa_uart_api.o)
                0x1a000934                UART2_IRQHandler
 .text.UART3_IRQHandler
                0x1a00095c       0x28 D:\Facultad\Quinto\TD III\ciaa-api\api\Debug\libciaa_api.a(ciaa_uart_api.o)
                0x1a00095c                UART3_IRQHandler
 .text.SystemCoreClockUpdate
                0x1a000984       0x18 D:\Facultad\Quinto\TD III\ciaa-api\chip\lpc_chip_43xx\Debug\liblpc_chip_43xx.a(chip_18xx_43xx.o)
                0x1a000984                SystemCoreClockUpdate
 .text.ABS      0x1a00099c       0x22 D:\Facultad\Quinto\TD III\ciaa-api\chip\lpc_chip_43xx\Debug\liblpc_chip_43xx.a(clock_18xx_43xx.o)
 *fill*         0x1a0009be        0x2 ff
 .text.pll_calc_divs
                0x1a0009c0      0x124 D:\Facultad\Quinto\TD III\ciaa-api\chip\lpc_chip_43xx\Debug\liblpc_chip_43xx.a(clock_18xx_43xx.o)
 .text.pll_get_frac
                0x1a000ae4      0x180 D:\Facultad\Quinto\TD III\ciaa-api\chip\lpc_chip_43xx\Debug\liblpc_chip_43xx.a(clock_18xx_43xx.o)
 .text.Chip_Clock_GetDivRate
                0x1a000c64       0x40 D:\Facultad\Quinto\TD III\ciaa-api\chip\lpc_chip_43xx\Debug\liblpc_chip_43xx.a(clock_18xx_43xx.o)
 .text.Chip_Clock_FindBaseClock
                0x1a000ca4       0x90 D:\Facultad\Quinto\TD III\ciaa-api\chip\lpc_chip_43xx\Debug\liblpc_chip_43xx.a(clock_18xx_43xx.o)
 .text.Chip_Clock_EnableCrystal
                0x1a000d34       0x70 D:\Facultad\Quinto\TD III\ciaa-api\chip\lpc_chip_43xx\Debug\liblpc_chip_43xx.a(clock_18xx_43xx.o)
                0x1a000d34                Chip_Clock_EnableCrystal
 .text.Chip_Clock_CalcMainPLLValue
                0x1a000da4       0xd8 D:\Facultad\Quinto\TD III\ciaa-api\chip\lpc_chip_43xx\Debug\liblpc_chip_43xx.a(clock_18xx_43xx.o)
                0x1a000da4                Chip_Clock_CalcMainPLLValue
 .text.Chip_Clock_GetMainPLLHz
                0x1a000e7c       0xbc D:\Facultad\Quinto\TD III\ciaa-api\chip\lpc_chip_43xx\Debug\liblpc_chip_43xx.a(clock_18xx_43xx.o)
                0x1a000e7c                Chip_Clock_GetMainPLLHz
 .text.Chip_Clock_GetDividerSource
                0x1a000f38       0x40 D:\Facultad\Quinto\TD III\ciaa-api\chip\lpc_chip_43xx\Debug\liblpc_chip_43xx.a(clock_18xx_43xx.o)
                0x1a000f38                Chip_Clock_GetDividerSource
 .text.Chip_Clock_GetDividerDivisor
                0x1a000f78       0x38 D:\Facultad\Quinto\TD III\ciaa-api\chip\lpc_chip_43xx\Debug\liblpc_chip_43xx.a(clock_18xx_43xx.o)
                0x1a000f78                Chip_Clock_GetDividerDivisor
 .text.Chip_Clock_GetClockInputHz
                0x1a000fb0      0x140 D:\Facultad\Quinto\TD III\ciaa-api\chip\lpc_chip_43xx\Debug\liblpc_chip_43xx.a(clock_18xx_43xx.o)
                0x1a000fb0                Chip_Clock_GetClockInputHz
 .text.Chip_Clock_GetBaseClocktHz
                0x1a0010f0       0x24 D:\Facultad\Quinto\TD III\ciaa-api\chip\lpc_chip_43xx\Debug\liblpc_chip_43xx.a(clock_18xx_43xx.o)
                0x1a0010f0                Chip_Clock_GetBaseClocktHz
 .text.Chip_Clock_SetBaseClock
                0x1a001114       0x9c D:\Facultad\Quinto\TD III\ciaa-api\chip\lpc_chip_43xx\Debug\liblpc_chip_43xx.a(clock_18xx_43xx.o)
                0x1a001114                Chip_Clock_SetBaseClock
 .text.Chip_Clock_GetBaseClock
                0x1a0011b0       0x4c D:\Facultad\Quinto\TD III\ciaa-api\chip\lpc_chip_43xx\Debug\liblpc_chip_43xx.a(clock_18xx_43xx.o)
                0x1a0011b0                Chip_Clock_GetBaseClock
 .text.Chip_Clock_EnableOpts
                0x1a0011fc       0x7c D:\Facultad\Quinto\TD III\ciaa-api\chip\lpc_chip_43xx\Debug\liblpc_chip_43xx.a(clock_18xx_43xx.o)
                0x1a0011fc                Chip_Clock_EnableOpts
 .text.Chip_Clock_GetRate
                0x1a001278       0x88 D:\Facultad\Quinto\TD III\ciaa-api\chip\lpc_chip_43xx\Debug\liblpc_chip_43xx.a(clock_18xx_43xx.o)
                0x1a001278                Chip_Clock_GetRate
 .text.fpuInit  0x1a001300       0x74 D:\Facultad\Quinto\TD III\ciaa-api\chip\lpc_chip_43xx\Debug\liblpc_chip_43xx.a(fpu_init.o)
                0x1a001300                fpuInit
 .text.Chip_Clock_DisableMainPLL
                0x1a001374       0x20 D:\Facultad\Quinto\TD III\ciaa-api\chip\lpc_chip_43xx\Debug\liblpc_chip_43xx.a(sysinit_18xx_43xx.o)
 .text.Chip_Clock_SetupMainPLL
                0x1a001394       0x48 D:\Facultad\Quinto\TD III\ciaa-api\chip\lpc_chip_43xx\Debug\liblpc_chip_43xx.a(sysinit_18xx_43xx.o)
 .text.Chip_Clock_MainPLLLocked
                0x1a0013dc       0x24 D:\Facultad\Quinto\TD III\ciaa-api\chip\lpc_chip_43xx\Debug\liblpc_chip_43xx.a(sysinit_18xx_43xx.o)
 .text.Chip_SetupCoreClock
                0x1a001400      0x148 D:\Facultad\Quinto\TD III\ciaa-api\chip\lpc_chip_43xx\Debug\liblpc_chip_43xx.a(sysinit_18xx_43xx.o)
                0x1a001400                Chip_SetupCoreClock
 .text.Chip_SetupIrcClocking
                0x1a001548       0x18 D:\Facultad\Quinto\TD III\ciaa-api\chip\lpc_chip_43xx\Debug\liblpc_chip_43xx.a(sysinit_18xx_43xx.o)
                0x1a001548                Chip_SetupIrcClocking
 .text.Chip_SystemInit
                0x1a001560        0xc D:\Facultad\Quinto\TD III\ciaa-api\chip\lpc_chip_43xx\Debug\liblpc_chip_43xx.a(sysinit_18xx_43xx.o)
                0x1a001560                Chip_SystemInit
 .text.memset   0x1a00156c        0x4 c:/nxp/mcuxpressoide_11.3.1_5262/ide/plugins/com.nxp.mcuxpresso.tools.win32_11.3.0.202008311133/tools/bin/../lib/gcc/arm-none-eabi/9.3.1/../../../../arm-none-eabi/lib/thumb/v7e-m+fp/softfp\libcr_c.a(memset.o)
                0x1a00156c                memset
 .text.__weak_main
                0x1a001570        0x4 c:/nxp/mcuxpressoide_11.3.1_5262/ide/plugins/com.nxp.mcuxpresso.tools.win32_11.3.0.202008311133/tools/bin/../lib/gcc/arm-none-eabi/9.3.1/../../../../arm-none-eabi/lib/thumb/v7e-m+fp/softfp\libcr_c.a(__weak__main.o)
                0x1a001570                __weak_main
                0x1a001570                __main
 .text.__aeabi_memset_lowlevel
                0x1a001574       0x32 c:/nxp/mcuxpressoide_11.3.1_5262/ide/plugins/com.nxp.mcuxpresso.tools.win32_11.3.0.202008311133/tools/bin/../lib/gcc/arm-none-eabi/9.3.1/thumb/v7e-m+fp/softfp\libcr_eabihelpers.a(memcpy.o)
                0x1a001574                __aeabi_lowlevel_memset
 *(.rodata .rodata.* .constdata .constdata.*)
 *fill*         0x1a0015a6        0x2 ff
 .rodata.ExtRateIn
                0x1a0015a8        0x4 ./src/sysinit.o
                0x1a0015a8                ExtRateIn
 .rodata.OscRateIn
                0x1a0015ac        0x4 ./src/sysinit.o
                0x1a0015ac                OscRateIn
 .rodata        0x1a0015b0        0x4 ./src/uart_rx_irq.o
 .rodata.CIAA_UART_CLKS
                0x1a0015b4        0x8 D:\Facultad\Quinto\TD III\ciaa-api\api\Debug\libciaa_api.a(ciaa_uart_api.o)
 .rodata.periph_to_base
                0x1a0015bc       0x6c D:\Facultad\Quinto\TD III\ciaa-api\chip\lpc_chip_43xx\Debug\liblpc_chip_43xx.a(clock_18xx_43xx.o)
 .rodata.Chip_Clock_SetDivider.str1.4
                0x1a001628        0x6 D:\Facultad\Quinto\TD III\ciaa-api\chip\lpc_chip_43xx\Debug\liblpc_chip_43xx.a(clock_18xx_43xx.o)
 *fill*         0x1a00162e        0x2 ff
 .rodata.InitClkStates
                0x1a001630       0x48 D:\Facultad\Quinto\TD III\ciaa-api\chip\lpc_chip_43xx\Debug\liblpc_chip_43xx.a(sysinit_18xx_43xx.o)
                0x1a001678                . = ALIGN (0x4)

.glue_7         0x1a001678        0x0
 .glue_7        0x1a001678        0x0 linker stubs

.glue_7t        0x1a001678        0x0
 .glue_7t       0x1a001678        0x0 linker stubs

.vfp11_veneer   0x1a001678        0x0
 .vfp11_veneer  0x1a001678        0x0 linker stubs

.v4_bx          0x1a001678        0x0
 .v4_bx         0x1a001678        0x0 linker stubs

.iplt           0x1a001678        0x0
 .iplt          0x1a001678        0x0 ./src/cr_startup_lpc43xx.o

.rel.dyn        0x1a001678        0x0
 .rel.iplt      0x1a001678        0x0 ./src/cr_startup_lpc43xx.o

.ARM.extab
 *(.ARM.extab* .gnu.linkonce.armextab.*)

.ARM.exidx      0x1a001678        0x0
                0x1a001678                __exidx_start = .
 *(.ARM.exidx* .gnu.linkonce.armexidx.*)
                0x1a001678                __exidx_end = .
                0x1a001678                _etext = .

.data_RAM2      0x10080000        0x0 load address 0x1a001678
 FILL mask 0xff
                [!provide]                PROVIDE (__start_data_RAM2 = .)
                [!provide]                PROVIDE (__start_data_RamLoc40 = .)
 *(.ramfunc.$RAM2)
 *(.ramfunc.$RamLoc40)
 *(.data.$RAM2)
 *(.data.$RamLoc40)
 *(.data.$RAM2.*)
 *(.data.$RamLoc40.*)
                0x10080000                . = ALIGN (0x4)
                [!provide]                PROVIDE (__end_data_RAM2 = .)
                [!provide]                PROVIDE (__end_data_RamLoc40 = .)

.data_RAM3      0x20000000        0x0 load address 0x1a001678
 FILL mask 0xff
                [!provide]                PROVIDE (__start_data_RAM3 = .)
                [!provide]                PROVIDE (__start_data_RamAHB32 = .)
 *(.ramfunc.$RAM3)
 *(.ramfunc.$RamAHB32)
 *(.data.$RAM3)
 *(.data.$RamAHB32)
 *(.data.$RAM3.*)
 *(.data.$RamAHB32.*)
                0x20000000                . = ALIGN (0x4)
                [!provide]                PROVIDE (__end_data_RAM3 = .)
                [!provide]                PROVIDE (__end_data_RamAHB32 = .)

.data_RAM4      0x20008000        0x0 load address 0x1a001678
 FILL mask 0xff
                [!provide]                PROVIDE (__start_data_RAM4 = .)
                [!provide]                PROVIDE (__start_data_RamAHB16 = .)
 *(.ramfunc.$RAM4)
 *(.ramfunc.$RamAHB16)
 *(.data.$RAM4)
 *(.data.$RamAHB16)
 *(.data.$RAM4.*)
 *(.data.$RamAHB16.*)
                0x20008000                . = ALIGN (0x4)
                [!provide]                PROVIDE (__end_data_RAM4 = .)
                [!provide]                PROVIDE (__end_data_RamAHB16 = .)

.data_RAM5      0x2000c000        0x0 load address 0x1a001678
 FILL mask 0xff
                [!provide]                PROVIDE (__start_data_RAM5 = .)
                [!provide]                PROVIDE (__start_data_RamAHB_ETB16 = .)
 *(.ramfunc.$RAM5)
 *(.ramfunc.$RamAHB_ETB16)
 *(.data.$RAM5)
 *(.data.$RamAHB_ETB16)
 *(.data.$RAM5.*)
 *(.data.$RamAHB_ETB16.*)
                0x2000c000                . = ALIGN (0x4)
                [!provide]                PROVIDE (__end_data_RAM5 = .)
                [!provide]                PROVIDE (__end_data_RamAHB_ETB16 = .)

.uninit_RESERVED
                0x10000000        0x0
                0x10000000                _start_uninit_RESERVED = .
 *(.bss.$RESERVED*)
                0x10000000                . = ALIGN (0x4)
                0x10000000                _end_uninit_RESERVED = .

.data           0x10000000       0xc0 load address 0x1a001678
 FILL mask 0xff
                0x10000000                _data = .
                [!provide]                PROVIDE (__start_data_RAM = .)
                [!provide]                PROVIDE (__start_data_RamLoc32 = .)
 *(vtable)
 *(.ramfunc*)
 *(CodeQuickAccess)
 *(DataQuickAccess)
 *(RamFunction)
 *(.data*)
 .data.CIAA_UARTS
                0x10000000       0x10 D:\Facultad\Quinto\TD III\ciaa-api\api\Debug\libciaa_api.a(ciaa_uart_api.o)
                0x10000000                CIAA_UARTS
 .data.UART_DEFAULT_CONFIGS
                0x10000010       0x50 D:\Facultad\Quinto\TD III\ciaa-api\api\Debug\libciaa_api.a(ciaa_uart_api.o)
                0x10000010                UART_DEFAULT_CONFIGS
 .data.GPIO1    0x10000060        0x8 D:\Facultad\Quinto\TD III\ciaa-api\api\Debug\libciaa_api.a(ciaa_gpio_api.o)
                0x10000060                GPIO1
 .data.GPIO2    0x10000068        0x8 D:\Facultad\Quinto\TD III\ciaa-api\api\Debug\libciaa_api.a(ciaa_gpio_api.o)
                0x10000068                GPIO2
 .data.RXD0     0x10000070        0x8 D:\Facultad\Quinto\TD III\ciaa-api\api\Debug\libciaa_api.a(ciaa_gpio_api.o)
                0x10000070                RXD0
 .data.CRS_DV   0x10000078        0x8 D:\Facultad\Quinto\TD III\ciaa-api\api\Debug\libciaa_api.a(ciaa_gpio_api.o)
                0x10000078                CRS_DV
 .data.RS485_TXD
                0x10000080        0x8 D:\Facultad\Quinto\TD III\ciaa-api\api\Debug\libciaa_api.a(ciaa_gpio_api.o)
                0x10000080                RS485_TXD
 .data.RS485_RXD
                0x10000088        0x8 D:\Facultad\Quinto\TD III\ciaa-api\api\Debug\libciaa_api.a(ciaa_gpio_api.o)
                0x10000088                RS485_RXD
 .data.P6_4     0x10000090        0x8 D:\Facultad\Quinto\TD III\ciaa-api\api\Debug\libciaa_api.a(ciaa_scu_api.o)
                0x10000090                P6_4
 .data.P6_5     0x10000098        0x8 D:\Facultad\Quinto\TD III\ciaa-api\api\Debug\libciaa_api.a(ciaa_scu_api.o)
                0x10000098                P6_5
 .data.P1_15    0x100000a0        0x8 D:\Facultad\Quinto\TD III\ciaa-api\api\Debug\libciaa_api.a(ciaa_scu_api.o)
                0x100000a0                P1_15
 .data.P1_16    0x100000a8        0x8 D:\Facultad\Quinto\TD III\ciaa-api\api\Debug\libciaa_api.a(ciaa_scu_api.o)
                0x100000a8                P1_16
 .data.P9_5     0x100000b0        0x8 D:\Facultad\Quinto\TD III\ciaa-api\api\Debug\libciaa_api.a(ciaa_scu_api.o)
                0x100000b0                P9_5
 .data.P9_6     0x100000b8        0x8 D:\Facultad\Quinto\TD III\ciaa-api\api\Debug\libciaa_api.a(ciaa_scu_api.o)
                0x100000b8                P9_6
                0x100000c0                . = ALIGN (0x4)
                0x100000c0                _edata = .
                [!provide]                PROVIDE (__end_data_RAM = .)
                [!provide]                PROVIDE (__end_data_RamLoc32 = .)

.igot.plt       0x100000c0        0x0 load address 0x1a001738
 .igot.plt      0x100000c0        0x0 ./src/cr_startup_lpc43xx.o

.bss_RAM2       0x10080000        0x0
                [!provide]                PROVIDE (__start_bss_RAM2 = .)
                [!provide]                PROVIDE (__start_bss_RamLoc40 = .)
 *(.bss.$RAM2)
 *(.bss.$RamLoc40)
 *(.bss.$RAM2.*)
 *(.bss.$RamLoc40.*)
                0x10080000                . = ALIGN ((. != 0x0)?0x4:0x1)
                [!provide]                PROVIDE (__end_bss_RAM2 = .)
                [!provide]                PROVIDE (__end_bss_RamLoc40 = .)

.bss_RAM3       0x20000000        0x0
                [!provide]                PROVIDE (__start_bss_RAM3 = .)
                [!provide]                PROVIDE (__start_bss_RamAHB32 = .)
 *(.bss.$RAM3)
 *(.bss.$RamAHB32)
 *(.bss.$RAM3.*)
 *(.bss.$RamAHB32.*)
                0x20000000                . = ALIGN ((. != 0x0)?0x4:0x1)
                [!provide]                PROVIDE (__end_bss_RAM3 = .)
                [!provide]                PROVIDE (__end_bss_RamAHB32 = .)

.bss_RAM4       0x20008000        0x0
                [!provide]                PROVIDE (__start_bss_RAM4 = .)
                [!provide]                PROVIDE (__start_bss_RamAHB16 = .)
 *(.bss.$RAM4)
 *(.bss.$RamAHB16)
 *(.bss.$RAM4.*)
 *(.bss.$RamAHB16.*)
                0x20008000                . = ALIGN ((. != 0x0)?0x4:0x1)
                [!provide]                PROVIDE (__end_bss_RAM4 = .)
                [!provide]                PROVIDE (__end_bss_RamAHB16 = .)

.bss_RAM5       0x2000c000        0x0
                [!provide]                PROVIDE (__start_bss_RAM5 = .)
                [!provide]                PROVIDE (__start_bss_RamAHB_ETB16 = .)
 *(.bss.$RAM5)
 *(.bss.$RamAHB_ETB16)
 *(.bss.$RAM5.*)
 *(.bss.$RamAHB_ETB16.*)
                0x2000c000                . = ALIGN ((. != 0x0)?0x4:0x1)
                [!provide]                PROVIDE (__end_bss_RAM5 = .)
                [!provide]                PROVIDE (__end_bss_RamAHB_ETB16 = .)

.bss            0x100000c0       0x1c
                0x100000c0                _bss = .
                [!provide]                PROVIDE (__start_bss_RAM = .)
                [!provide]                PROVIDE (__start_bss_RamLoc32 = .)
 *(.bss*)
 .bss.uart_handlers
                0x100000c0       0x10 D:\Facultad\Quinto\TD III\ciaa-api\api\Debug\libciaa_api.a(ciaa_uart_api.o)
                0x100000c0                uart_handlers
 .bss.audio_usb_pll_freq
                0x100000d0        0x8 D:\Facultad\Quinto\TD III\ciaa-api\chip\lpc_chip_43xx\Debug\liblpc_chip_43xx.a(clock_18xx_43xx.o)
 *(COMMON)
 COMMON         0x100000d8        0x4 D:\Facultad\Quinto\TD III\ciaa-api\chip\lpc_chip_43xx\Debug\liblpc_chip_43xx.a(chip_18xx_43xx.o)
                0x100000d8                SystemCoreClock
                0x100000dc                . = ALIGN (0x4)
                0x100000dc                _ebss = .
                [!provide]                PROVIDE (__end_bss_RAM = .)
                [!provide]                PROVIDE (__end_bss_RamLoc32 = .)
                [!provide]                PROVIDE (end = .)

.noinit_RAM2    0x10080000        0x0
                [!provide]                PROVIDE (__start_noinit_RAM2 = .)
                [!provide]                PROVIDE (__start_noinit_RamLoc40 = .)
 *(.noinit.$RAM2)
 *(.noinit.$RamLoc40)
 *(.noinit.$RAM2.*)
 *(.noinit.$RamLoc40.*)
                0x10080000                . = ALIGN (0x4)
                [!provide]                PROVIDE (__end_noinit_RAM2 = .)
                [!provide]                PROVIDE (__end_noinit_RamLoc40 = .)

.noinit_RAM3    0x20000000        0x0
                [!provide]                PROVIDE (__start_noinit_RAM3 = .)
                [!provide]                PROVIDE (__start_noinit_RamAHB32 = .)
 *(.noinit.$RAM3)
 *(.noinit.$RamAHB32)
 *(.noinit.$RAM3.*)
 *(.noinit.$RamAHB32.*)
                0x20000000                . = ALIGN (0x4)
                [!provide]                PROVIDE (__end_noinit_RAM3 = .)
                [!provide]                PROVIDE (__end_noinit_RamAHB32 = .)

.noinit_RAM4    0x20008000        0x0
                [!provide]                PROVIDE (__start_noinit_RAM4 = .)
                [!provide]                PROVIDE (__start_noinit_RamAHB16 = .)
 *(.noinit.$RAM4)
 *(.noinit.$RamAHB16)
 *(.noinit.$RAM4.*)
 *(.noinit.$RamAHB16.*)
                0x20008000                . = ALIGN (0x4)
                [!provide]                PROVIDE (__end_noinit_RAM4 = .)
                [!provide]                PROVIDE (__end_noinit_RamAHB16 = .)

.noinit_RAM5    0x2000c000        0x0
                [!provide]                PROVIDE (__start_noinit_RAM5 = .)
                [!provide]                PROVIDE (__start_noinit_RamAHB_ETB16 = .)
 *(.noinit.$RAM5)
 *(.noinit.$RamAHB_ETB16)
 *(.noinit.$RAM5.*)
 *(.noinit.$RamAHB_ETB16.*)
                0x2000c000                . = ALIGN (0x4)
                [!provide]                PROVIDE (__end_noinit_RAM5 = .)
                [!provide]                PROVIDE (__end_noinit_RamAHB_ETB16 = .)

.noinit         0x100000dc        0x0
                0x100000dc                _noinit = .
                [!provide]                PROVIDE (__start_noinit_RAM = .)
                [!provide]                PROVIDE (__start_noinit_RamLoc32 = .)
 *(.noinit*)
                0x100000dc                . = ALIGN (0x4)
                0x100000dc                _end_noinit = .
                [!provide]                PROVIDE (__end_noinit_RAM = .)
                [!provide]                PROVIDE (__end_noinit_RamLoc32 = .)
                [!provide]                PROVIDE (_pvHeapStart = DEFINED (__user_heap_base)?__user_heap_base:.)
                0x10008000                PROVIDE (_vStackTop = DEFINED (__user_stack_top)?__user_stack_top:(__top_RamLoc32 - 0x0))
                0x53ff72e6                PROVIDE (__valid_user_code_checksum = (0x0 - ((((((_vStackTop + (ResetISR + 0x1)) + (NMI_Handler + 0x1)) + (HardFault_Handler + 0x1)) + (DEFINED (MemManage_Handler)?MemManage_Handler:0x0 + 0x1)) + (DEFINED (BusFault_Handler)?BusFault_Handler:0x0 + 0x1)) + (DEFINED (UsageFault_Handler)?UsageFault_Handler:0x0 + 0x1))))
                0x1a000000                _image_start = LOADADDR (.text)
                0x1a001738                _image_end = (LOADADDR (.data) + SIZEOF (.data))
                0x00001738                _image_size = (_image_end - _image_start)
OUTPUT(uart_rx_irq.axf elf32-littlearm)
LOAD linker stubs

.debug_info     0x00000000     0x73ae
 .debug_info    0x00000000      0x2bd ./src/cr_startup_lpc43xx.o
 .debug_info    0x000002bd       0x40 ./src/crp.o
 .debug_info    0x000002fd      0x610 ./src/sysinit.o
 .debug_info    0x0000090d      0xe99 ./src/uart_rx_irq.o
 .debug_info    0x000017a6     0x15cd D:\Facultad\Quinto\TD III\ciaa-api\api\Debug\libciaa_api.a(ciaa_uart_api.o)
 .debug_info    0x00002d73      0xe13 D:\Facultad\Quinto\TD III\ciaa-api\api\Debug\libciaa_api.a(ciaa_gpio_api.o)
 .debug_info    0x00003b86      0xba2 D:\Facultad\Quinto\TD III\ciaa-api\api\Debug\libciaa_api.a(ciaa_scu_api.o)
 .debug_info    0x00004728      0xacc D:\Facultad\Quinto\TD III\ciaa-api\chip\lpc_chip_43xx\Debug\liblpc_chip_43xx.a(chip_18xx_43xx.o)
 .debug_info    0x000051f4     0x16c2 D:\Facultad\Quinto\TD III\ciaa-api\chip\lpc_chip_43xx\Debug\liblpc_chip_43xx.a(clock_18xx_43xx.o)
 .debug_info    0x000068b6      0x164 D:\Facultad\Quinto\TD III\ciaa-api\chip\lpc_chip_43xx\Debug\liblpc_chip_43xx.a(fpu_init.o)
 .debug_info    0x00006a1a      0x994 D:\Facultad\Quinto\TD III\ciaa-api\chip\lpc_chip_43xx\Debug\liblpc_chip_43xx.a(sysinit_18xx_43xx.o)

.debug_abbrev   0x00000000     0x10ac
 .debug_abbrev  0x00000000      0x120 ./src/cr_startup_lpc43xx.o
 .debug_abbrev  0x00000120       0x38 ./src/crp.o
 .debug_abbrev  0x00000158      0x109 ./src/sysinit.o
 .debug_abbrev  0x00000261      0x297 ./src/uart_rx_irq.o
 .debug_abbrev  0x000004f8      0x267 D:\Facultad\Quinto\TD III\ciaa-api\api\Debug\libciaa_api.a(ciaa_uart_api.o)
 .debug_abbrev  0x0000075f      0x117 D:\Facultad\Quinto\TD III\ciaa-api\api\Debug\libciaa_api.a(ciaa_gpio_api.o)
 .debug_abbrev  0x00000876      0x104 D:\Facultad\Quinto\TD III\ciaa-api\api\Debug\libciaa_api.a(ciaa_scu_api.o)
 .debug_abbrev  0x0000097a      0x19b D:\Facultad\Quinto\TD III\ciaa-api\chip\lpc_chip_43xx\Debug\liblpc_chip_43xx.a(chip_18xx_43xx.o)
 .debug_abbrev  0x00000b15      0x31b D:\Facultad\Quinto\TD III\ciaa-api\chip\lpc_chip_43xx\Debug\liblpc_chip_43xx.a(clock_18xx_43xx.o)
 .debug_abbrev  0x00000e30       0xb4 D:\Facultad\Quinto\TD III\ciaa-api\chip\lpc_chip_43xx\Debug\liblpc_chip_43xx.a(fpu_init.o)
 .debug_abbrev  0x00000ee4      0x1c8 D:\Facultad\Quinto\TD III\ciaa-api\chip\lpc_chip_43xx\Debug\liblpc_chip_43xx.a(sysinit_18xx_43xx.o)

.debug_aranges  0x00000000      0x410
 .debug_aranges
                0x00000000       0x80 ./src/cr_startup_lpc43xx.o
 .debug_aranges
                0x00000080       0x18 ./src/crp.o
 .debug_aranges
                0x00000098       0x20 ./src/sysinit.o
 .debug_aranges
                0x000000b8       0x60 ./src/uart_rx_irq.o
 .debug_aranges
                0x00000118       0xe0 D:\Facultad\Quinto\TD III\ciaa-api\api\Debug\libciaa_api.a(ciaa_uart_api.o)
 .debug_aranges
                0x000001f8       0x18 D:\Facultad\Quinto\TD III\ciaa-api\api\Debug\libciaa_api.a(ciaa_gpio_api.o)
 .debug_aranges
                0x00000210       0x18 D:\Facultad\Quinto\TD III\ciaa-api\api\Debug\libciaa_api.a(ciaa_scu_api.o)
 .debug_aranges
                0x00000228       0x40 D:\Facultad\Quinto\TD III\ciaa-api\chip\lpc_chip_43xx\Debug\liblpc_chip_43xx.a(chip_18xx_43xx.o)
 .debug_aranges
                0x00000268      0x138 D:\Facultad\Quinto\TD III\ciaa-api\chip\lpc_chip_43xx\Debug\liblpc_chip_43xx.a(clock_18xx_43xx.o)
 .debug_aranges
                0x000003a0       0x20 D:\Facultad\Quinto\TD III\ciaa-api\chip\lpc_chip_43xx\Debug\liblpc_chip_43xx.a(fpu_init.o)
 .debug_aranges
                0x000003c0       0x50 D:\Facultad\Quinto\TD III\ciaa-api\chip\lpc_chip_43xx\Debug\liblpc_chip_43xx.a(sysinit_18xx_43xx.o)

.debug_ranges   0x00000000      0x360
 .debug_ranges  0x00000000       0x70 ./src/cr_startup_lpc43xx.o
 .debug_ranges  0x00000070       0x10 ./src/sysinit.o
 .debug_ranges  0x00000080       0x50 ./src/uart_rx_irq.o
 .debug_ranges  0x000000d0       0xd0 D:\Facultad\Quinto\TD III\ciaa-api\api\Debug\libciaa_api.a(ciaa_uart_api.o)
 .debug_ranges  0x000001a0       0x30 D:\Facultad\Quinto\TD III\ciaa-api\chip\lpc_chip_43xx\Debug\liblpc_chip_43xx.a(chip_18xx_43xx.o)
 .debug_ranges  0x000001d0      0x140 D:\Facultad\Quinto\TD III\ciaa-api\chip\lpc_chip_43xx\Debug\liblpc_chip_43xx.a(clock_18xx_43xx.o)
 .debug_ranges  0x00000310       0x10 D:\Facultad\Quinto\TD III\ciaa-api\chip\lpc_chip_43xx\Debug\liblpc_chip_43xx.a(fpu_init.o)
 .debug_ranges  0x00000320       0x40 D:\Facultad\Quinto\TD III\ciaa-api\chip\lpc_chip_43xx\Debug\liblpc_chip_43xx.a(sysinit_18xx_43xx.o)

.debug_macro    0x00000000     0x7877
 .debug_macro   0x00000000       0x1d ./src/cr_startup_lpc43xx.o
 .debug_macro   0x0000001d      0xac0 ./src/cr_startup_lpc43xx.o
 .debug_macro   0x00000add       0x1a ./src/crp.o
 .debug_macro   0x00000af7       0x34 ./src/crp.o
 .debug_macro   0x00000b2b      0x2e4 ./src/sysinit.o
 .debug_macro   0x00000e0f       0x10 ./src/sysinit.o
 .debug_macro   0x00000e1f       0x10 ./src/sysinit.o
 .debug_macro   0x00000e2f      0x12e ./src/sysinit.o
 .debug_macro   0x00000f5d      0x5b3 ./src/sysinit.o
 .debug_macro   0x00001510       0x22 ./src/sysinit.o
 .debug_macro   0x00001532       0x88 ./src/sysinit.o
 .debug_macro   0x000015ba       0x28 ./src/sysinit.o
 .debug_macro   0x000015e2       0x3b ./src/sysinit.o
 .debug_macro   0x0000161d       0x2d ./src/sysinit.o
 .debug_macro   0x0000164a       0x42 ./src/sysinit.o
 .debug_macro   0x0000168c      0xd39 ./src/sysinit.o
 .debug_macro   0x000023c5      0x2c3 ./src/sysinit.o
 .debug_macro   0x00002688      0x112 ./src/sysinit.o
 .debug_macro   0x0000279a       0x11 ./src/sysinit.o
 .debug_macro   0x000027ab       0x2a ./src/sysinit.o
 .debug_macro   0x000027d5       0x16 ./src/sysinit.o
 .debug_macro   0x000027eb      0x2e6 ./src/sysinit.o
 .debug_macro   0x00002ad1       0x82 ./src/sysinit.o
 .debug_macro   0x00002b53      0x13d ./src/sysinit.o
 .debug_macro   0x00002c90      0x198 ./src/sysinit.o
 .debug_macro   0x00002e28       0x34 ./src/sysinit.o
 .debug_macro   0x00002e5c       0x58 ./src/sysinit.o
 .debug_macro   0x00002eb4      0x236 ./src/sysinit.o
 .debug_macro   0x000030ea      0x572 ./src/sysinit.o
 .debug_macro   0x0000365c       0x16 ./src/sysinit.o
 .debug_macro   0x00003672      0x18a ./src/sysinit.o
 .debug_macro   0x000037fc       0x88 ./src/sysinit.o
 .debug_macro   0x00003884      0x1b9 ./src/sysinit.o
 .debug_macro   0x00003a3d      0x1da ./src/sysinit.o
 .debug_macro   0x00003c17       0x40 ./src/sysinit.o
 .debug_macro   0x00003c57       0x1c ./src/sysinit.o
 .debug_macro   0x00003c73       0x2e ./src/sysinit.o
 .debug_macro   0x00003ca1       0x2e ./src/sysinit.o
 .debug_macro   0x00003ccf       0x22 ./src/sysinit.o
 .debug_macro   0x00003cf1      0x201 ./src/sysinit.o
 .debug_macro   0x00003ef2       0xe0 ./src/sysinit.o
 .debug_macro   0x00003fd2      0x34c ./src/sysinit.o
 .debug_macro   0x0000431e       0xdc ./src/sysinit.o
 .debug_macro   0x000043fa       0xc4 ./src/sysinit.o
 .debug_macro   0x000044be       0x8f ./src/sysinit.o
 .debug_macro   0x0000454d       0x94 ./src/sysinit.o
 .debug_macro   0x000045e1       0xb8 ./src/sysinit.o
 .debug_macro   0x00004699       0x4c ./src/sysinit.o
 .debug_macro   0x000046e5       0x16 ./src/sysinit.o
 .debug_macro   0x000046fb      0x328 ./src/sysinit.o
 .debug_macro   0x00004a23       0x3a ./src/sysinit.o
 .debug_macro   0x00004a5d       0xd0 ./src/sysinit.o
 .debug_macro   0x00004b2d       0x18 ./src/sysinit.o
 .debug_macro   0x00004b45       0x22 ./src/sysinit.o
 .debug_macro   0x00004b67       0x40 ./src/sysinit.o
 .debug_macro   0x00004ba7      0x305 ./src/uart_rx_irq.o
 .debug_macro   0x00004eac       0x94 ./src/uart_rx_irq.o
 .debug_macro   0x00004f40       0x34 ./src/uart_rx_irq.o
 .debug_macro   0x00004f74       0x1c ./src/uart_rx_irq.o
 .debug_macro   0x00004f90      0x305 D:\Facultad\Quinto\TD III\ciaa-api\api\Debug\libciaa_api.a(ciaa_uart_api.o)
 .debug_macro   0x00005295      0xaa2 D:\Facultad\Quinto\TD III\ciaa-api\api\Debug\libciaa_api.a(ciaa_uart_api.o)
 .debug_macro   0x00005d37       0x73 D:\Facultad\Quinto\TD III\ciaa-api\api\Debug\libciaa_api.a(ciaa_uart_api.o)
 .debug_macro   0x00005daa      0x2fc D:\Facultad\Quinto\TD III\ciaa-api\api\Debug\libciaa_api.a(ciaa_gpio_api.o)
 .debug_macro   0x000060a6       0x2e D:\Facultad\Quinto\TD III\ciaa-api\api\Debug\libciaa_api.a(ciaa_gpio_api.o)
 .debug_macro   0x000060d4      0x2f3 D:\Facultad\Quinto\TD III\ciaa-api\api\Debug\libciaa_api.a(ciaa_scu_api.o)
 .debug_macro   0x000063c7       0x8e D:\Facultad\Quinto\TD III\ciaa-api\api\Debug\libciaa_api.a(ciaa_scu_api.o)
 .debug_macro   0x00006455      0x2e4 D:\Facultad\Quinto\TD III\ciaa-api\chip\lpc_chip_43xx\Debug\liblpc_chip_43xx.a(chip_18xx_43xx.o)
 .debug_macro   0x00006739      0xab4 D:\Facultad\Quinto\TD III\ciaa-api\chip\lpc_chip_43xx\Debug\liblpc_chip_43xx.a(chip_18xx_43xx.o)
 .debug_macro   0x000071ed      0x2ea D:\Facultad\Quinto\TD III\ciaa-api\chip\lpc_chip_43xx\Debug\liblpc_chip_43xx.a(clock_18xx_43xx.o)
 .debug_macro   0x000074d7       0xbc D:\Facultad\Quinto\TD III\ciaa-api\chip\lpc_chip_43xx\Debug\liblpc_chip_43xx.a(fpu_init.o)
 .debug_macro   0x00007593      0x2e4 D:\Facultad\Quinto\TD III\ciaa-api\chip\lpc_chip_43xx\Debug\liblpc_chip_43xx.a(sysinit_18xx_43xx.o)

.debug_line     0x00000000     0x4c66
 .debug_line    0x00000000      0x1a2 ./src/cr_startup_lpc43xx.o
 .debug_line    0x000001a2       0xb1 ./src/crp.o
 .debug_line    0x00000253      0x6af ./src/sysinit.o
 .debug_line    0x00000902      0x821 ./src/uart_rx_irq.o
 .debug_line    0x00001123      0xaf8 D:\Facultad\Quinto\TD III\ciaa-api\api\Debug\libciaa_api.a(ciaa_uart_api.o)
 .debug_line    0x00001c1b      0x6e2 D:\Facultad\Quinto\TD III\ciaa-api\api\Debug\libciaa_api.a(ciaa_gpio_api.o)
 .debug_line    0x000022fd      0x6ce D:\Facultad\Quinto\TD III\ciaa-api\api\Debug\libciaa_api.a(ciaa_scu_api.o)
 .debug_line    0x000029cb      0x74d D:\Facultad\Quinto\TD III\ciaa-api\chip\lpc_chip_43xx\Debug\liblpc_chip_43xx.a(chip_18xx_43xx.o)
 .debug_line    0x00003118     0x104a D:\Facultad\Quinto\TD III\ciaa-api\chip\lpc_chip_43xx\Debug\liblpc_chip_43xx.a(clock_18xx_43xx.o)
 .debug_line    0x00004162      0x2cf D:\Facultad\Quinto\TD III\ciaa-api\chip\lpc_chip_43xx\Debug\liblpc_chip_43xx.a(fpu_init.o)
 .debug_line    0x00004431      0x835 D:\Facultad\Quinto\TD III\ciaa-api\chip\lpc_chip_43xx\Debug\liblpc_chip_43xx.a(sysinit_18xx_43xx.o)

.debug_str      0x00000000    0x180eb
 .debug_str     0x00000000     0x301a ./src/cr_startup_lpc43xx.o
                               0x3032 (size before relaxing)
 .debug_str     0x0000301a       0xe9 ./src/crp.o
                               0x2f1e (size before relaxing)
 .debug_str     0x00003103    0x1375e ./src/sysinit.o
                              0x16688 (size before relaxing)
 .debug_str     0x00016861      0x9b7 ./src/uart_rx_irq.o
                              0x1665d (size before relaxing)
 .debug_str     0x00017218      0x369 D:\Facultad\Quinto\TD III\ciaa-api\api\Debug\libciaa_api.a(ciaa_uart_api.o)
                              0x16ef5 (size before relaxing)
 .debug_str     0x00017581       0x17 D:\Facultad\Quinto\TD III\ciaa-api\api\Debug\libciaa_api.a(ciaa_gpio_api.o)
                              0x1691b (size before relaxing)
 .debug_str     0x00017598       0x16 D:\Facultad\Quinto\TD III\ciaa-api\api\Debug\libciaa_api.a(ciaa_scu_api.o)
                              0x16752 (size before relaxing)
 .debug_str     0x000175ae      0x39c D:\Facultad\Quinto\TD III\ciaa-api\chip\lpc_chip_43xx\Debug\liblpc_chip_43xx.a(chip_18xx_43xx.o)
                              0x16946 (size before relaxing)
 .debug_str     0x0001794a      0x608 D:\Facultad\Quinto\TD III\ciaa-api\chip\lpc_chip_43xx\Debug\liblpc_chip_43xx.a(clock_18xx_43xx.o)
                              0x16ec5 (size before relaxing)
 .debug_str     0x00017f52       0xb5 D:\Facultad\Quinto\TD III\ciaa-api\chip\lpc_chip_43xx\Debug\liblpc_chip_43xx.a(fpu_init.o)
                               0xa1b5 (size before relaxing)
 .debug_str     0x00018007       0xe4 D:\Facultad\Quinto\TD III\ciaa-api\chip\lpc_chip_43xx\Debug\liblpc_chip_43xx.a(sysinit_18xx_43xx.o)
                              0x16928 (size before relaxing)

.comment        0x00000000       0x4c
 .comment       0x00000000       0x4c ./src/cr_startup_lpc43xx.o
                                 0x4d (size before relaxing)
 .comment       0x0000004c       0x4d ./src/crp.o
 .comment       0x0000004c       0x4d ./src/sysinit.o
 .comment       0x0000004c       0x4d ./src/uart_rx_irq.o
 .comment       0x0000004c       0x4d D:\Facultad\Quinto\TD III\ciaa-api\api\Debug\libciaa_api.a(ciaa_uart_api.o)
 .comment       0x0000004c       0x4d D:\Facultad\Quinto\TD III\ciaa-api\api\Debug\libciaa_api.a(ciaa_gpio_api.o)
 .comment       0x0000004c       0x4d D:\Facultad\Quinto\TD III\ciaa-api\api\Debug\libciaa_api.a(ciaa_scu_api.o)
 .comment       0x0000004c       0x4d D:\Facultad\Quinto\TD III\ciaa-api\chip\lpc_chip_43xx\Debug\liblpc_chip_43xx.a(chip_18xx_43xx.o)
 .comment       0x0000004c       0x4d D:\Facultad\Quinto\TD III\ciaa-api\chip\lpc_chip_43xx\Debug\liblpc_chip_43xx.a(clock_18xx_43xx.o)
 .comment       0x0000004c       0x4d D:\Facultad\Quinto\TD III\ciaa-api\chip\lpc_chip_43xx\Debug\liblpc_chip_43xx.a(fpu_init.o)
 .comment       0x0000004c       0x4d D:\Facultad\Quinto\TD III\ciaa-api\chip\lpc_chip_43xx\Debug\liblpc_chip_43xx.a(sysinit_18xx_43xx.o)
 .comment       0x0000004c       0x4d c:/nxp/mcuxpressoide_11.3.1_5262/ide/plugins/com.nxp.mcuxpresso.tools.win32_11.3.0.202008311133/tools/bin/../lib/gcc/arm-none-eabi/9.3.1/../../../../arm-none-eabi/lib/thumb/v7e-m+fp/softfp\libcr_c.a(memset.o)
 .comment       0x0000004c       0x4d c:/nxp/mcuxpressoide_11.3.1_5262/ide/plugins/com.nxp.mcuxpresso.tools.win32_11.3.0.202008311133/tools/bin/../lib/gcc/arm-none-eabi/9.3.1/../../../../arm-none-eabi/lib/thumb/v7e-m+fp/softfp\libcr_c.a(__weak__main.o)

.ARM.attributes
                0x00000000       0x30
 .ARM.attributes
                0x00000000       0x32 ./src/cr_startup_lpc43xx.o
 .ARM.attributes
                0x00000032       0x37 ./src/crp.o
 .ARM.attributes
                0x00000069       0x32 ./src/sysinit.o
 .ARM.attributes
                0x0000009b       0x32 ./src/uart_rx_irq.o
 .ARM.attributes
                0x000000cd       0x32 D:\Facultad\Quinto\TD III\ciaa-api\api\Debug\libciaa_api.a(ciaa_uart_api.o)
 .ARM.attributes
                0x000000ff       0x37 D:\Facultad\Quinto\TD III\ciaa-api\api\Debug\libciaa_api.a(ciaa_gpio_api.o)
 .ARM.attributes
                0x00000136       0x37 D:\Facultad\Quinto\TD III\ciaa-api\api\Debug\libciaa_api.a(ciaa_scu_api.o)
 .ARM.attributes
                0x0000016d       0x32 D:\Facultad\Quinto\TD III\ciaa-api\chip\lpc_chip_43xx\Debug\liblpc_chip_43xx.a(chip_18xx_43xx.o)
 .ARM.attributes
                0x0000019f       0x32 D:\Facultad\Quinto\TD III\ciaa-api\chip\lpc_chip_43xx\Debug\liblpc_chip_43xx.a(clock_18xx_43xx.o)
 .ARM.attributes
                0x000001d1       0x32 D:\Facultad\Quinto\TD III\ciaa-api\chip\lpc_chip_43xx\Debug\liblpc_chip_43xx.a(fpu_init.o)
 .ARM.attributes
                0x00000203       0x32 D:\Facultad\Quinto\TD III\ciaa-api\chip\lpc_chip_43xx\Debug\liblpc_chip_43xx.a(sysinit_18xx_43xx.o)
 .ARM.attributes
                0x00000235       0x32 c:/nxp/mcuxpressoide_11.3.1_5262/ide/plugins/com.nxp.mcuxpresso.tools.win32_11.3.0.202008311133/tools/bin/../lib/gcc/arm-none-eabi/9.3.1/../../../../arm-none-eabi/lib/thumb/v7e-m+fp/softfp\libcr_c.a(memset.o)
 .ARM.attributes
                0x00000267       0x32 c:/nxp/mcuxpressoide_11.3.1_5262/ide/plugins/com.nxp.mcuxpresso.tools.win32_11.3.0.202008311133/tools/bin/../lib/gcc/arm-none-eabi/9.3.1/../../../../arm-none-eabi/lib/thumb/v7e-m+fp/softfp\libcr_c.a(__weak__main.o)
 .ARM.attributes
                0x00000299       0x20 c:/nxp/mcuxpressoide_11.3.1_5262/ide/plugins/com.nxp.mcuxpresso.tools.win32_11.3.0.202008311133/tools/bin/../lib/gcc/arm-none-eabi/9.3.1/thumb/v7e-m+fp/softfp\libcr_eabihelpers.a(memcpy.o)

.debug_frame    0x00000000      0xdc8
 .debug_frame   0x00000000      0x170 ./src/cr_startup_lpc43xx.o
 .debug_frame   0x00000170       0x34 ./src/sysinit.o
 .debug_frame   0x000001a4      0x154 ./src/uart_rx_irq.o
 .debug_frame   0x000002f8      0x39c D:\Facultad\Quinto\TD III\ciaa-api\api\Debug\libciaa_api.a(ciaa_uart_api.o)
 .debug_frame   0x00000694       0xa0 D:\Facultad\Quinto\TD III\ciaa-api\chip\lpc_chip_43xx\Debug\liblpc_chip_43xx.a(chip_18xx_43xx.o)
 .debug_frame   0x00000734      0x568 D:\Facultad\Quinto\TD III\ciaa-api\chip\lpc_chip_43xx\Debug\liblpc_chip_43xx.a(clock_18xx_43xx.o)
 .debug_frame   0x00000c9c       0x38 D:\Facultad\Quinto\TD III\ciaa-api\chip\lpc_chip_43xx\Debug\liblpc_chip_43xx.a(fpu_init.o)
 .debug_frame   0x00000cd4       0xf4 D:\Facultad\Quinto\TD III\ciaa-api\chip\lpc_chip_43xx\Debug\liblpc_chip_43xx.a(sysinit_18xx_43xx.o)

Cross Reference Table

Symbol                                            File
ADC0_IRQHandler                                   ./src/cr_startup_lpc43xx.o
ADC1_IRQHandler                                   ./src/cr_startup_lpc43xx.o
ADCHS_IRQHandler                                  ./src/cr_startup_lpc43xx.o
ATIMER_IRQHandler                                 ./src/cr_startup_lpc43xx.o
BusFault_Handler                                  ./src/cr_startup_lpc43xx.o
CAN0_IRQHandler                                   ./src/cr_startup_lpc43xx.o
CAN1_IRQHandler                                   ./src/cr_startup_lpc43xx.o
CAN_RD                                            D:\Facultad\Quinto\TD III\ciaa-api\api\Debug\libciaa_api.a(ciaa_gpio_api.o)
CAN_TD                                            D:\Facultad\Quinto\TD III\ciaa-api\api\Debug\libciaa_api.a(ciaa_gpio_api.o)
CIAA_UARTS                                        D:\Facultad\Quinto\TD III\ciaa-api\api\Debug\libciaa_api.a(ciaa_uart_api.o)
                                                  ./src/uart_rx_irq.o
CRP_WORD                                          ./src/crp.o
CRS_DV                                            D:\Facultad\Quinto\TD III\ciaa-api\api\Debug\libciaa_api.a(ciaa_gpio_api.o)
                                                  D:\Facultad\Quinto\TD III\ciaa-api\api\Debug\libciaa_api.a(ciaa_uart_api.o)
Chip_Clock_CalcMainPLLValue                       D:\Facultad\Quinto\TD III\ciaa-api\chip\lpc_chip_43xx\Debug\liblpc_chip_43xx.a(clock_18xx_43xx.o)
                                                  D:\Facultad\Quinto\TD III\ciaa-api\chip\lpc_chip_43xx\Debug\liblpc_chip_43xx.a(sysinit_18xx_43xx.o)
Chip_Clock_ClearPowerDown                         D:\Facultad\Quinto\TD III\ciaa-api\chip\lpc_chip_43xx\Debug\liblpc_chip_43xx.a(clock_18xx_43xx.o)
Chip_Clock_Disable                                D:\Facultad\Quinto\TD III\ciaa-api\chip\lpc_chip_43xx\Debug\liblpc_chip_43xx.a(clock_18xx_43xx.o)
Chip_Clock_DisableBaseClock                       D:\Facultad\Quinto\TD III\ciaa-api\chip\lpc_chip_43xx\Debug\liblpc_chip_43xx.a(clock_18xx_43xx.o)
Chip_Clock_DisableCrystal                         D:\Facultad\Quinto\TD III\ciaa-api\chip\lpc_chip_43xx\Debug\liblpc_chip_43xx.a(clock_18xx_43xx.o)
Chip_Clock_DisablePLL                             D:\Facultad\Quinto\TD III\ciaa-api\chip\lpc_chip_43xx\Debug\liblpc_chip_43xx.a(clock_18xx_43xx.o)
Chip_Clock_Enable                                 D:\Facultad\Quinto\TD III\ciaa-api\chip\lpc_chip_43xx\Debug\liblpc_chip_43xx.a(clock_18xx_43xx.o)
Chip_Clock_EnableBaseClock                        D:\Facultad\Quinto\TD III\ciaa-api\chip\lpc_chip_43xx\Debug\liblpc_chip_43xx.a(clock_18xx_43xx.o)
                                                  D:\Facultad\Quinto\TD III\ciaa-api\chip\lpc_chip_43xx\Debug\liblpc_chip_43xx.a(chip_18xx_43xx.o)
Chip_Clock_EnableCrystal                          D:\Facultad\Quinto\TD III\ciaa-api\chip\lpc_chip_43xx\Debug\liblpc_chip_43xx.a(clock_18xx_43xx.o)
                                                  D:\Facultad\Quinto\TD III\ciaa-api\chip\lpc_chip_43xx\Debug\liblpc_chip_43xx.a(sysinit_18xx_43xx.o)
Chip_Clock_EnableOpts                             D:\Facultad\Quinto\TD III\ciaa-api\chip\lpc_chip_43xx\Debug\liblpc_chip_43xx.a(clock_18xx_43xx.o)
                                                  D:\Facultad\Quinto\TD III\ciaa-api\chip\lpc_chip_43xx\Debug\liblpc_chip_43xx.a(chip_18xx_43xx.o)
                                                  D:\Facultad\Quinto\TD III\ciaa-api\api\Debug\libciaa_api.a(ciaa_uart_api.o)
Chip_Clock_EnablePLL                              D:\Facultad\Quinto\TD III\ciaa-api\chip\lpc_chip_43xx\Debug\liblpc_chip_43xx.a(clock_18xx_43xx.o)
                                                  D:\Facultad\Quinto\TD III\ciaa-api\chip\lpc_chip_43xx\Debug\liblpc_chip_43xx.a(chip_18xx_43xx.o)
Chip_Clock_GetBaseClock                           D:\Facultad\Quinto\TD III\ciaa-api\chip\lpc_chip_43xx\Debug\liblpc_chip_43xx.a(clock_18xx_43xx.o)
Chip_Clock_GetBaseClockOpts                       D:\Facultad\Quinto\TD III\ciaa-api\chip\lpc_chip_43xx\Debug\liblpc_chip_43xx.a(clock_18xx_43xx.o)
Chip_Clock_GetBaseClocktHz                        D:\Facultad\Quinto\TD III\ciaa-api\chip\lpc_chip_43xx\Debug\liblpc_chip_43xx.a(clock_18xx_43xx.o)
Chip_Clock_GetClockInputHz                        D:\Facultad\Quinto\TD III\ciaa-api\chip\lpc_chip_43xx\Debug\liblpc_chip_43xx.a(clock_18xx_43xx.o)
                                                  D:\Facultad\Quinto\TD III\ciaa-api\chip\lpc_chip_43xx\Debug\liblpc_chip_43xx.a(chip_18xx_43xx.o)
Chip_Clock_GetDividerDivisor                      D:\Facultad\Quinto\TD III\ciaa-api\chip\lpc_chip_43xx\Debug\liblpc_chip_43xx.a(clock_18xx_43xx.o)
Chip_Clock_GetDividerSource                       D:\Facultad\Quinto\TD III\ciaa-api\chip\lpc_chip_43xx\Debug\liblpc_chip_43xx.a(clock_18xx_43xx.o)
Chip_Clock_GetEMCRate                             D:\Facultad\Quinto\TD III\ciaa-api\chip\lpc_chip_43xx\Debug\liblpc_chip_43xx.a(clock_18xx_43xx.o)
Chip_Clock_GetMainPLLHz                           D:\Facultad\Quinto\TD III\ciaa-api\chip\lpc_chip_43xx\Debug\liblpc_chip_43xx.a(clock_18xx_43xx.o)
Chip_Clock_GetPLLStatus                           D:\Facultad\Quinto\TD III\ciaa-api\chip\lpc_chip_43xx\Debug\liblpc_chip_43xx.a(clock_18xx_43xx.o)
                                                  D:\Facultad\Quinto\TD III\ciaa-api\chip\lpc_chip_43xx\Debug\liblpc_chip_43xx.a(chip_18xx_43xx.o)
Chip_Clock_GetRate                                D:\Facultad\Quinto\TD III\ciaa-api\chip\lpc_chip_43xx\Debug\liblpc_chip_43xx.a(clock_18xx_43xx.o)
                                                  D:\Facultad\Quinto\TD III\ciaa-api\chip\lpc_chip_43xx\Debug\liblpc_chip_43xx.a(chip_18xx_43xx.o)
                                                  D:\Facultad\Quinto\TD III\ciaa-api\api\Debug\libciaa_api.a(ciaa_uart_api.o)
Chip_Clock_IsBaseClockEnabled                     D:\Facultad\Quinto\TD III\ciaa-api\chip\lpc_chip_43xx\Debug\liblpc_chip_43xx.a(clock_18xx_43xx.o)
Chip_Clock_RTCEnable                              D:\Facultad\Quinto\TD III\ciaa-api\chip\lpc_chip_43xx\Debug\liblpc_chip_43xx.a(clock_18xx_43xx.o)
Chip_Clock_SetBaseClock                           D:\Facultad\Quinto\TD III\ciaa-api\chip\lpc_chip_43xx\Debug\liblpc_chip_43xx.a(clock_18xx_43xx.o)
                                                  D:\Facultad\Quinto\TD III\ciaa-api\chip\lpc_chip_43xx\Debug\liblpc_chip_43xx.a(sysinit_18xx_43xx.o)
                                                  D:\Facultad\Quinto\TD III\ciaa-api\chip\lpc_chip_43xx\Debug\liblpc_chip_43xx.a(chip_18xx_43xx.o)
Chip_Clock_SetDivider                             D:\Facultad\Quinto\TD III\ciaa-api\chip\lpc_chip_43xx\Debug\liblpc_chip_43xx.a(clock_18xx_43xx.o)
                                                  D:\Facultad\Quinto\TD III\ciaa-api\chip\lpc_chip_43xx\Debug\liblpc_chip_43xx.a(chip_18xx_43xx.o)
Chip_Clock_SetupMainPLLHz                         D:\Facultad\Quinto\TD III\ciaa-api\chip\lpc_chip_43xx\Debug\liblpc_chip_43xx.a(clock_18xx_43xx.o)
Chip_Clock_SetupMainPLLMult                       D:\Facultad\Quinto\TD III\ciaa-api\chip\lpc_chip_43xx\Debug\liblpc_chip_43xx.a(clock_18xx_43xx.o)
Chip_Clock_SetupPLL                               D:\Facultad\Quinto\TD III\ciaa-api\chip\lpc_chip_43xx\Debug\liblpc_chip_43xx.a(clock_18xx_43xx.o)
                                                  D:\Facultad\Quinto\TD III\ciaa-api\chip\lpc_chip_43xx\Debug\liblpc_chip_43xx.a(chip_18xx_43xx.o)
Chip_Clock_StartPowerDown                         D:\Facultad\Quinto\TD III\ciaa-api\chip\lpc_chip_43xx\Debug\liblpc_chip_43xx.a(clock_18xx_43xx.o)
Chip_SetupCoreClock                               D:\Facultad\Quinto\TD III\ciaa-api\chip\lpc_chip_43xx\Debug\liblpc_chip_43xx.a(sysinit_18xx_43xx.o)
Chip_SetupIrcClocking                             D:\Facultad\Quinto\TD III\ciaa-api\chip\lpc_chip_43xx\Debug\liblpc_chip_43xx.a(sysinit_18xx_43xx.o)
Chip_SetupXtalClocking                            D:\Facultad\Quinto\TD III\ciaa-api\chip\lpc_chip_43xx\Debug\liblpc_chip_43xx.a(sysinit_18xx_43xx.o)
Chip_SystemInit                                   D:\Facultad\Quinto\TD III\ciaa-api\chip\lpc_chip_43xx\Debug\liblpc_chip_43xx.a(sysinit_18xx_43xx.o)
                                                  ./src/sysinit.o
Chip_USB0_Init                                    D:\Facultad\Quinto\TD III\ciaa-api\chip\lpc_chip_43xx\Debug\liblpc_chip_43xx.a(chip_18xx_43xx.o)
Chip_USB1_Init                                    D:\Facultad\Quinto\TD III\ciaa-api\chip\lpc_chip_43xx\Debug\liblpc_chip_43xx.a(chip_18xx_43xx.o)
DAC_IRQHandler                                    ./src/cr_startup_lpc43xx.o
DMA_IRQHandler                                    ./src/cr_startup_lpc43xx.o
DebugMon_Handler                                  ./src/cr_startup_lpc43xx.o
ETH_IRQHandler                                    ./src/cr_startup_lpc43xx.o
EVRT_IRQHandler                                   ./src/cr_startup_lpc43xx.o
ExtRateIn                                         ./src/sysinit.o
                                                  D:\Facultad\Quinto\TD III\ciaa-api\chip\lpc_chip_43xx\Debug\liblpc_chip_43xx.a(clock_18xx_43xx.o)
FLASH_EEPROM_IRQHandler                           ./src/cr_startup_lpc43xx.o
GINT0_IRQHandler                                  ./src/cr_startup_lpc43xx.o
GINT1_IRQHandler                                  ./src/cr_startup_lpc43xx.o
GPIO0                                             D:\Facultad\Quinto\TD III\ciaa-api\api\Debug\libciaa_api.a(ciaa_gpio_api.o)
GPIO0_IRQHandler                                  ./src/cr_startup_lpc43xx.o
GPIO1                                             D:\Facultad\Quinto\TD III\ciaa-api\api\Debug\libciaa_api.a(ciaa_gpio_api.o)
                                                  D:\Facultad\Quinto\TD III\ciaa-api\api\Debug\libciaa_api.a(ciaa_uart_api.o)
GPIO1_IRQHandler                                  ./src/cr_startup_lpc43xx.o
GPIO2                                             D:\Facultad\Quinto\TD III\ciaa-api\api\Debug\libciaa_api.a(ciaa_gpio_api.o)
                                                  D:\Facultad\Quinto\TD III\ciaa-api\api\Debug\libciaa_api.a(ciaa_uart_api.o)
GPIO2_IRQHandler                                  ./src/cr_startup_lpc43xx.o
GPIO3                                             D:\Facultad\Quinto\TD III\ciaa-api\api\Debug\libciaa_api.a(ciaa_gpio_api.o)
GPIO3_IRQHandler                                  ./src/cr_startup_lpc43xx.o
GPIO4                                             D:\Facultad\Quinto\TD III\ciaa-api\api\Debug\libciaa_api.a(ciaa_gpio_api.o)
GPIO4_IRQHandler                                  ./src/cr_startup_lpc43xx.o
GPIO5                                             D:\Facultad\Quinto\TD III\ciaa-api\api\Debug\libciaa_api.a(ciaa_gpio_api.o)
GPIO5_IRQHandler                                  ./src/cr_startup_lpc43xx.o
GPIO6                                             D:\Facultad\Quinto\TD III\ciaa-api\api\Debug\libciaa_api.a(ciaa_gpio_api.o)
GPIO6_IRQHandler                                  ./src/cr_startup_lpc43xx.o
GPIO7                                             D:\Facultad\Quinto\TD III\ciaa-api\api\Debug\libciaa_api.a(ciaa_gpio_api.o)
GPIO7_IRQHandler                                  ./src/cr_startup_lpc43xx.o
GPIO8                                             D:\Facultad\Quinto\TD III\ciaa-api\api\Debug\libciaa_api.a(ciaa_gpio_api.o)
HardFault_Handler                                 ./src/cr_startup_lpc43xx.o
I2C0_IRQHandler                                   ./src/cr_startup_lpc43xx.o
I2C1_IRQHandler                                   ./src/cr_startup_lpc43xx.o
I2S0_IRQHandler                                   ./src/cr_startup_lpc43xx.o
I2S1_IRQHandler                                   ./src/cr_startup_lpc43xx.o
IntDefaultHandler                                 ./src/cr_startup_lpc43xx.o
LCD1                                              D:\Facultad\Quinto\TD III\ciaa-api\api\Debug\libciaa_api.a(ciaa_gpio_api.o)
LCD2                                              D:\Facultad\Quinto\TD III\ciaa-api\api\Debug\libciaa_api.a(ciaa_gpio_api.o)
LCD3                                              D:\Facultad\Quinto\TD III\ciaa-api\api\Debug\libciaa_api.a(ciaa_gpio_api.o)
LCD4                                              D:\Facultad\Quinto\TD III\ciaa-api\api\Debug\libciaa_api.a(ciaa_gpio_api.o)
LCD_EN                                            D:\Facultad\Quinto\TD III\ciaa-api\api\Debug\libciaa_api.a(ciaa_gpio_api.o)
LCD_IRQHandler                                    ./src/cr_startup_lpc43xx.o
LCD_RS                                            D:\Facultad\Quinto\TD III\ciaa-api\api\Debug\libciaa_api.a(ciaa_gpio_api.o)
LED1                                              D:\Facultad\Quinto\TD III\ciaa-api\api\Debug\libciaa_api.a(ciaa_gpio_api.o)
LED2                                              D:\Facultad\Quinto\TD III\ciaa-api\api\Debug\libciaa_api.a(ciaa_gpio_api.o)
LED3                                              D:\Facultad\Quinto\TD III\ciaa-api\api\Debug\libciaa_api.a(ciaa_gpio_api.o)
LEDB                                              D:\Facultad\Quinto\TD III\ciaa-api\api\Debug\libciaa_api.a(ciaa_gpio_api.o)
LEDG                                              D:\Facultad\Quinto\TD III\ciaa-api\api\Debug\libciaa_api.a(ciaa_gpio_api.o)
LEDR                                              D:\Facultad\Quinto\TD III\ciaa-api\api\Debug\libciaa_api.a(ciaa_gpio_api.o)
M0APP_IRQHandler                                  ./src/cr_startup_lpc43xx.o
M0SUB_IRQHandler                                  ./src/cr_startup_lpc43xx.o
MCPWM_IRQHandler                                  ./src/cr_startup_lpc43xx.o
MDC                                               D:\Facultad\Quinto\TD III\ciaa-api\api\Debug\libciaa_api.a(ciaa_gpio_api.o)
MDIO                                              D:\Facultad\Quinto\TD III\ciaa-api\api\Debug\libciaa_api.a(ciaa_gpio_api.o)
MemManage_Handler                                 ./src/cr_startup_lpc43xx.o
NMI_Handler                                       ./src/cr_startup_lpc43xx.o
OscRateIn                                         ./src/sysinit.o
                                                  D:\Facultad\Quinto\TD III\ciaa-api\chip\lpc_chip_43xx\Debug\liblpc_chip_43xx.a(clock_18xx_43xx.o)
P0_0                                              D:\Facultad\Quinto\TD III\ciaa-api\api\Debug\libciaa_api.a(ciaa_scu_api.o)
                                                  D:\Facultad\Quinto\TD III\ciaa-api\api\Debug\libciaa_api.a(ciaa_gpio_api.o)
P0_1                                              D:\Facultad\Quinto\TD III\ciaa-api\api\Debug\libciaa_api.a(ciaa_scu_api.o)
                                                  D:\Facultad\Quinto\TD III\ciaa-api\api\Debug\libciaa_api.a(ciaa_gpio_api.o)
P1_0                                              D:\Facultad\Quinto\TD III\ciaa-api\api\Debug\libciaa_api.a(ciaa_scu_api.o)
                                                  D:\Facultad\Quinto\TD III\ciaa-api\api\Debug\libciaa_api.a(ciaa_gpio_api.o)
P1_1                                              D:\Facultad\Quinto\TD III\ciaa-api\api\Debug\libciaa_api.a(ciaa_scu_api.o)
                                                  D:\Facultad\Quinto\TD III\ciaa-api\api\Debug\libciaa_api.a(ciaa_gpio_api.o)
P1_15                                             D:\Facultad\Quinto\TD III\ciaa-api\api\Debug\libciaa_api.a(ciaa_scu_api.o)
                                                  D:\Facultad\Quinto\TD III\ciaa-api\api\Debug\libciaa_api.a(ciaa_gpio_api.o)
P1_16                                             D:\Facultad\Quinto\TD III\ciaa-api\api\Debug\libciaa_api.a(ciaa_scu_api.o)
                                                  D:\Facultad\Quinto\TD III\ciaa-api\api\Debug\libciaa_api.a(ciaa_gpio_api.o)
P1_17                                             D:\Facultad\Quinto\TD III\ciaa-api\api\Debug\libciaa_api.a(ciaa_scu_api.o)
                                                  D:\Facultad\Quinto\TD III\ciaa-api\api\Debug\libciaa_api.a(ciaa_gpio_api.o)
P1_18                                             D:\Facultad\Quinto\TD III\ciaa-api\api\Debug\libciaa_api.a(ciaa_scu_api.o)
                                                  D:\Facultad\Quinto\TD III\ciaa-api\api\Debug\libciaa_api.a(ciaa_gpio_api.o)
P1_19                                             D:\Facultad\Quinto\TD III\ciaa-api\api\Debug\libciaa_api.a(ciaa_scu_api.o)
P1_2                                              D:\Facultad\Quinto\TD III\ciaa-api\api\Debug\libciaa_api.a(ciaa_scu_api.o)
                                                  D:\Facultad\Quinto\TD III\ciaa-api\api\Debug\libciaa_api.a(ciaa_gpio_api.o)
P1_20                                             D:\Facultad\Quinto\TD III\ciaa-api\api\Debug\libciaa_api.a(ciaa_scu_api.o)
                                                  D:\Facultad\Quinto\TD III\ciaa-api\api\Debug\libciaa_api.a(ciaa_gpio_api.o)
P1_3                                              D:\Facultad\Quinto\TD III\ciaa-api\api\Debug\libciaa_api.a(ciaa_scu_api.o)
                                                  D:\Facultad\Quinto\TD III\ciaa-api\api\Debug\libciaa_api.a(ciaa_gpio_api.o)
P1_4                                              D:\Facultad\Quinto\TD III\ciaa-api\api\Debug\libciaa_api.a(ciaa_scu_api.o)
                                                  D:\Facultad\Quinto\TD III\ciaa-api\api\Debug\libciaa_api.a(ciaa_gpio_api.o)
P1_5                                              D:\Facultad\Quinto\TD III\ciaa-api\api\Debug\libciaa_api.a(ciaa_scu_api.o)
                                                  D:\Facultad\Quinto\TD III\ciaa-api\api\Debug\libciaa_api.a(ciaa_gpio_api.o)
P1_6                                              D:\Facultad\Quinto\TD III\ciaa-api\api\Debug\libciaa_api.a(ciaa_scu_api.o)
                                                  D:\Facultad\Quinto\TD III\ciaa-api\api\Debug\libciaa_api.a(ciaa_gpio_api.o)
P2_0                                              D:\Facultad\Quinto\TD III\ciaa-api\api\Debug\libciaa_api.a(ciaa_scu_api.o)
                                                  D:\Facultad\Quinto\TD III\ciaa-api\api\Debug\libciaa_api.a(ciaa_gpio_api.o)
P2_1                                              D:\Facultad\Quinto\TD III\ciaa-api\api\Debug\libciaa_api.a(ciaa_scu_api.o)
                                                  D:\Facultad\Quinto\TD III\ciaa-api\api\Debug\libciaa_api.a(ciaa_gpio_api.o)
P2_10                                             D:\Facultad\Quinto\TD III\ciaa-api\api\Debug\libciaa_api.a(ciaa_scu_api.o)
                                                  D:\Facultad\Quinto\TD III\ciaa-api\api\Debug\libciaa_api.a(ciaa_gpio_api.o)
P2_11                                             D:\Facultad\Quinto\TD III\ciaa-api\api\Debug\libciaa_api.a(ciaa_scu_api.o)
                                                  D:\Facultad\Quinto\TD III\ciaa-api\api\Debug\libciaa_api.a(ciaa_gpio_api.o)
P2_12                                             D:\Facultad\Quinto\TD III\ciaa-api\api\Debug\libciaa_api.a(ciaa_scu_api.o)
                                                  D:\Facultad\Quinto\TD III\ciaa-api\api\Debug\libciaa_api.a(ciaa_gpio_api.o)
P2_2                                              D:\Facultad\Quinto\TD III\ciaa-api\api\Debug\libciaa_api.a(ciaa_scu_api.o)
                                                  D:\Facultad\Quinto\TD III\ciaa-api\api\Debug\libciaa_api.a(ciaa_gpio_api.o)
P2_3                                              D:\Facultad\Quinto\TD III\ciaa-api\api\Debug\libciaa_api.a(ciaa_scu_api.o)
                                                  D:\Facultad\Quinto\TD III\ciaa-api\api\Debug\libciaa_api.a(ciaa_gpio_api.o)
P2_4                                              D:\Facultad\Quinto\TD III\ciaa-api\api\Debug\libciaa_api.a(ciaa_scu_api.o)
                                                  D:\Facultad\Quinto\TD III\ciaa-api\api\Debug\libciaa_api.a(ciaa_gpio_api.o)
P3_1                                              D:\Facultad\Quinto\TD III\ciaa-api\api\Debug\libciaa_api.a(ciaa_scu_api.o)
                                                  D:\Facultad\Quinto\TD III\ciaa-api\api\Debug\libciaa_api.a(ciaa_gpio_api.o)
P3_2                                              D:\Facultad\Quinto\TD III\ciaa-api\api\Debug\libciaa_api.a(ciaa_scu_api.o)
                                                  D:\Facultad\Quinto\TD III\ciaa-api\api\Debug\libciaa_api.a(ciaa_gpio_api.o)
P4_0                                              D:\Facultad\Quinto\TD III\ciaa-api\api\Debug\libciaa_api.a(ciaa_scu_api.o)
                                                  D:\Facultad\Quinto\TD III\ciaa-api\api\Debug\libciaa_api.a(ciaa_gpio_api.o)
P4_1                                              D:\Facultad\Quinto\TD III\ciaa-api\api\Debug\libciaa_api.a(ciaa_scu_api.o)
                                                  D:\Facultad\Quinto\TD III\ciaa-api\api\Debug\libciaa_api.a(ciaa_gpio_api.o)
P4_10                                             D:\Facultad\Quinto\TD III\ciaa-api\api\Debug\libciaa_api.a(ciaa_scu_api.o)
                                                  D:\Facultad\Quinto\TD III\ciaa-api\api\Debug\libciaa_api.a(ciaa_gpio_api.o)
P4_2                                              D:\Facultad\Quinto\TD III\ciaa-api\api\Debug\libciaa_api.a(ciaa_scu_api.o)
                                                  D:\Facultad\Quinto\TD III\ciaa-api\api\Debug\libciaa_api.a(ciaa_gpio_api.o)
P4_3                                              D:\Facultad\Quinto\TD III\ciaa-api\api\Debug\libciaa_api.a(ciaa_scu_api.o)
                                                  D:\Facultad\Quinto\TD III\ciaa-api\api\Debug\libciaa_api.a(ciaa_gpio_api.o)
P4_4                                              D:\Facultad\Quinto\TD III\ciaa-api\api\Debug\libciaa_api.a(ciaa_scu_api.o)
                                                  D:\Facultad\Quinto\TD III\ciaa-api\api\Debug\libciaa_api.a(ciaa_gpio_api.o)
P4_5                                              D:\Facultad\Quinto\TD III\ciaa-api\api\Debug\libciaa_api.a(ciaa_scu_api.o)
                                                  D:\Facultad\Quinto\TD III\ciaa-api\api\Debug\libciaa_api.a(ciaa_gpio_api.o)
P4_6                                              D:\Facultad\Quinto\TD III\ciaa-api\api\Debug\libciaa_api.a(ciaa_scu_api.o)
                                                  D:\Facultad\Quinto\TD III\ciaa-api\api\Debug\libciaa_api.a(ciaa_gpio_api.o)
P4_8                                              D:\Facultad\Quinto\TD III\ciaa-api\api\Debug\libciaa_api.a(ciaa_scu_api.o)
                                                  D:\Facultad\Quinto\TD III\ciaa-api\api\Debug\libciaa_api.a(ciaa_gpio_api.o)
P4_9                                              D:\Facultad\Quinto\TD III\ciaa-api\api\Debug\libciaa_api.a(ciaa_scu_api.o)
                                                  D:\Facultad\Quinto\TD III\ciaa-api\api\Debug\libciaa_api.a(ciaa_gpio_api.o)
P6_1                                              D:\Facultad\Quinto\TD III\ciaa-api\api\Debug\libciaa_api.a(ciaa_scu_api.o)
                                                  D:\Facultad\Quinto\TD III\ciaa-api\api\Debug\libciaa_api.a(ciaa_gpio_api.o)
P6_10                                             D:\Facultad\Quinto\TD III\ciaa-api\api\Debug\libciaa_api.a(ciaa_scu_api.o)
                                                  D:\Facultad\Quinto\TD III\ciaa-api\api\Debug\libciaa_api.a(ciaa_gpio_api.o)
P6_11                                             D:\Facultad\Quinto\TD III\ciaa-api\api\Debug\libciaa_api.a(ciaa_scu_api.o)
                                                  D:\Facultad\Quinto\TD III\ciaa-api\api\Debug\libciaa_api.a(ciaa_gpio_api.o)
P6_12                                             D:\Facultad\Quinto\TD III\ciaa-api\api\Debug\libciaa_api.a(ciaa_scu_api.o)
                                                  D:\Facultad\Quinto\TD III\ciaa-api\api\Debug\libciaa_api.a(ciaa_gpio_api.o)
P6_2                                              D:\Facultad\Quinto\TD III\ciaa-api\api\Debug\libciaa_api.a(ciaa_scu_api.o)
                                                  D:\Facultad\Quinto\TD III\ciaa-api\api\Debug\libciaa_api.a(ciaa_gpio_api.o)
P6_3                                              D:\Facultad\Quinto\TD III\ciaa-api\api\Debug\libciaa_api.a(ciaa_scu_api.o)
P6_4                                              D:\Facultad\Quinto\TD III\ciaa-api\api\Debug\libciaa_api.a(ciaa_scu_api.o)
                                                  D:\Facultad\Quinto\TD III\ciaa-api\api\Debug\libciaa_api.a(ciaa_gpio_api.o)
P6_5                                              D:\Facultad\Quinto\TD III\ciaa-api\api\Debug\libciaa_api.a(ciaa_scu_api.o)
                                                  D:\Facultad\Quinto\TD III\ciaa-api\api\Debug\libciaa_api.a(ciaa_gpio_api.o)
P6_6                                              D:\Facultad\Quinto\TD III\ciaa-api\api\Debug\libciaa_api.a(ciaa_scu_api.o)
P6_7                                              D:\Facultad\Quinto\TD III\ciaa-api\api\Debug\libciaa_api.a(ciaa_scu_api.o)
                                                  D:\Facultad\Quinto\TD III\ciaa-api\api\Debug\libciaa_api.a(ciaa_gpio_api.o)
P6_8                                              D:\Facultad\Quinto\TD III\ciaa-api\api\Debug\libciaa_api.a(ciaa_scu_api.o)
                                                  D:\Facultad\Quinto\TD III\ciaa-api\api\Debug\libciaa_api.a(ciaa_gpio_api.o)
P6_9                                              D:\Facultad\Quinto\TD III\ciaa-api\api\Debug\libciaa_api.a(ciaa_scu_api.o)
                                                  D:\Facultad\Quinto\TD III\ciaa-api\api\Debug\libciaa_api.a(ciaa_gpio_api.o)
P7_4                                              D:\Facultad\Quinto\TD III\ciaa-api\api\Debug\libciaa_api.a(ciaa_scu_api.o)
                                                  D:\Facultad\Quinto\TD III\ciaa-api\api\Debug\libciaa_api.a(ciaa_gpio_api.o)
P7_5                                              D:\Facultad\Quinto\TD III\ciaa-api\api\Debug\libciaa_api.a(ciaa_scu_api.o)
                                                  D:\Facultad\Quinto\TD III\ciaa-api\api\Debug\libciaa_api.a(ciaa_gpio_api.o)
P7_7                                              D:\Facultad\Quinto\TD III\ciaa-api\api\Debug\libciaa_api.a(ciaa_scu_api.o)
                                                  D:\Facultad\Quinto\TD III\ciaa-api\api\Debug\libciaa_api.a(ciaa_gpio_api.o)
P9_5                                              D:\Facultad\Quinto\TD III\ciaa-api\api\Debug\libciaa_api.a(ciaa_scu_api.o)
                                                  D:\Facultad\Quinto\TD III\ciaa-api\api\Debug\libciaa_api.a(ciaa_gpio_api.o)
P9_6                                              D:\Facultad\Quinto\TD III\ciaa-api\api\Debug\libciaa_api.a(ciaa_scu_api.o)
                                                  D:\Facultad\Quinto\TD III\ciaa-api\api\Debug\libciaa_api.a(ciaa_gpio_api.o)
PF_4                                              D:\Facultad\Quinto\TD III\ciaa-api\api\Debug\libciaa_api.a(ciaa_scu_api.o)
PendSV_Handler                                    ./src/cr_startup_lpc43xx.o
QEI_IRQHandler                                    ./src/cr_startup_lpc43xx.o
RIT_IRQHandler                                    ./src/cr_startup_lpc43xx.o
RS232_RXD                                         D:\Facultad\Quinto\TD III\ciaa-api\api\Debug\libciaa_api.a(ciaa_gpio_api.o)
RS232_TXD                                         D:\Facultad\Quinto\TD III\ciaa-api\api\Debug\libciaa_api.a(ciaa_gpio_api.o)
RS485_DIR                                         D:\Facultad\Quinto\TD III\ciaa-api\api\Debug\libciaa_api.a(ciaa_gpio_api.o)
RS485_RXD                                         D:\Facultad\Quinto\TD III\ciaa-api\api\Debug\libciaa_api.a(ciaa_gpio_api.o)
                                                  D:\Facultad\Quinto\TD III\ciaa-api\api\Debug\libciaa_api.a(ciaa_uart_api.o)
RS485_TXD                                         D:\Facultad\Quinto\TD III\ciaa-api\api\Debug\libciaa_api.a(ciaa_gpio_api.o)
                                                  D:\Facultad\Quinto\TD III\ciaa-api\api\Debug\libciaa_api.a(ciaa_uart_api.o)
RTC_IRQHandler                                    ./src/cr_startup_lpc43xx.o
RXD0                                              D:\Facultad\Quinto\TD III\ciaa-api\api\Debug\libciaa_api.a(ciaa_gpio_api.o)
                                                  D:\Facultad\Quinto\TD III\ciaa-api\api\Debug\libciaa_api.a(ciaa_uart_api.o)
RXD1                                              D:\Facultad\Quinto\TD III\ciaa-api\api\Debug\libciaa_api.a(ciaa_gpio_api.o)
ResetISR                                          ./src/cr_startup_lpc43xx.o
SCT_IRQHandler                                    ./src/cr_startup_lpc43xx.o
SDIO_IRQHandler                                   ./src/cr_startup_lpc43xx.o
SGPIO_IRQHandler                                  ./src/cr_startup_lpc43xx.o
SPIFI_IRQHandler                                  ./src/cr_startup_lpc43xx.o
SPI_IRQHandler                                    ./src/cr_startup_lpc43xx.o
SPI_MISO                                          D:\Facultad\Quinto\TD III\ciaa-api\api\Debug\libciaa_api.a(ciaa_gpio_api.o)
SPI_MOSI                                          D:\Facultad\Quinto\TD III\ciaa-api\api\Debug\libciaa_api.a(ciaa_gpio_api.o)
SSP0_IRQHandler                                   ./src/cr_startup_lpc43xx.o
SSP1_IRQHandler                                   ./src/cr_startup_lpc43xx.o
SVC_Handler                                       ./src/cr_startup_lpc43xx.o
SysTick_Handler                                   ./src/cr_startup_lpc43xx.o
SystemCoreClock                                   D:\Facultad\Quinto\TD III\ciaa-api\chip\lpc_chip_43xx\Debug\liblpc_chip_43xx.a(chip_18xx_43xx.o)
SystemCoreClockUpdate                             D:\Facultad\Quinto\TD III\ciaa-api\chip\lpc_chip_43xx\Debug\liblpc_chip_43xx.a(chip_18xx_43xx.o)
                                                  ./src/uart_rx_irq.o
SystemInit                                        ./src/sysinit.o
                                                  ./src/cr_startup_lpc43xx.o
TCOL0                                             D:\Facultad\Quinto\TD III\ciaa-api\api\Debug\libciaa_api.a(ciaa_gpio_api.o)
TCOL1                                             D:\Facultad\Quinto\TD III\ciaa-api\api\Debug\libciaa_api.a(ciaa_gpio_api.o)
TCOL2                                             D:\Facultad\Quinto\TD III\ciaa-api\api\Debug\libciaa_api.a(ciaa_gpio_api.o)
TEC1                                              D:\Facultad\Quinto\TD III\ciaa-api\api\Debug\libciaa_api.a(ciaa_gpio_api.o)
TEC2                                              D:\Facultad\Quinto\TD III\ciaa-api\api\Debug\libciaa_api.a(ciaa_gpio_api.o)
TEC3                                              D:\Facultad\Quinto\TD III\ciaa-api\api\Debug\libciaa_api.a(ciaa_gpio_api.o)
TEC4                                              D:\Facultad\Quinto\TD III\ciaa-api\api\Debug\libciaa_api.a(ciaa_gpio_api.o)
TFIL0                                             D:\Facultad\Quinto\TD III\ciaa-api\api\Debug\libciaa_api.a(ciaa_gpio_api.o)
TFIL1                                             D:\Facultad\Quinto\TD III\ciaa-api\api\Debug\libciaa_api.a(ciaa_gpio_api.o)
TFIL2                                             D:\Facultad\Quinto\TD III\ciaa-api\api\Debug\libciaa_api.a(ciaa_gpio_api.o)
TFIL3                                             D:\Facultad\Quinto\TD III\ciaa-api\api\Debug\libciaa_api.a(ciaa_gpio_api.o)
TIMER0_IRQHandler                                 ./src/cr_startup_lpc43xx.o
TIMER1_IRQHandler                                 ./src/cr_startup_lpc43xx.o
TIMER2_IRQHandler                                 ./src/cr_startup_lpc43xx.o
TIMER3_IRQHandler                                 ./src/cr_startup_lpc43xx.o
TXD0                                              D:\Facultad\Quinto\TD III\ciaa-api\api\Debug\libciaa_api.a(ciaa_gpio_api.o)
TXD1                                              D:\Facultad\Quinto\TD III\ciaa-api\api\Debug\libciaa_api.a(ciaa_gpio_api.o)
TX_EN                                             D:\Facultad\Quinto\TD III\ciaa-api\api\Debug\libciaa_api.a(ciaa_gpio_api.o)
UART0_IRQHandler                                  D:\Facultad\Quinto\TD III\ciaa-api\api\Debug\libciaa_api.a(ciaa_uart_api.o)
                                                  ./src/cr_startup_lpc43xx.o
UART1_IRQHandler                                  D:\Facultad\Quinto\TD III\ciaa-api\api\Debug\libciaa_api.a(ciaa_uart_api.o)
                                                  ./src/cr_startup_lpc43xx.o
UART2_IRQHandler                                  D:\Facultad\Quinto\TD III\ciaa-api\api\Debug\libciaa_api.a(ciaa_uart_api.o)
                                                  ./src/cr_startup_lpc43xx.o
UART3_IRQHandler                                  D:\Facultad\Quinto\TD III\ciaa-api\api\Debug\libciaa_api.a(ciaa_uart_api.o)
                                                  ./src/cr_startup_lpc43xx.o
UART_DEFAULT_CONFIGS                              D:\Facultad\Quinto\TD III\ciaa-api\api\Debug\libciaa_api.a(ciaa_uart_api.o)
USB0_IRQHandler                                   ./src/cr_startup_lpc43xx.o
USB1_IRQHandler                                   ./src/cr_startup_lpc43xx.o
UsageFault_Handler                                ./src/cr_startup_lpc43xx.o
WDT_IRQHandler                                    ./src/cr_startup_lpc43xx.o
__aeabi_lowlevel_memset                           c:/nxp/mcuxpressoide_11.3.1_5262/ide/plugins/com.nxp.mcuxpresso.tools.win32_11.3.0.202008311133/tools/bin/../lib/gcc/arm-none-eabi/9.3.1/thumb/v7e-m+fp/softfp\libcr_eabihelpers.a(memcpy.o)
                                                  c:/nxp/mcuxpressoide_11.3.1_5262/ide/plugins/com.nxp.mcuxpresso.tools.win32_11.3.0.202008311133/tools/bin/../lib/gcc/arm-none-eabi/9.3.1/../../../../arm-none-eabi/lib/thumb/v7e-m+fp/softfp\libcr_c.a(memset.o)
__aeabi_memclr                                    c:/nxp/mcuxpressoide_11.3.1_5262/ide/plugins/com.nxp.mcuxpresso.tools.win32_11.3.0.202008311133/tools/bin/../lib/gcc/arm-none-eabi/9.3.1/thumb/v7e-m+fp/softfp\libcr_eabihelpers.a(memcpy.o)
__aeabi_memclr4                                   c:/nxp/mcuxpressoide_11.3.1_5262/ide/plugins/com.nxp.mcuxpresso.tools.win32_11.3.0.202008311133/tools/bin/../lib/gcc/arm-none-eabi/9.3.1/thumb/v7e-m+fp/softfp\libcr_eabihelpers.a(memcpy.o)
__aeabi_memclr8                                   c:/nxp/mcuxpressoide_11.3.1_5262/ide/plugins/com.nxp.mcuxpresso.tools.win32_11.3.0.202008311133/tools/bin/../lib/gcc/arm-none-eabi/9.3.1/thumb/v7e-m+fp/softfp\libcr_eabihelpers.a(memcpy.o)
__aeabi_memcpy                                    c:/nxp/mcuxpressoide_11.3.1_5262/ide/plugins/com.nxp.mcuxpresso.tools.win32_11.3.0.202008311133/tools/bin/../lib/gcc/arm-none-eabi/9.3.1/thumb/v7e-m+fp/softfp\libcr_eabihelpers.a(memcpy.o)
__aeabi_memcpy4                                   c:/nxp/mcuxpressoide_11.3.1_5262/ide/plugins/com.nxp.mcuxpresso.tools.win32_11.3.0.202008311133/tools/bin/../lib/gcc/arm-none-eabi/9.3.1/thumb/v7e-m+fp/softfp\libcr_eabihelpers.a(memcpy.o)
__aeabi_memcpy8                                   c:/nxp/mcuxpressoide_11.3.1_5262/ide/plugins/com.nxp.mcuxpresso.tools.win32_11.3.0.202008311133/tools/bin/../lib/gcc/arm-none-eabi/9.3.1/thumb/v7e-m+fp/softfp\libcr_eabihelpers.a(memcpy.o)
__aeabi_memmove                                   c:/nxp/mcuxpressoide_11.3.1_5262/ide/plugins/com.nxp.mcuxpresso.tools.win32_11.3.0.202008311133/tools/bin/../lib/gcc/arm-none-eabi/9.3.1/thumb/v7e-m+fp/softfp\libcr_eabihelpers.a(memcpy.o)
__aeabi_memmove4                                  c:/nxp/mcuxpressoide_11.3.1_5262/ide/plugins/com.nxp.mcuxpresso.tools.win32_11.3.0.202008311133/tools/bin/../lib/gcc/arm-none-eabi/9.3.1/thumb/v7e-m+fp/softfp\libcr_eabihelpers.a(memcpy.o)
__aeabi_memmove8                                  c:/nxp/mcuxpressoide_11.3.1_5262/ide/plugins/com.nxp.mcuxpresso.tools.win32_11.3.0.202008311133/tools/bin/../lib/gcc/arm-none-eabi/9.3.1/thumb/v7e-m+fp/softfp\libcr_eabihelpers.a(memcpy.o)
__aeabi_memset                                    c:/nxp/mcuxpressoide_11.3.1_5262/ide/plugins/com.nxp.mcuxpresso.tools.win32_11.3.0.202008311133/tools/bin/../lib/gcc/arm-none-eabi/9.3.1/thumb/v7e-m+fp/softfp\libcr_eabihelpers.a(memcpy.o)
__aeabi_memset4                                   c:/nxp/mcuxpressoide_11.3.1_5262/ide/plugins/com.nxp.mcuxpresso.tools.win32_11.3.0.202008311133/tools/bin/../lib/gcc/arm-none-eabi/9.3.1/thumb/v7e-m+fp/softfp\libcr_eabihelpers.a(memcpy.o)
__aeabi_memset8                                   c:/nxp/mcuxpressoide_11.3.1_5262/ide/plugins/com.nxp.mcuxpresso.tools.win32_11.3.0.202008311133/tools/bin/../lib/gcc/arm-none-eabi/9.3.1/thumb/v7e-m+fp/softfp\libcr_eabihelpers.a(memcpy.o)
__bss_section_table_end                           ./src/cr_startup_lpc43xx.o
__data_section_table                              ./src/cr_startup_lpc43xx.o
__data_section_table_end                          ./src/cr_startup_lpc43xx.o
__main                                            c:/nxp/mcuxpressoide_11.3.1_5262/ide/plugins/com.nxp.mcuxpresso.tools.win32_11.3.0.202008311133/tools/bin/../lib/gcc/arm-none-eabi/9.3.1/../../../../arm-none-eabi/lib/thumb/v7e-m+fp/softfp\libcr_c.a(__weak__main.o)
                                                  ./src/cr_startup_lpc43xx.o
__valid_user_code_checksum                        ./src/cr_startup_lpc43xx.o
__weak_main                                       c:/nxp/mcuxpressoide_11.3.1_5262/ide/plugins/com.nxp.mcuxpresso.tools.win32_11.3.0.202008311133/tools/bin/../lib/gcc/arm-none-eabi/9.3.1/../../../../arm-none-eabi/lib/thumb/v7e-m+fp/softfp\libcr_c.a(__weak__main.o)
_vStackTop                                        ./src/cr_startup_lpc43xx.o
bss_init                                          ./src/cr_startup_lpc43xx.o
data_init                                         ./src/cr_startup_lpc43xx.o
fpuInit                                           D:\Facultad\Quinto\TD III\ciaa-api\chip\lpc_chip_43xx\Debug\liblpc_chip_43xx.a(fpu_init.o)
                                                  ./src/sysinit.o
g_pfnVectors                                      ./src/cr_startup_lpc43xx.o
                                                  ./src/sysinit.o
main                                              ./src/uart_rx_irq.o
                                                  c:/nxp/mcuxpressoide_11.3.1_5262/ide/plugins/com.nxp.mcuxpresso.tools.win32_11.3.0.202008311133/tools/bin/../lib/gcc/arm-none-eabi/9.3.1/../../../../arm-none-eabi/lib/thumb/v7e-m+fp/softfp\libcr_c.a(__weak__main.o)
memset                                            c:/nxp/mcuxpressoide_11.3.1_5262/ide/plugins/com.nxp.mcuxpresso.tools.win32_11.3.0.202008311133/tools/bin/../lib/gcc/arm-none-eabi/9.3.1/../../../../arm-none-eabi/lib/thumb/v7e-m+fp/softfp\libcr_c.a(memset.o)
                                                  D:\Facultad\Quinto\TD III\ciaa-api\chip\lpc_chip_43xx\Debug\liblpc_chip_43xx.a(clock_18xx_43xx.o)
rx                                                ./src/uart_rx_irq.o
uart_config_init                                  D:\Facultad\Quinto\TD III\ciaa-api\api\Debug\libciaa_api.a(ciaa_uart_api.o)
uart_gets                                         D:\Facultad\Quinto\TD III\ciaa-api\api\Debug\libciaa_api.a(ciaa_uart_api.o)
uart_handlers                                     D:\Facultad\Quinto\TD III\ciaa-api\api\Debug\libciaa_api.a(ciaa_uart_api.o)
                                                  ./src/uart_rx_irq.o
uart_init                                         D:\Facultad\Quinto\TD III\ciaa-api\api\Debug\libciaa_api.a(ciaa_uart_api.o)
                                                  ./src/uart_rx_irq.o
uart_puts                                         D:\Facultad\Quinto\TD III\ciaa-api\api\Debug\libciaa_api.a(ciaa_uart_api.o)
uart_set_baud_rate                                D:\Facultad\Quinto\TD III\ciaa-api\api\Debug\libciaa_api.a(ciaa_uart_api.o)
